******************************************************************************
             TMS320C2000 Linker Unix v22.6.0                   
******************************************************************************
>> Linked Thu Sep 21 22:04:54 2023

OUTPUT FILE NAME:   <proj_lab01.out>
ENTRY POINT SYMBOL: "_c_int00"  address: 0000a585


MEMORY CONFIGURATION

         name            origin    length      used     unused   attr    fill
----------------------  --------  ---------  --------  --------  ----  --------
PAGE 0:
  BEGIN                 00000000   00000002  00000000  00000002  RWIX
  RAMM0                 00000050   000003b0  000000fa  000002b6  RWIX
  RAML0_L8              00008000   0000b800  00002b61  00008c9f  RWIX
  FPUTABLES             003fd590   000006a0  00000000  000006a0  RWIX
  IQTABLES              003fdc30   00000b50  00000000  00000b50  RWIX
  IQTABLES2             003fe780   0000008c  00000000  0000008c  RWIX
  IQTABLES3             003fe80c   000000aa  00000000  000000aa  RWIX
  BOOTROM               003ff3b0   00000c10  00000000  00000c10  RWIX
  RESET                 003fffc0   00000002  00000000  00000002  RWIX

PAGE 1:
  BOOT_RSVD             00000002   0000004e  00000000  0000004e  RWIX
  RAMM1                 00000400   00000400  000003b0  00000050  RWIX
  USB_RAM               00040000   00000800  00000000  00000800  RWIX


SECTION ALLOCATION MAP

 output                                  attributes/
section   page    origin      length       input sections
--------  ----  ----------  ----------   ----------------
.cinit     0    00000050    000000c4     
                  00000050    000000a2     proj_lab01.obj (.cinit)
                  000000f2    0000000e     rts2800_ml.lib : exit.c.obj (.cinit)
                  00000100    00000005                    : _lock.c.obj (.cinit:__lock)
                  00000105    00000005                    : _lock.c.obj (.cinit:__unlock)
                  0000010a    00000004     drv8301.obj (.cinit)
                  0000010e    00000004     rts2800_ml.lib : errno.c.obj (.cinit)
                  00000112    00000002     --HOLE-- [fill = 0]

ramfuncs   0    00000114    00000036     
                  00000114    00000032     flash.obj (ramfuncs)
                  00000146    00000004     usDelay.obj (ramfuncs)

.text      0    00008000    000028ad     
                  00008000    00000ac9     hal.obj (.text)
                  00008ac9    0000042c     user.obj (.text)
                  00008ef5    0000041e     rts2800_ml.lib : e_powf.c.obj (.text)
                  00009313    000002f7     pwm.obj (.text)
                  0000960a    000002d1     drv8301.obj (.text)
                  000098db    000001ed     adc.obj (.text)
                  00009ac8    0000018a     clk.obj (.text)
                  00009c52    00000187     rts2800_ml.lib : e_logf.c.obj (.text)
                  00009dd9    0000017f     gpio.obj (.text)
                  00009f58    00000101     pie.obj (.text)
                  0000a059    000000b0     proj_lab01.obj (.text:retain)
                  0000a109    000000a9     spi.obj (.text)
                  0000a1b2    00000083     rts2800_ml.lib : fd_mpy28.asm.obj (.text)
                  0000a235    00000083                    : fs_div28.asm.obj (.text)
                  0000a2b8    00000078                    : fs_add28.asm.obj (.text)
                  0000a330    00000075                    : e_sqrtf.c.obj (.text)
                  0000a3a5    00000069                    : s_ceilf.c.obj (.text)
                  0000a40e    00000065     proj_lab01.obj (.text)
                  0000a473    0000005d     rts2800_ml.lib : s_scalbnf.c.obj (.text)
                  0000a4d0    0000005b     pll.obj (.text)
                  0000a52b    0000005a     rts2800_ml.lib : fs_mpy28.asm.obj (.text)
                  0000a585    00000054                    : boot28.asm.obj (.text)
                  0000a5d9    00000046     wdog.obj (.text)
                  0000a61f    00000043     pwr.obj (.text)
                  0000a662    00000032     timer.obj (.text)
                  0000a694    0000002d     osc.obj (.text)
                  0000a6c1    00000029     rts2800_ml.lib : exit.c.obj (.text)
                  0000a6ea    00000025     cpu.obj (.text)
                  0000a70f    00000025     rts2800_ml.lib : fs_toi28.asm.obj (.text)
                  0000a734    00000024                    : cpy_tbl.c.obj (.text)
                  0000a758    00000021                    : fs_toul28.asm.obj (.text)
                  0000a779    00000020     flash.obj (.text)
                  0000a799    0000001f     rts2800_ml.lib : fd_tol28.asm.obj (.text)
                  0000a7b8    0000001d                    : fs_tou28.asm.obj (.text)
                  0000a7d5    0000001d                    : memcpy.c.obj (.text)
                  0000a7f2    0000001c                    : fs_tofd28.asm.obj (.text)
                  0000a80e    0000001a                    : i_tofs28.asm.obj (.text)
                  0000a828    0000001a                    : l_tofs28.asm.obj (.text)
                  0000a842    00000017                    : fs_cmp28.asm.obj (.text)
                  0000a859    00000013                    : ul_tofs28.asm.obj (.text)
                  0000a86c    00000011                    : args_main.c.obj (.text)
                  0000a87d    00000010                    : u_tofs28.asm.obj (.text)
                  0000a88d    0000000a                    : s_copysignf.c.obj (.text)
                  0000a897    00000009                    : _lock.c.obj (.text)
                  0000a8a0    00000005     pie.obj (.text:retain)
                  0000a8a5    00000005     rts2800_ml.lib : fs_neg28.asm.obj (.text)
                  0000a8aa    00000002                    : pre_init.c.obj (.text)
                  0000a8ac    00000001                    : startup.c.obj (.text)

.pinit     0    00000050    00000000     UNINITIALIZED

.reset     0    003fffc0    00000002     DSECT
                  003fffc0    00000002     rts2800_ml.lib : boot28.asm.obj (.reset)

.ebss      0    0000a8ae    0000023a     UNINITIALIZED
                  0000a8ae    00000006     rts2800_ml.lib : exit.c.obj (.ebss)
                  0000a8b4    00000002                    : _lock.c.obj (.ebss:__lock)
                  0000a8b6    00000002                    : _lock.c.obj (.ebss:__unlock)
                  0000a8b8    00000002     drv8301.obj (.ebss)
                  0000a8ba    00000001     cpu.obj (.ebss)
                  0000a8bb    00000001     rts2800_ml.lib : errno.c.obj (.ebss)
                  0000a8bc    00000004     --HOLE--
                  0000a8c0    0000016c     proj_lab01.obj (.ebss)
                  0000aa2c    00000014     --HOLE--
                  0000aa40    000000a8     hal.obj (.ebss)

.econst    0    0000aae8    00000066     
                  0000aae8    00000032     rts2800_ml.lib : e_powf.c.obj (.econst)
                  0000ab1a    00000010                    : e_logf.c.obj (.econst)
                  0000ab2a    00000008     user.obj (.econst)
                  0000ab32    00000006     rts2800_ml.lib : s_scalbnf.c.obj (.econst)
                  0000ab38    00000004                    : e_powf.c.obj (.econst:_bp)
                  0000ab3c    00000004                    : e_powf.c.obj (.econst:_dp_h)
                  0000ab40    00000004                    : e_powf.c.obj (.econst:_dp_l)
                  0000ab44    00000004     hal.obj (.econst)
                  0000ab48    00000004     rts2800_ml.lib : e_sqrtf.c.obj (.econst)
                  0000ab4c    00000002                    : s_ceilf.c.obj (.econst)

.stack     1    00000400    000003b0     UNINITIALIZED
                  00000400    000003b0     --HOLE--

IQmath     0    0000ab4e    00000014     
                  0000ab4e    00000014     IQmath.lib : IQ30toF.obj (IQmath)

MODULE SUMMARY

       Module              code    initialized data   uninitialized data
       ------              ----    ----------------   ------------------
    ./
       hal.obj             2761    4                  168               
       user.obj            1068    8                  0                 
       proj_lab01.obj      277     162                364               
       pwm.obj             759     0                  0                 
       drv8301.obj         721     4                  2                 
       adc.obj             493     0                  0                 
       clk.obj             394     0                  0                 
       gpio.obj            383     0                  0                 
       pie.obj             262     0                  0                 
       spi.obj             169     0                  0                 
       pll.obj             91      0                  0                 
       flash.obj           82      0                  0                 
       wdog.obj            70      0                  0                 
       pwr.obj             67      0                  0                 
       timer.obj           50      0                  0                 
       osc.obj             45      0                  0                 
       cpu.obj             37      0                  1                 
       usDelay.obj         4       0                  0                 
    +--+-------------------+-------+------------------+--------------------+
       Total:              7733    178                535               
                                                                        
    /Applications/ti/ccs1240/ccs/tools/compiler/ti-cgt-c2000_22.6.0.LTS/lib/rts2800_ml.lib
       e_powf.c.obj        1054    62                 0                 
       e_logf.c.obj        391     16                 0                 
       fd_mpy28.asm.obj    131     0                  0                 
       fs_div28.asm.obj    131     0                  0                 
       e_sqrtf.c.obj       117     4                  0                 
       fs_add28.asm.obj    120     0                  0                 
       s_ceilf.c.obj       105     2                  0                 
       s_scalbnf.c.obj     93      6                  0                 
       fs_mpy28.asm.obj    90      0                  0                 
       boot28.asm.obj      84      0                  0                 
       exit.c.obj          41      14                 6                 
       fs_toi28.asm.obj    37      0                  0                 
       cpy_tbl.c.obj       36      0                  0                 
       fs_toul28.asm.obj   33      0                  0                 
       fd_tol28.asm.obj    31      0                  0                 
       fs_tou28.asm.obj    29      0                  0                 
       memcpy.c.obj        29      0                  0                 
       fs_tofd28.asm.obj   28      0                  0                 
       i_tofs28.asm.obj    26      0                  0                 
       l_tofs28.asm.obj    26      0                  0                 
       _lock.c.obj         9       10                 4                 
       fs_cmp28.asm.obj    23      0                  0                 
       ul_tofs28.asm.obj   19      0                  0                 
       args_main.c.obj     17      0                  0                 
       u_tofs28.asm.obj    16      0                  0                 
       s_copysignf.c.obj   10      0                  0                 
       errno.c.obj         0       4                  1                 
       fs_neg28.asm.obj    5       0                  0                 
       pre_init.c.obj      2       0                  0                 
       startup.c.obj       1       0                  0                 
    +--+-------------------+-------+------------------+--------------------+
       Total:              2734    118                11                
                                                                        
    /Users/paiva/Documents/ti/motorware_1_01_00_18/sw/modules/iqmath/lib/f28x/32b/IQmath.lib
       IQ30toF.obj         0       20                 0                 
    +--+-------------------+-------+------------------+--------------------+
       Total:              0       20                 0                 
                                                                        
       Stack:              0       0                  944               
    +--+-------------------+-------+------------------+--------------------+
       Grand Total:        10467   316                1490              


GLOBAL DATA SYMBOLS: SORTED BY DATA PAGE

address     data page           name
--------    ----------------    ----
00000400      10 (00000400)     __stack

0000a8ae     2a2 (0000a880)     ___TI_enable_exit_profile_output
0000a8b0     2a2 (0000a880)     ___TI_cleanup_ptr
0000a8b2     2a2 (0000a880)     ___TI_dtors_ptr
0000a8b4     2a2 (0000a880)     __lock
0000a8b6     2a2 (0000a880)     __unlock
0000a8ba     2a2 (0000a880)     _cpu
0000a8bb     2a2 (0000a880)     _errno

0000a8c0     2a3 (0000a8c0)     _gLEDcnt
0000a8c2     2a3 (0000a8c0)     _halHandle
0000a8c4     2a3 (0000a8c0)     _gPwmData
0000a8ca     2a3 (0000a8c0)     _gAdcData
0000a8d8     2a3 (0000a8c0)     _gDrvSpi8301Vars

0000a900     2a4 (0000a900)     _gMotorVars

0000a980     2a6 (0000a980)     _gUserParams

0000aa40     2a9 (0000aa40)     _hal

0000ab4e     2ad (0000ab40)     __IQ30toF


GLOBAL SYMBOLS: SORTED ALPHABETICALLY BY Name 

page  address   name                                             
----  -------   ----                                             
0     00008000  .text                                            
0     0000a6c1  C$$EXIT                                          
0     0000a1b2  FD$$MPY                                          
0     0000a799  FD$$TOL                                          
0     0000a2bd  FS$$ADD                                          
0     0000a842  FS$$CMP                                          
0     0000a235  FS$$DIV                                          
0     0000a52b  FS$$MPY                                          
0     0000a8a5  FS$$NEG                                          
0     0000a2b8  FS$$SUB                                          
0     0000a7f2  FS$$TOFD                                         
0     0000a70f  FS$$TOI                                          
0     0000a7b8  FS$$TOU                                          
0     0000a758  FS$$TOUL                                         
0     0000a80e  I$$TOFS                                          
0     0000a828  L$$TOFS                                          
0     0000a87d  U$$TOFS                                          
0     0000a859  UL$$TOFS                                         
0     00009abe  _ADC_disable                                     
0     00009ab4  _ADC_disableBandGap                              
0     00009a9d  _ADC_disableInt                                  
0     00009a93  _ADC_disableNoOverlapMode                        
0     00009a89  _ADC_disableRefBuffers                           
0     00009a7f  _ADC_disableVoltRefLoConv                        
0     00009a75  _ADC_enable                                      
0     00009a6b  _ADC_enableBandGap                               
0     00009a55  _ADC_enableInt                                   
0     00009a4b  _ADC_enableNoOverlapMode                         
0     00009a41  _ADC_enableRefBuffers                            
0     00009a37  _ADC_enableVoltRefLoConv                         
0     00009a2f  _ADC_getDivideSelect                             
0     00009a28  _ADC_init                                        
0     00009a1e  _ADC_powerDown                                   
0     00009a14  _ADC_powerUp                                     
0     00009a0a  _ADC_reset                                       
0     000099f9  _ADC_setDivideSelect                             
0     000099d8  _ADC_setIntMode                                  
0     000099c7  _ADC_setIntPulseGenMode                          
0     000099a6  _ADC_setIntSrc                                   
0     0000999f  _ADC_setOffTrim                                  
0     00009988  _ADC_setSampleMode                               
0     00009975  _ADC_setSampleOverlapMode                        
0     00009961  _ADC_setSocChanNumber                            
0     00009957  _ADC_setSocFrc                                   
0     00009950  _ADC_setSocFrcWord                               
0     0000993c  _ADC_setSocSampleDelay                           
0     00009928  _ADC_setSocTrigSrc                               
0     00009917  _ADC_setTempSensorSrc                            
0     00009906  _ADC_setVoltRefSrc                               
0     000098db  _ADC_setupSocTrigSrc                             
0     00009c4b  _CLK_disableAdcClock                             
0     00009c44  _CLK_disableClaClock                             
0     00009c3e  _CLK_disableClkIn                                
0     00009c3a  _CLK_disableCompClock                            
0     00009c33  _CLK_disableCpuTimerClock                        
0     00009c2d  _CLK_disableCrystalOsc                           
0     00009c26  _CLK_disableEcanaClock                           
0     00009c1f  _CLK_disableEcap1Clock                           
0     00009c18  _CLK_disableEqep1Clock                           
0     00009c11  _CLK_disableEqep2Clock                           
0     00009c0a  _CLK_disableGpioInputClock                       
0     00009c03  _CLK_disableHrPwmClock                           
0     00009bfc  _CLK_disableI2cClock                             
0     00009bf5  _CLK_disableLinAClock                            
0     00009bef  _CLK_disableOsc1                                 
0     00009be9  _CLK_disableOsc1HaltMode                         
0     00009be3  _CLK_disableOsc2                                 
0     00009bdd  _CLK_disableOsc2HaltMode                         
0     00009bd3  _CLK_disablePwmClock                             
0     00009bcc  _CLK_disableSciaClock                            
0     00009bc5  _CLK_disableScibClock                            
0     00009bbe  _CLK_disableSpiaClock                            
0     00009bba  _CLK_disableSpibClock                            
0     00009bb3  _CLK_disableTbClockSync                          
0     00009bad  _CLK_disableWatchDogHaltMode                     
0     00009ba6  _CLK_enableAdcClock                              
0     00009b9f  _CLK_enableClaClock                              
0     00009b99  _CLK_enableClkIn                                 
0     00009b93  _CLK_enableCompClock                             
0     00009b8d  _CLK_enableCpuTimerClock                         
0     00009b87  _CLK_enableCrystalOsc                            
0     00009b80  _CLK_enableEcanaClock                            
0     00009b79  _CLK_enableEcap1Clock                            
0     00009b72  _CLK_enableEqep1Clock                            
0     00009b6b  _CLK_enableEqep2Clock                            
0     00009b64  _CLK_enableGpioInputClock                        
0     00009b5d  _CLK_enableHrPwmClock                            
0     00009b56  _CLK_enableI2cClock                              
0     00009b4f  _CLK_enableLinAClock                             
0     00009b49  _CLK_enableOsc1                                  
0     00009b43  _CLK_enableOsc1HaltMode                          
0     00009b3d  _CLK_enableOsc2                                  
0     00009b37  _CLK_enableOsc2HaltMode                          
0     00009b2e  _CLK_enablePwmClock                              
0     00009b27  _CLK_enableSciaClock                             
0     00009b20  _CLK_enableScibClock                             
0     00009b19  _CLK_enableSpiaClock                             
0     00009b12  _CLK_enableSpibClock                             
0     00009b0b  _CLK_enableTbClockSync                           
0     00009b05  _CLK_enableWatchDogHaltMode                      
0     00009aff  _CLK_init                                        
0     00009af8  _CLK_setClkOutPreScaler                          
0     00009af2  _CLK_setLowSpdPreScaler                          
0     00009aeb  _CLK_setOsc2Src                                  
0     00009ae4  _CLK_setOscSrc                                   
0     00009add  _CLK_setTimer2PreScale                           
0     00009ad6  _CLK_setTimer2Src                                
0     00009acf  _CLK_setWatchDogSrc                              
0     00009ac8  _CLK_setXClkInSrc                                
0     0000a70c  _CPU_clearIntFlags                               
0     0000a709  _CPU_disableDebugInt                             
0     0000a706  _CPU_disableGlobalInts                           
0     0000a701  _CPU_disableInt                                  
0     0000a6fe  _CPU_disableInts                                 
0     0000a6fb  _CPU_disableProtectedRegisterWrite               
0     0000a6f8  _CPU_enableDebugInt                              
0     0000a6f5  _CPU_enableGlobalInts                            
0     0000a6f1  _CPU_enableInt                                   
0     0000a6ee  _CPU_enableProtectedRegisterWrite                
0     0000a6ea  _CPU_init                                        
abs   003fa83e  _CTRL_setGains                                   
0     000098b9  _DRV8301_enable                                  
0     000098a7  _DRV8301_getDcCalMode                            
0     0000988c  _DRV8301_getFaultType                            
0     00009886  _DRV8301_getId                                   
0     0000987f  _DRV8301_getOcLevel                              
0     00009878  _DRV8301_getOcMode                               
0     00009871  _DRV8301_getOcOffTimeMode                        
0     0000986a  _DRV8301_getOcTwMode                             
0     00009863  _DRV8301_getPeakCurrent                          
0     0000985c  _DRV8301_getPwmMode                              
0     00009855  _DRV8301_getShuntAmpGain                         
0     0000984c  _DRV8301_init                                    
0     00009846  _DRV8301_isFault                                 
0     0000983f  _DRV8301_isReset                                 
0     000097c9  _DRV8301_readData                                
0     0000964a  _DRV8301_readSpi                                 
0     000097ba  _DRV8301_reset                                   
0     0000979b  _DRV8301_setDcCalMode                            
0     00009799  _DRV8301_setGpioHandle                           
0     00009797  _DRV8301_setGpioNumber                           
0     00009783  _DRV8301_setOcLevel                              
0     0000976f  _DRV8301_setOcMode                               
0     0000975b  _DRV8301_setOcOffTimeMode                        
0     00009747  _DRV8301_setOcTwMode                             
0     00009733  _DRV8301_setPeakCurrent                          
0     0000971f  _DRV8301_setPwmMode                              
0     0000970b  _DRV8301_setShuntAmpGain                         
0     00009709  _DRV8301_setSpiHandle                            
0     00009682  _DRV8301_setupSpi                                
0     00009621  _DRV8301_writeData                               
0     0000960a  _DRV8301_writeSpi                                
abs   003f96ab  _EST_getFlux_pu                                  
abs   003f95ff  _EST_getLs_coarse_max_pu                         
abs   003f95f5  _EST_getLs_d_H                                   
abs   003f95f0  _EST_getLs_d_pu                                  
abs   003f95ce  _EST_getLs_q_H                                   
abs   003f95c9  _EST_getLs_q_pu                                  
abs   003f9513  _EST_getRs_Ohm                                   
abs   003f8b45  _EST_setLs_d_pu                                  
abs   003f8af1  _EST_setLs_qFmt                                  
abs   003f8ae7  _EST_setLs_q_pu                                  
0     0000a793  _FLASH_clear3VStatus                             
0     00000140  _FLASH_disablePipelineMode                       
0     0000013a  _FLASH_enablePipelineMode                        
0     0000a790  _FLASH_get3VStatus                               
0     0000a78d  _FLASH_getActiveWaitCount                        
0     0000a789  _FLASH_getActiveWaitStatus                       
0     0000a786  _FLASH_getPowerMode                              
0     0000a783  _FLASH_getStandbyWaitCount                       
0     0000a77f  _FLASH_getStandbyWaitStatus                      
0     0000a779  _FLASH_init                                      
0     00000135  _FLASH_setActiveWaitCount                        
0     0000012e  _FLASH_setNumPagedReadWaitStates                 
0     00000127  _FLASH_setNumRandomReadWaitStates                
0     00000120  _FLASH_setOtpWaitStates                          
0     00000119  _FLASH_setPowerMode                              
0     00000114  _FLASH_setStandbyWaitCount                       
0     00009f4a  _GPIO_getData                                    
0     00009f3f  _GPIO_getPortData                                
0     00009f39  _GPIO_init                                       
0     00009f2f  _GPIO_lpmSelect                                  
0     00009f1c  _GPIO_read                                       
0     00009f02  _GPIO_setDirection                               
0     00009ef7  _GPIO_setExtInt                                  
0     00009ee7  _GPIO_setHigh                                    
0     00009ed7  _GPIO_setLow                                     
0     00009ea3  _GPIO_setMode                                    
0     00009e95  _GPIO_setPortData                                
0     00009e7b  _GPIO_setPullup                                  
0     00009e3e  _GPIO_setQualification                           
0     00009de9  _GPIO_setQualificationPeriod                     
0     00009dd9  _GPIO_toggle                                     
0     00008598  _HAL_AdcCalChanSelect                            
0     000085ef  _HAL_AdcCalConversion                            
0     00008747  _HAL_AdcOffsetSelfCal                            
0     0000880d  _HAL_OscTempComp                                 
0     00008861  _HAL_cal                                         
0     00008ac5  _HAL_disableGlobalInts                           
0     000089b5  _HAL_disableWdog                                 
0     00008ab3  _HAL_enableAdcInts                               
0     00008aaf  _HAL_enableDebugInt                              
0     00008aaa  _HAL_enableDrv                                   
0     00008aa6  _HAL_enableGlobalInts                            
0     00008a95  _HAL_enablePwmInt                                
0     00008a85  _HAL_enableTimer0Int                             
0     0000877a  _HAL_getOscTrimValue                             
0     000089ba  _HAL_init                                        
0     0000878d  _HAL_osc1Comp                                    
0     000087cd  _HAL_osc2Comp                                    
0     000089b0  _HAL_readDrvData                                 
0     00008996  _HAL_setDacParameters                            
0     00008878  _HAL_setParams                                   
0     000084e0  _HAL_setupAdcs                                   
0     000084c4  _HAL_setupClks                                   
0     000084bf  _HAL_setupDrvSpi                                 
0     000084a1  _HAL_setupFaults                                 
0     00008483  _HAL_setupFlash                                  
0     0000846e  _HAL_setupGate                                   
0     000082e7  _HAL_setupGpios                                  
0     0000829a  _HAL_setupPeripheralClks                         
0     0000827e  _HAL_setupPie                                    
0     0000823f  _HAL_setupPll                                    
0     000081b2  _HAL_setupPwmDacs                                
0     000080da  _HAL_setupPwms                                   
0     00008094  _HAL_setupSpiA                                   
0     0000805e  _HAL_setupSpiB                                   
0     00008005  _HAL_setupTimers                                 
0     00008000  _HAL_writeDrvData                                
abs   003fb4dc  _OFFSET_init                                     
abs   003fb4c6  _OFFSET_setBeta                                  
abs   003fb4bd  _OFFSET_setInitCond                              
abs   003fb4bb  _OFFSET_setOffset                                
0     0000a6bb  _OSC_init                                        
0     0000a6ae  _OSC_setCoarseTrim                               
0     0000a69d  _OSC_setFineTrim                                 
0     0000a694  _OSC_setTrim                                     
0     0000a052  _PIE_clearAllFlags                               
0     0000a04f  _PIE_clearAllInts                                
0     0000a04c  _PIE_disable                                     
0     0000a045  _PIE_disableAllInts                              
0     0000a041  _PIE_disableCaptureInt                           
0     0000a038  _PIE_disableExtInt                               
0     0000a02e  _PIE_disableInt                                  
0     0000a02b  _PIE_enable                                      
0     0000a00f  _PIE_enableAdcInt                                
0     0000a00b  _PIE_enableCaptureInt                            
0     00009fee  _PIE_enableExtInt                                
0     00009fe5  _PIE_enableInt                                   
0     00009fe0  _PIE_enablePwmInt                                
0     00009fdb  _PIE_enablePwmTzInt                              
0     00009fd8  _PIE_enableTimer0Int                             
0     00009fcf  _PIE_forceInt                                    
0     00009fc7  _PIE_getExtIntCount                              
0     00009fc0  _PIE_getIntEnables                               
0     00009fb9  _PIE_getIntFlags                                 
0     0000a8a0  _PIE_illegalIsr                                  
0     00009fb2  _PIE_init                                        
0     00009fa0  _PIE_registerPieIntHandler                       
0     00009f95  _PIE_registerSystemIntHandler                    
0     00009f8a  _PIE_setDefaultIntVectorTable                    
0     00009f79  _PIE_setExtIntPolarity                           
0     00009f65  _PIE_unregisterPieIntHandler                     
0     00009f58  _PIE_unregisterSystemIntHandler                  
0     0000a525  _PLL_disable                                     
0     0000a51f  _PLL_disableClkDetect                            
0     0000a519  _PLL_disableNormRdy                              
0     0000a513  _PLL_disableOsc                                  
0     0000a50d  _PLL_enable                                      
0     0000a507  _PLL_enableClkDetect                             
0     0000a501  _PLL_enableNormRdy                               
0     0000a4fb  _PLL_enableOsc                                   
0     0000a4f7  _PLL_getClkFreq                                  
0     0000a4f4  _PLL_getClkStatus                                
0     0000a4f1  _PLL_getDivideSelect                             
0     0000a4ee  _PLL_getLockStatus                               
0     0000a4e8  _PLL_init                                        
0     0000a4e2  _PLL_resetClkDetect                              
0     0000a4dc  _PLL_setClkFreq                                  
0     0000a4d5  _PLL_setDivideSelect                             
0     0000a4d0  _PLL_setLockPeriod                               
0     00009604  _PWM_clearTripZone                               
0     00009601  _PWM_decrementDeadBandFallingEdgeDelay           
0     000095fe  _PWM_decrementDeadBandRisingEdgeDelay            
0     000095f7  _PWM_disableAutoConvert                          
0     000095f3  _PWM_disableChopping                             
0     000095f0  _PWM_disableCounterLoad                          
0     000095ed  _PWM_disableDeadBand                             
0     000095e9  _PWM_disableDeadBandHalfCycle                    
0     000095e2  _PWM_disableDigitalCompareBlankingWindow         
0     000095db  _PWM_disableDigitalCompareBlankingWindowInversion
0     000095d4  _PWM_disableHrPeriod                             
0     000095cd  _PWM_disableHrPhaseSync                          
0     000095c9  _PWM_disableInt                                  
0     000095c5  _PWM_disableSocAPulse                            
0     000095c1  _PWM_disableSocBPulse                            
0     000095ba  _PWM_disableTripZoneInt                          
0     000095b3  _PWM_disableTripZoneSrc                          
0     000095ad  _PWM_disableTripZones                            
0     000095a6  _PWM_enableAutoConvert                           
0     000095a2  _PWM_enableChopping                              
0     0000959f  _PWM_enableCounterLoad                           
0     0000959b  _PWM_enableDeadBandHalfCycle                     
0     00009594  _PWM_enableDigitalCompareBlankingWindow          
0     0000958d  _PWM_enableDigitalCompareBlankingWindowInversion 
0     00009586  _PWM_enableHrPeriod                              
0     0000957f  _PWM_enableHrPhaseSync                           
0     0000957b  _PWM_enableInt                                   
0     00009577  _PWM_enableSocAPulse                             
0     00009573  _PWM_enableSocBPulse                             
0     0000956d  _PWM_enableTripZoneInt                           
0     00009567  _PWM_enableTripZoneSrc                           
0     00009564  _PWM_getDeadBandFallingEdgeDelay                 
0     00009561  _PWM_getDeadBandRisingEdgeDelay                  
0     0000955d  _PWM_getIntCount                                 
0     00009559  _PWM_getShadowStatus_CmpA                        
0     00009555  _PWM_getShadowStatus_CmpB                        
0     00009550  _PWM_getSocACount                                
0     0000954b  _PWM_getSocBCount                                
0     00009548  _PWM_incrementDeadBandFallingEdgeDelay           
0     00009545  _PWM_incrementDeadBandRisingEdgeDelay            
0     0000953f  _PWM_init                                        
0     00009538  _PWM_setActionQualContSWForce_PwmA               
0     0000952f  _PWM_setActionQualContSWForce_PwmB               
0     00009526  _PWM_setActionQual_CntDown_CmpA_PwmA             
0     0000951d  _PWM_setActionQual_CntDown_CmpA_PwmB             
0     00009514  _PWM_setActionQual_CntDown_CmpB_PwmA             
0     0000950b  _PWM_setActionQual_CntDown_CmpB_PwmB             
0     00009502  _PWM_setActionQual_CntUp_CmpA_PwmA               
0     000094f9  _PWM_setActionQual_CntUp_CmpA_PwmB               
0     000094f0  _PWM_setActionQual_CntUp_CmpB_PwmA               
0     000094e7  _PWM_setActionQual_CntUp_CmpB_PwmB               
0     000094de  _PWM_setActionQual_Period_PwmA                   
0     000094d5  _PWM_setActionQual_Period_PwmB                   
0     000094ce  _PWM_setActionQual_Zero_PwmA                     
0     000094c7  _PWM_setActionQual_Zero_PwmB                     
0     000094c0  _PWM_setChoppingClkFreq                          
0     000094b9  _PWM_setChoppingDutyCycle                        
0     000094b2  _PWM_setChoppingPulseWidth                       
0     000094ae  _PWM_setClkDiv                                   
0     000094ac  _PWM_setCount                                    
0     000094a8  _PWM_setCounterMode                              
0     000094a5  _PWM_setDeadBandFallingEdgeDelay                 
0     0000949e  _PWM_setDeadBandInputMode                        
0     00009497  _PWM_setDeadBandOutputMode                       
0     00009490  _PWM_setDeadBandPolarity                         
0     0000948d  _PWM_setDeadBandRisingEdgeDelay                  
0     00009473  _PWM_setDigitalCompareAEvent1                    
0     00009463  _PWM_setDigitalCompareAEvent2                    
0     00009449  _PWM_setDigitalCompareBEvent1                    
0     00009439  _PWM_setDigitalCompareBEvent2                    
0     0000942d  _PWM_setDigitalCompareBlankingPulse              
0     0000942a  _PWM_setDigitalCompareFilterOffset               
0     00009420  _PWM_setDigitalCompareFilterSource               
0     0000941d  _PWM_setDigitalCompareFilterWindow               
0     0000940e  _PWM_setDigitalCompareInput                      
0     0000940a  _PWM_setHighSpeedClkDiv                          
0     00009400  _PWM_setHrControlMode                            
0     000093f6  _PWM_setHrEdgeMode                               
0     000093ec  _PWM_setHrShadowMode                             
0     000093e5  _PWM_setIntMode                                  
0     000093de  _PWM_setIntPeriod                                
0     000093da  _PWM_setLoadMode_CmpA                            
0     000093d4  _PWM_setLoadMode_CmpB                            
0     000093d2  _PWM_setPeriod                                   
0     000093cd  _PWM_setPeriodHr                                 
0     000093c9  _PWM_setPeriodLoad                               
0     000093c7  _PWM_setPhase                                    
0     000093c3  _PWM_setPhaseDir                                 
0     000093bf  _PWM_setRunMode                                  
0     000093b9  _PWM_setShadowMode_CmpA                          
0     000093b3  _PWM_setShadowMode_CmpB                          
0     000093aa  _PWM_setSocAPeriod                               
0     000093a0  _PWM_setSocAPulseSrc                             
0     00009397  _PWM_setSocBPeriod                               
0     0000938e  _PWM_setSocBPulseSrc                             
0     0000938b  _PWM_setSwSync                                   
0     00009387  _PWM_setSyncMode                                 
0     0000937d  _PWM_setTripZoneDCEventSelect_DCAEVT1            
0     00009371  _PWM_setTripZoneDCEventSelect_DCAEVT2            
0     00009365  _PWM_setTripZoneDCEventSelect_DCBEVT1            
0     00009359  _PWM_setTripZoneDCEventSelect_DCBEVT2            
0     0000934d  _PWM_setTripZoneState_DCAEVT1                    
0     00009341  _PWM_setTripZoneState_DCAEVT2                    
0     00009335  _PWM_setTripZoneState_DCBEVT1                    
0     00009329  _PWM_setTripZoneState_DCBEVT2                    
0     0000931f  _PWM_setTripZoneState_TZA                        
0     00009313  _PWM_setTripZoneState_TZB                        
0     0000a65f  _PWR_disableBrownOutReset                        
0     0000a655  _PWR_disableWatchDogInt                          
0     0000a652  _PWR_enableBrownOutReset                         
0     0000a648  _PWR_enableWatchDogInt                           
0     0000a641  _PWR_init                                        
0     0000a630  _PWR_setLowPowerMode                             
0     0000a61f  _PWR_setNumStandByClocks                         
0     0000014a  _RamfuncsLoadEnd                                 
abs   00000036  _RamfuncsLoadSize                                
0     00000114  _RamfuncsLoadStart                               
0     00000114  _RamfuncsRunStart                                
0     0000a1ae  _SPI_clearRxFifoInt                              
0     0000a1aa  _SPI_clearRxFifoOvf                              
0     0000a1a6  _SPI_clearTxFifoInt                              
0     0000a1a3  _SPI_disableInt                                  
0     0000a1a0  _SPI_disableLoopBack                             
0     0000a19d  _SPI_disableOverRunInt                           
0     0000a199  _SPI_disableRxFifoInt                            
0     0000a196  _SPI_disableTx                                   
0     0000a192  _SPI_disableTxFifoEnh                            
0     0000a18e  _SPI_disableTxFifoInt                            
0     0000a18b  _SPI_enable                                      
0     0000a187  _SPI_enableChannels                              
0     0000a184  _SPI_enableInt                                   
0     0000a181  _SPI_enableLoopBack                              
0     0000a17e  _SPI_enableOverRunInt                            
0     0000a17a  _SPI_enableRxFifo                                
0     0000a176  _SPI_enableRxFifoInt                             
0     0000a173  _SPI_enableTx                                    
0     0000a16f  _SPI_enableTxFifo                                
0     0000a16b  _SPI_enableTxFifoEnh                             
0     0000a167  _SPI_enableTxFifoInt                             
0     0000a164  _SPI_getIntFlagStatus                            
0     0000a160  _SPI_getRxFifoStatus                             
0     0000a15d  _SPI_getTxBufferStatus                           
0     0000a159  _SPI_getTxFifoStatus                             
0     0000a153  _SPI_init                                        
0     0000a150  _SPI_reset                                       
0     0000a14c  _SPI_resetChannels                               
0     0000a148  _SPI_resetRxFifo                                 
0     0000a144  _SPI_resetTxFifo                                 
0     0000a142  _SPI_setBaudRate                                 
0     0000a13e  _SPI_setCharLength                               
0     0000a13c  _SPI_setClkPhase                                 
0     0000a138  _SPI_setClkPolarity                              
0     0000a136  _SPI_setMode                                     
0     0000a12f  _SPI_setPriority                                 
0     0000a128  _SPI_setRxFifoIntLevel                           
0     0000a121  _SPI_setSteInv                                   
0     0000a11a  _SPI_setSuspend                                  
0     0000a113  _SPI_setTriWire                                  
0     0000a110  _SPI_setTxDelay                                  
0     0000a109  _SPI_setTxFifoIntLevel                           
0     0000a691  _TIMER_clearFlag                                 
0     0000a68e  _TIMER_disableInt                                
0     0000a68b  _TIMER_enableInt                                 
0     0000a688  _TIMER_getStatus                                 
0     0000a682  _TIMER_init                                      
0     0000a674  _TIMER_setDecimationFactor                       
0     0000a670  _TIMER_setEmulationMode                          
0     0000a662  _TIMER_setPreScaler                              
0     00008e34  _USER_calcPIgains                                
0     00008e30  _USER_checkForErrors                             
0     00008e22  _USER_computeFlux                                
0     00008de6  _USER_computeFlux_pu_to_VpHz_sf                  
0     00008daa  _USER_computeFlux_pu_to_Wb_sf                    
0     00008d6e  _USER_computeTorque_Flux_Iq_pu_to_Nm_sf          
0     00008d34  _USER_computeTorque_Ls_Id_Iq_pu_to_Nm_sf         
0     00008ce7  _USER_computeTorque_Nm                           
0     00008c8f  _USER_computeTorque_lbin                         
0     00008c8c  _USER_getErrorCode                               
0     00008c89  _USER_setErrorCode                               
0     00008b4c  _USER_setParams                                  
0     00008ac9  _USER_softwareUpdate1p6                          
0     0000a617  _WDOG_clearCounter                               
0     0000a60f  _WDOG_disable                                    
0     0000a609  _WDOG_disableInt                                 
0     0000a603  _WDOG_disableOverRide                            
0     0000a5fa  _WDOG_enable                                     
0     0000a5f4  _WDOG_enableInt                                  
0     0000a5ee  _WDOG_enableOverRide                             
0     0000a5eb  _WDOG_getIntStatus                               
0     0000a5e5  _WDOG_init                                       
0     0000a5e3  _WDOG_setCount                                   
0     0000a5d9  _WDOG_setPreScaler                               
0     0000ab4e  __IQ30toF                                        
1     000007b0  __STACK_END                                      
abs   000003b0  __STACK_SIZE                                     
0     0000a8b0  ___TI_cleanup_ptr                                
0     0000a8b2  ___TI_dtors_ptr                                  
0     0000a8ae  ___TI_enable_exit_profile_output                 
abs   ffffffff  ___TI_pprof_out_hndl                             
abs   ffffffff  ___TI_prof_data_size                             
abs   ffffffff  ___TI_prof_data_start                            
abs   ffffffff  ___binit__                                       
abs   ffffffff  ___c_args__                                      
0     00000050  ___cinit__                                       
0     0000a8ad  ___etext__                                       
abs   ffffffff  ___pinit__                                       
0     00008000  ___text__                                        
0     0000a86c  __args_main                                      
0     0000a8b4  __lock                                           
0     0000a89f  __nop                                            
0     0000a89b  __register_lock                                  
0     0000a897  __register_unlock                                
1     00000400  __stack                                          
0     0000a8ac  __system_post_cinit                              
0     0000a8aa  __system_pre_init                                
0     0000a8b6  __unlock                                         
0     0000a6c1  _abort                                           
0     0000a585  _c_int00                                         
0     0000a3a5  _ceil                                            
0     0000a3a5  _ceilf                                           
0     0000a734  _copy_in                                         
0     0000a88d  _copysign                                        
0     0000a88d  _copysignf                                       
0     0000a8ba  _cpu                                             
0     0000a8bb  _errno                                           
0     0000a6c3  _exit                                            
0     0000a8ca  _gAdcData                                        
0     0000a8d8  _gDrvSpi8301Vars                                 
0     0000a8c0  _gLEDcnt                                         
0     0000a900  _gMotorVars                                      
0     0000a8c4  _gPwmData                                        
0     0000a980  _gUserParams                                     
0     0000aa40  _hal                                             
0     0000a8c2  _halHandle                                       
0     0000a473  _ldexp                                           
0     0000a473  _ldexpf                                          
0     00009c52  _log                                             
0     00009c52  _logf                                            
0     0000a40e  _main                                            
0     0000a059  _mainISR                                         
0     0000a7d5  _memcpy                                          
0     00008ef5  _pow                                             
0     00008ef5  _powf                                            
0     0000a473  _scalbn                                          
0     0000a473  _scalbnf                                         
0     0000a330  _sqrt                                            
0     0000a330  _sqrtf                                           
0     00000146  _usDelay                                         
abs   ffffffff  binit                                            
0     00000050  cinit                                            
0     0000a8ad  etext                                            
abs   ffffffff  pinit                                            


GLOBAL SYMBOLS: SORTED BY Symbol Address 

page  address   name                                             
----  -------   ----                                             
0     00000050  ___cinit__                                       
0     00000050  cinit                                            
0     00000114  _FLASH_setStandbyWaitCount                       
0     00000114  _RamfuncsLoadStart                               
0     00000114  _RamfuncsRunStart                                
0     00000119  _FLASH_setPowerMode                              
0     00000120  _FLASH_setOtpWaitStates                          
0     00000127  _FLASH_setNumRandomReadWaitStates                
0     0000012e  _FLASH_setNumPagedReadWaitStates                 
0     00000135  _FLASH_setActiveWaitCount                        
0     0000013a  _FLASH_enablePipelineMode                        
0     00000140  _FLASH_disablePipelineMode                       
0     00000146  _usDelay                                         
0     0000014a  _RamfuncsLoadEnd                                 
0     00008000  .text                                            
0     00008000  _HAL_writeDrvData                                
0     00008000  ___text__                                        
0     00008005  _HAL_setupTimers                                 
0     0000805e  _HAL_setupSpiB                                   
0     00008094  _HAL_setupSpiA                                   
0     000080da  _HAL_setupPwms                                   
0     000081b2  _HAL_setupPwmDacs                                
0     0000823f  _HAL_setupPll                                    
0     0000827e  _HAL_setupPie                                    
0     0000829a  _HAL_setupPeripheralClks                         
0     000082e7  _HAL_setupGpios                                  
0     0000846e  _HAL_setupGate                                   
0     00008483  _HAL_setupFlash                                  
0     000084a1  _HAL_setupFaults                                 
0     000084bf  _HAL_setupDrvSpi                                 
0     000084c4  _HAL_setupClks                                   
0     000084e0  _HAL_setupAdcs                                   
0     00008598  _HAL_AdcCalChanSelect                            
0     000085ef  _HAL_AdcCalConversion                            
0     00008747  _HAL_AdcOffsetSelfCal                            
0     0000877a  _HAL_getOscTrimValue                             
0     0000878d  _HAL_osc1Comp                                    
0     000087cd  _HAL_osc2Comp                                    
0     0000880d  _HAL_OscTempComp                                 
0     00008861  _HAL_cal                                         
0     00008878  _HAL_setParams                                   
0     00008996  _HAL_setDacParameters                            
0     000089b0  _HAL_readDrvData                                 
0     000089b5  _HAL_disableWdog                                 
0     000089ba  _HAL_init                                        
0     00008a85  _HAL_enableTimer0Int                             
0     00008a95  _HAL_enablePwmInt                                
0     00008aa6  _HAL_enableGlobalInts                            
0     00008aaa  _HAL_enableDrv                                   
0     00008aaf  _HAL_enableDebugInt                              
0     00008ab3  _HAL_enableAdcInts                               
0     00008ac5  _HAL_disableGlobalInts                           
0     00008ac9  _USER_softwareUpdate1p6                          
0     00008b4c  _USER_setParams                                  
0     00008c89  _USER_setErrorCode                               
0     00008c8c  _USER_getErrorCode                               
0     00008c8f  _USER_computeTorque_lbin                         
0     00008ce7  _USER_computeTorque_Nm                           
0     00008d34  _USER_computeTorque_Ls_Id_Iq_pu_to_Nm_sf         
0     00008d6e  _USER_computeTorque_Flux_Iq_pu_to_Nm_sf          
0     00008daa  _USER_computeFlux_pu_to_Wb_sf                    
0     00008de6  _USER_computeFlux_pu_to_VpHz_sf                  
0     00008e22  _USER_computeFlux                                
0     00008e30  _USER_checkForErrors                             
0     00008e34  _USER_calcPIgains                                
0     00008ef5  _pow                                             
0     00008ef5  _powf                                            
0     00009313  _PWM_setTripZoneState_TZB                        
0     0000931f  _PWM_setTripZoneState_TZA                        
0     00009329  _PWM_setTripZoneState_DCBEVT2                    
0     00009335  _PWM_setTripZoneState_DCBEVT1                    
0     00009341  _PWM_setTripZoneState_DCAEVT2                    
0     0000934d  _PWM_setTripZoneState_DCAEVT1                    
0     00009359  _PWM_setTripZoneDCEventSelect_DCBEVT2            
0     00009365  _PWM_setTripZoneDCEventSelect_DCBEVT1            
0     00009371  _PWM_setTripZoneDCEventSelect_DCAEVT2            
0     0000937d  _PWM_setTripZoneDCEventSelect_DCAEVT1            
0     00009387  _PWM_setSyncMode                                 
0     0000938b  _PWM_setSwSync                                   
0     0000938e  _PWM_setSocBPulseSrc                             
0     00009397  _PWM_setSocBPeriod                               
0     000093a0  _PWM_setSocAPulseSrc                             
0     000093aa  _PWM_setSocAPeriod                               
0     000093b3  _PWM_setShadowMode_CmpB                          
0     000093b9  _PWM_setShadowMode_CmpA                          
0     000093bf  _PWM_setRunMode                                  
0     000093c3  _PWM_setPhaseDir                                 
0     000093c7  _PWM_setPhase                                    
0     000093c9  _PWM_setPeriodLoad                               
0     000093cd  _PWM_setPeriodHr                                 
0     000093d2  _PWM_setPeriod                                   
0     000093d4  _PWM_setLoadMode_CmpB                            
0     000093da  _PWM_setLoadMode_CmpA                            
0     000093de  _PWM_setIntPeriod                                
0     000093e5  _PWM_setIntMode                                  
0     000093ec  _PWM_setHrShadowMode                             
0     000093f6  _PWM_setHrEdgeMode                               
0     00009400  _PWM_setHrControlMode                            
0     0000940a  _PWM_setHighSpeedClkDiv                          
0     0000940e  _PWM_setDigitalCompareInput                      
0     0000941d  _PWM_setDigitalCompareFilterWindow               
0     00009420  _PWM_setDigitalCompareFilterSource               
0     0000942a  _PWM_setDigitalCompareFilterOffset               
0     0000942d  _PWM_setDigitalCompareBlankingPulse              
0     00009439  _PWM_setDigitalCompareBEvent2                    
0     00009449  _PWM_setDigitalCompareBEvent1                    
0     00009463  _PWM_setDigitalCompareAEvent2                    
0     00009473  _PWM_setDigitalCompareAEvent1                    
0     0000948d  _PWM_setDeadBandRisingEdgeDelay                  
0     00009490  _PWM_setDeadBandPolarity                         
0     00009497  _PWM_setDeadBandOutputMode                       
0     0000949e  _PWM_setDeadBandInputMode                        
0     000094a5  _PWM_setDeadBandFallingEdgeDelay                 
0     000094a8  _PWM_setCounterMode                              
0     000094ac  _PWM_setCount                                    
0     000094ae  _PWM_setClkDiv                                   
0     000094b2  _PWM_setChoppingPulseWidth                       
0     000094b9  _PWM_setChoppingDutyCycle                        
0     000094c0  _PWM_setChoppingClkFreq                          
0     000094c7  _PWM_setActionQual_Zero_PwmB                     
0     000094ce  _PWM_setActionQual_Zero_PwmA                     
0     000094d5  _PWM_setActionQual_Period_PwmB                   
0     000094de  _PWM_setActionQual_Period_PwmA                   
0     000094e7  _PWM_setActionQual_CntUp_CmpB_PwmB               
0     000094f0  _PWM_setActionQual_CntUp_CmpB_PwmA               
0     000094f9  _PWM_setActionQual_CntUp_CmpA_PwmB               
0     00009502  _PWM_setActionQual_CntUp_CmpA_PwmA               
0     0000950b  _PWM_setActionQual_CntDown_CmpB_PwmB             
0     00009514  _PWM_setActionQual_CntDown_CmpB_PwmA             
0     0000951d  _PWM_setActionQual_CntDown_CmpA_PwmB             
0     00009526  _PWM_setActionQual_CntDown_CmpA_PwmA             
0     0000952f  _PWM_setActionQualContSWForce_PwmB               
0     00009538  _PWM_setActionQualContSWForce_PwmA               
0     0000953f  _PWM_init                                        
0     00009545  _PWM_incrementDeadBandRisingEdgeDelay            
0     00009548  _PWM_incrementDeadBandFallingEdgeDelay           
0     0000954b  _PWM_getSocBCount                                
0     00009550  _PWM_getSocACount                                
0     00009555  _PWM_getShadowStatus_CmpB                        
0     00009559  _PWM_getShadowStatus_CmpA                        
0     0000955d  _PWM_getIntCount                                 
0     00009561  _PWM_getDeadBandRisingEdgeDelay                  
0     00009564  _PWM_getDeadBandFallingEdgeDelay                 
0     00009567  _PWM_enableTripZoneSrc                           
0     0000956d  _PWM_enableTripZoneInt                           
0     00009573  _PWM_enableSocBPulse                             
0     00009577  _PWM_enableSocAPulse                             
0     0000957b  _PWM_enableInt                                   
0     0000957f  _PWM_enableHrPhaseSync                           
0     00009586  _PWM_enableHrPeriod                              
0     0000958d  _PWM_enableDigitalCompareBlankingWindowInversion 
0     00009594  _PWM_enableDigitalCompareBlankingWindow          
0     0000959b  _PWM_enableDeadBandHalfCycle                     
0     0000959f  _PWM_enableCounterLoad                           
0     000095a2  _PWM_enableChopping                              
0     000095a6  _PWM_enableAutoConvert                           
0     000095ad  _PWM_disableTripZones                            
0     000095b3  _PWM_disableTripZoneSrc                          
0     000095ba  _PWM_disableTripZoneInt                          
0     000095c1  _PWM_disableSocBPulse                            
0     000095c5  _PWM_disableSocAPulse                            
0     000095c9  _PWM_disableInt                                  
0     000095cd  _PWM_disableHrPhaseSync                          
0     000095d4  _PWM_disableHrPeriod                             
0     000095db  _PWM_disableDigitalCompareBlankingWindowInversion
0     000095e2  _PWM_disableDigitalCompareBlankingWindow         
0     000095e9  _PWM_disableDeadBandHalfCycle                    
0     000095ed  _PWM_disableDeadBand                             
0     000095f0  _PWM_disableCounterLoad                          
0     000095f3  _PWM_disableChopping                             
0     000095f7  _PWM_disableAutoConvert                          
0     000095fe  _PWM_decrementDeadBandRisingEdgeDelay            
0     00009601  _PWM_decrementDeadBandFallingEdgeDelay           
0     00009604  _PWM_clearTripZone                               
0     0000960a  _DRV8301_writeSpi                                
0     00009621  _DRV8301_writeData                               
0     0000964a  _DRV8301_readSpi                                 
0     00009682  _DRV8301_setupSpi                                
0     00009709  _DRV8301_setSpiHandle                            
0     0000970b  _DRV8301_setShuntAmpGain                         
0     0000971f  _DRV8301_setPwmMode                              
0     00009733  _DRV8301_setPeakCurrent                          
0     00009747  _DRV8301_setOcTwMode                             
0     0000975b  _DRV8301_setOcOffTimeMode                        
0     0000976f  _DRV8301_setOcMode                               
0     00009783  _DRV8301_setOcLevel                              
0     00009797  _DRV8301_setGpioNumber                           
0     00009799  _DRV8301_setGpioHandle                           
0     0000979b  _DRV8301_setDcCalMode                            
0     000097ba  _DRV8301_reset                                   
0     000097c9  _DRV8301_readData                                
0     0000983f  _DRV8301_isReset                                 
0     00009846  _DRV8301_isFault                                 
0     0000984c  _DRV8301_init                                    
0     00009855  _DRV8301_getShuntAmpGain                         
0     0000985c  _DRV8301_getPwmMode                              
0     00009863  _DRV8301_getPeakCurrent                          
0     0000986a  _DRV8301_getOcTwMode                             
0     00009871  _DRV8301_getOcOffTimeMode                        
0     00009878  _DRV8301_getOcMode                               
0     0000987f  _DRV8301_getOcLevel                              
0     00009886  _DRV8301_getId                                   
0     0000988c  _DRV8301_getFaultType                            
0     000098a7  _DRV8301_getDcCalMode                            
0     000098b9  _DRV8301_enable                                  
0     000098db  _ADC_setupSocTrigSrc                             
0     00009906  _ADC_setVoltRefSrc                               
0     00009917  _ADC_setTempSensorSrc                            
0     00009928  _ADC_setSocTrigSrc                               
0     0000993c  _ADC_setSocSampleDelay                           
0     00009950  _ADC_setSocFrcWord                               
0     00009957  _ADC_setSocFrc                                   
0     00009961  _ADC_setSocChanNumber                            
0     00009975  _ADC_setSampleOverlapMode                        
0     00009988  _ADC_setSampleMode                               
0     0000999f  _ADC_setOffTrim                                  
0     000099a6  _ADC_setIntSrc                                   
0     000099c7  _ADC_setIntPulseGenMode                          
0     000099d8  _ADC_setIntMode                                  
0     000099f9  _ADC_setDivideSelect                             
0     00009a0a  _ADC_reset                                       
0     00009a14  _ADC_powerUp                                     
0     00009a1e  _ADC_powerDown                                   
0     00009a28  _ADC_init                                        
0     00009a2f  _ADC_getDivideSelect                             
0     00009a37  _ADC_enableVoltRefLoConv                         
0     00009a41  _ADC_enableRefBuffers                            
0     00009a4b  _ADC_enableNoOverlapMode                         
0     00009a55  _ADC_enableInt                                   
0     00009a6b  _ADC_enableBandGap                               
0     00009a75  _ADC_enable                                      
0     00009a7f  _ADC_disableVoltRefLoConv                        
0     00009a89  _ADC_disableRefBuffers                           
0     00009a93  _ADC_disableNoOverlapMode                        
0     00009a9d  _ADC_disableInt                                  
0     00009ab4  _ADC_disableBandGap                              
0     00009abe  _ADC_disable                                     
0     00009ac8  _CLK_setXClkInSrc                                
0     00009acf  _CLK_setWatchDogSrc                              
0     00009ad6  _CLK_setTimer2Src                                
0     00009add  _CLK_setTimer2PreScale                           
0     00009ae4  _CLK_setOscSrc                                   
0     00009aeb  _CLK_setOsc2Src                                  
0     00009af2  _CLK_setLowSpdPreScaler                          
0     00009af8  _CLK_setClkOutPreScaler                          
0     00009aff  _CLK_init                                        
0     00009b05  _CLK_enableWatchDogHaltMode                      
0     00009b0b  _CLK_enableTbClockSync                           
0     00009b12  _CLK_enableSpibClock                             
0     00009b19  _CLK_enableSpiaClock                             
0     00009b20  _CLK_enableScibClock                             
0     00009b27  _CLK_enableSciaClock                             
0     00009b2e  _CLK_enablePwmClock                              
0     00009b37  _CLK_enableOsc2HaltMode                          
0     00009b3d  _CLK_enableOsc2                                  
0     00009b43  _CLK_enableOsc1HaltMode                          
0     00009b49  _CLK_enableOsc1                                  
0     00009b4f  _CLK_enableLinAClock                             
0     00009b56  _CLK_enableI2cClock                              
0     00009b5d  _CLK_enableHrPwmClock                            
0     00009b64  _CLK_enableGpioInputClock                        
0     00009b6b  _CLK_enableEqep2Clock                            
0     00009b72  _CLK_enableEqep1Clock                            
0     00009b79  _CLK_enableEcap1Clock                            
0     00009b80  _CLK_enableEcanaClock                            
0     00009b87  _CLK_enableCrystalOsc                            
0     00009b8d  _CLK_enableCpuTimerClock                         
0     00009b93  _CLK_enableCompClock                             
0     00009b99  _CLK_enableClkIn                                 
0     00009b9f  _CLK_enableClaClock                              
0     00009ba6  _CLK_enableAdcClock                              
0     00009bad  _CLK_disableWatchDogHaltMode                     
0     00009bb3  _CLK_disableTbClockSync                          
0     00009bba  _CLK_disableSpibClock                            
0     00009bbe  _CLK_disableSpiaClock                            
0     00009bc5  _CLK_disableScibClock                            
0     00009bcc  _CLK_disableSciaClock                            
0     00009bd3  _CLK_disablePwmClock                             
0     00009bdd  _CLK_disableOsc2HaltMode                         
0     00009be3  _CLK_disableOsc2                                 
0     00009be9  _CLK_disableOsc1HaltMode                         
0     00009bef  _CLK_disableOsc1                                 
0     00009bf5  _CLK_disableLinAClock                            
0     00009bfc  _CLK_disableI2cClock                             
0     00009c03  _CLK_disableHrPwmClock                           
0     00009c0a  _CLK_disableGpioInputClock                       
0     00009c11  _CLK_disableEqep2Clock                           
0     00009c18  _CLK_disableEqep1Clock                           
0     00009c1f  _CLK_disableEcap1Clock                           
0     00009c26  _CLK_disableEcanaClock                           
0     00009c2d  _CLK_disableCrystalOsc                           
0     00009c33  _CLK_disableCpuTimerClock                        
0     00009c3a  _CLK_disableCompClock                            
0     00009c3e  _CLK_disableClkIn                                
0     00009c44  _CLK_disableClaClock                             
0     00009c4b  _CLK_disableAdcClock                             
0     00009c52  _log                                             
0     00009c52  _logf                                            
0     00009dd9  _GPIO_toggle                                     
0     00009de9  _GPIO_setQualificationPeriod                     
0     00009e3e  _GPIO_setQualification                           
0     00009e7b  _GPIO_setPullup                                  
0     00009e95  _GPIO_setPortData                                
0     00009ea3  _GPIO_setMode                                    
0     00009ed7  _GPIO_setLow                                     
0     00009ee7  _GPIO_setHigh                                    
0     00009ef7  _GPIO_setExtInt                                  
0     00009f02  _GPIO_setDirection                               
0     00009f1c  _GPIO_read                                       
0     00009f2f  _GPIO_lpmSelect                                  
0     00009f39  _GPIO_init                                       
0     00009f3f  _GPIO_getPortData                                
0     00009f4a  _GPIO_getData                                    
0     00009f58  _PIE_unregisterSystemIntHandler                  
0     00009f65  _PIE_unregisterPieIntHandler                     
0     00009f79  _PIE_setExtIntPolarity                           
0     00009f8a  _PIE_setDefaultIntVectorTable                    
0     00009f95  _PIE_registerSystemIntHandler                    
0     00009fa0  _PIE_registerPieIntHandler                       
0     00009fb2  _PIE_init                                        
0     00009fb9  _PIE_getIntFlags                                 
0     00009fc0  _PIE_getIntEnables                               
0     00009fc7  _PIE_getExtIntCount                              
0     00009fcf  _PIE_forceInt                                    
0     00009fd8  _PIE_enableTimer0Int                             
0     00009fdb  _PIE_enablePwmTzInt                              
0     00009fe0  _PIE_enablePwmInt                                
0     00009fe5  _PIE_enableInt                                   
0     00009fee  _PIE_enableExtInt                                
0     0000a00b  _PIE_enableCaptureInt                            
0     0000a00f  _PIE_enableAdcInt                                
0     0000a02b  _PIE_enable                                      
0     0000a02e  _PIE_disableInt                                  
0     0000a038  _PIE_disableExtInt                               
0     0000a041  _PIE_disableCaptureInt                           
0     0000a045  _PIE_disableAllInts                              
0     0000a04c  _PIE_disable                                     
0     0000a04f  _PIE_clearAllInts                                
0     0000a052  _PIE_clearAllFlags                               
0     0000a059  _mainISR                                         
0     0000a109  _SPI_setTxFifoIntLevel                           
0     0000a110  _SPI_setTxDelay                                  
0     0000a113  _SPI_setTriWire                                  
0     0000a11a  _SPI_setSuspend                                  
0     0000a121  _SPI_setSteInv                                   
0     0000a128  _SPI_setRxFifoIntLevel                           
0     0000a12f  _SPI_setPriority                                 
0     0000a136  _SPI_setMode                                     
0     0000a138  _SPI_setClkPolarity                              
0     0000a13c  _SPI_setClkPhase                                 
0     0000a13e  _SPI_setCharLength                               
0     0000a142  _SPI_setBaudRate                                 
0     0000a144  _SPI_resetTxFifo                                 
0     0000a148  _SPI_resetRxFifo                                 
0     0000a14c  _SPI_resetChannels                               
0     0000a150  _SPI_reset                                       
0     0000a153  _SPI_init                                        
0     0000a159  _SPI_getTxFifoStatus                             
0     0000a15d  _SPI_getTxBufferStatus                           
0     0000a160  _SPI_getRxFifoStatus                             
0     0000a164  _SPI_getIntFlagStatus                            
0     0000a167  _SPI_enableTxFifoInt                             
0     0000a16b  _SPI_enableTxFifoEnh                             
0     0000a16f  _SPI_enableTxFifo                                
0     0000a173  _SPI_enableTx                                    
0     0000a176  _SPI_enableRxFifoInt                             
0     0000a17a  _SPI_enableRxFifo                                
0     0000a17e  _SPI_enableOverRunInt                            
0     0000a181  _SPI_enableLoopBack                              
0     0000a184  _SPI_enableInt                                   
0     0000a187  _SPI_enableChannels                              
0     0000a18b  _SPI_enable                                      
0     0000a18e  _SPI_disableTxFifoInt                            
0     0000a192  _SPI_disableTxFifoEnh                            
0     0000a196  _SPI_disableTx                                   
0     0000a199  _SPI_disableRxFifoInt                            
0     0000a19d  _SPI_disableOverRunInt                           
0     0000a1a0  _SPI_disableLoopBack                             
0     0000a1a3  _SPI_disableInt                                  
0     0000a1a6  _SPI_clearTxFifoInt                              
0     0000a1aa  _SPI_clearRxFifoOvf                              
0     0000a1ae  _SPI_clearRxFifoInt                              
0     0000a1b2  FD$$MPY                                          
0     0000a235  FS$$DIV                                          
0     0000a2b8  FS$$SUB                                          
0     0000a2bd  FS$$ADD                                          
0     0000a330  _sqrt                                            
0     0000a330  _sqrtf                                           
0     0000a3a5  _ceil                                            
0     0000a3a5  _ceilf                                           
0     0000a40e  _main                                            
0     0000a473  _ldexp                                           
0     0000a473  _ldexpf                                          
0     0000a473  _scalbn                                          
0     0000a473  _scalbnf                                         
0     0000a4d0  _PLL_setLockPeriod                               
0     0000a4d5  _PLL_setDivideSelect                             
0     0000a4dc  _PLL_setClkFreq                                  
0     0000a4e2  _PLL_resetClkDetect                              
0     0000a4e8  _PLL_init                                        
0     0000a4ee  _PLL_getLockStatus                               
0     0000a4f1  _PLL_getDivideSelect                             
0     0000a4f4  _PLL_getClkStatus                                
0     0000a4f7  _PLL_getClkFreq                                  
0     0000a4fb  _PLL_enableOsc                                   
0     0000a501  _PLL_enableNormRdy                               
0     0000a507  _PLL_enableClkDetect                             
0     0000a50d  _PLL_enable                                      
0     0000a513  _PLL_disableOsc                                  
0     0000a519  _PLL_disableNormRdy                              
0     0000a51f  _PLL_disableClkDetect                            
0     0000a525  _PLL_disable                                     
0     0000a52b  FS$$MPY                                          
0     0000a585  _c_int00                                         
0     0000a5d9  _WDOG_setPreScaler                               
0     0000a5e3  _WDOG_setCount                                   
0     0000a5e5  _WDOG_init                                       
0     0000a5eb  _WDOG_getIntStatus                               
0     0000a5ee  _WDOG_enableOverRide                             
0     0000a5f4  _WDOG_enableInt                                  
0     0000a5fa  _WDOG_enable                                     
0     0000a603  _WDOG_disableOverRide                            
0     0000a609  _WDOG_disableInt                                 
0     0000a60f  _WDOG_disable                                    
0     0000a617  _WDOG_clearCounter                               
0     0000a61f  _PWR_setNumStandByClocks                         
0     0000a630  _PWR_setLowPowerMode                             
0     0000a641  _PWR_init                                        
0     0000a648  _PWR_enableWatchDogInt                           
0     0000a652  _PWR_enableBrownOutReset                         
0     0000a655  _PWR_disableWatchDogInt                          
0     0000a65f  _PWR_disableBrownOutReset                        
0     0000a662  _TIMER_setPreScaler                              
0     0000a670  _TIMER_setEmulationMode                          
0     0000a674  _TIMER_setDecimationFactor                       
0     0000a682  _TIMER_init                                      
0     0000a688  _TIMER_getStatus                                 
0     0000a68b  _TIMER_enableInt                                 
0     0000a68e  _TIMER_disableInt                                
0     0000a691  _TIMER_clearFlag                                 
0     0000a694  _OSC_setTrim                                     
0     0000a69d  _OSC_setFineTrim                                 
0     0000a6ae  _OSC_setCoarseTrim                               
0     0000a6bb  _OSC_init                                        
0     0000a6c1  C$$EXIT                                          
0     0000a6c1  _abort                                           
0     0000a6c3  _exit                                            
0     0000a6ea  _CPU_init                                        
0     0000a6ee  _CPU_enableProtectedRegisterWrite                
0     0000a6f1  _CPU_enableInt                                   
0     0000a6f5  _CPU_enableGlobalInts                            
0     0000a6f8  _CPU_enableDebugInt                              
0     0000a6fb  _CPU_disableProtectedRegisterWrite               
0     0000a6fe  _CPU_disableInts                                 
0     0000a701  _CPU_disableInt                                  
0     0000a706  _CPU_disableGlobalInts                           
0     0000a709  _CPU_disableDebugInt                             
0     0000a70c  _CPU_clearIntFlags                               
0     0000a70f  FS$$TOI                                          
0     0000a734  _copy_in                                         
0     0000a758  FS$$TOUL                                         
0     0000a779  _FLASH_init                                      
0     0000a77f  _FLASH_getStandbyWaitStatus                      
0     0000a783  _FLASH_getStandbyWaitCount                       
0     0000a786  _FLASH_getPowerMode                              
0     0000a789  _FLASH_getActiveWaitStatus                       
0     0000a78d  _FLASH_getActiveWaitCount                        
0     0000a790  _FLASH_get3VStatus                               
0     0000a793  _FLASH_clear3VStatus                             
0     0000a799  FD$$TOL                                          
0     0000a7b8  FS$$TOU                                          
0     0000a7d5  _memcpy                                          
0     0000a7f2  FS$$TOFD                                         
0     0000a80e  I$$TOFS                                          
0     0000a828  L$$TOFS                                          
0     0000a842  FS$$CMP                                          
0     0000a859  UL$$TOFS                                         
0     0000a86c  __args_main                                      
0     0000a87d  U$$TOFS                                          
0     0000a88d  _copysign                                        
0     0000a88d  _copysignf                                       
0     0000a897  __register_unlock                                
0     0000a89b  __register_lock                                  
0     0000a89f  __nop                                            
0     0000a8a0  _PIE_illegalIsr                                  
0     0000a8a5  FS$$NEG                                          
0     0000a8aa  __system_pre_init                                
0     0000a8ac  __system_post_cinit                              
0     0000a8ad  ___etext__                                       
0     0000a8ad  etext                                            
0     0000a8ae  ___TI_enable_exit_profile_output                 
0     0000a8b0  ___TI_cleanup_ptr                                
0     0000a8b2  ___TI_dtors_ptr                                  
0     0000a8b4  __lock                                           
0     0000a8b6  __unlock                                         
0     0000a8ba  _cpu                                             
0     0000a8bb  _errno                                           
0     0000a8c0  _gLEDcnt                                         
0     0000a8c2  _halHandle                                       
0     0000a8c4  _gPwmData                                        
0     0000a8ca  _gAdcData                                        
0     0000a8d8  _gDrvSpi8301Vars                                 
0     0000a900  _gMotorVars                                      
0     0000a980  _gUserParams                                     
0     0000aa40  _hal                                             
0     0000ab4e  __IQ30toF                                        
1     00000400  __stack                                          
1     000007b0  __STACK_END                                      
abs   00000036  _RamfuncsLoadSize                                
abs   000003b0  __STACK_SIZE                                     
abs   003f8ae7  _EST_setLs_q_pu                                  
abs   003f8af1  _EST_setLs_qFmt                                  
abs   003f8b45  _EST_setLs_d_pu                                  
abs   003f9513  _EST_getRs_Ohm                                   
abs   003f95c9  _EST_getLs_q_pu                                  
abs   003f95ce  _EST_getLs_q_H                                   
abs   003f95f0  _EST_getLs_d_pu                                  
abs   003f95f5  _EST_getLs_d_H                                   
abs   003f95ff  _EST_getLs_coarse_max_pu                         
abs   003f96ab  _EST_getFlux_pu                                  
abs   003fa83e  _CTRL_setGains                                   
abs   003fb4bb  _OFFSET_setOffset                                
abs   003fb4bd  _OFFSET_setInitCond                              
abs   003fb4c6  _OFFSET_setBeta                                  
abs   003fb4dc  _OFFSET_init                                     
abs   ffffffff  ___TI_pprof_out_hndl                             
abs   ffffffff  ___TI_prof_data_size                             
abs   ffffffff  ___TI_prof_data_start                            
abs   ffffffff  ___binit__                                       
abs   ffffffff  ___c_args__                                      
abs   ffffffff  ___pinit__                                       
abs   ffffffff  binit                                            
abs   ffffffff  pinit                                            

[533 symbols]
