******************************************************************************
             TMS320C2000 Linker Unix v22.6.0                   
******************************************************************************
>> Linked Wed Sep 20 16:58:19 2023

OUTPUT FILE NAME:   <proj_lab02c.out>
ENTRY POINT SYMBOL: "_c_int00"  address: 0000b7b9


MEMORY CONFIGURATION

         name            origin    length      used     unused   attr    fill
----------------------  --------  ---------  --------  --------  ----  --------
PAGE 0:
  BEGIN                 00000000   00000002  00000002  00000000  RWIX
  RAMM0                 00000050   000003b0  00000106  000002aa  RWIX
  RAML0_L8              00008000   0000b800  00003f53  000078ad  RWIX
  FPUTABLES             003fd590   000006a0  00000000  000006a0  RWIX
  IQTABLES              003fdc30   00000b50  00000b50  00000000  RWIX
  IQTABLES2             003fe780   0000008c  00000000  0000008c  RWIX
  IQTABLES3             003fe80c   000000aa  00000000  000000aa  RWIX
  BOOTROM               003ff3b0   00000c10  00000000  00000c10  RWIX
  RESET                 003fffc0   00000002  00000000  00000002  RWIX

PAGE 1:
  BOOT_RSVD             00000002   0000004e  00000000  0000004e  RWIX
  RAMM1                 00000400   00000400  000003b0  00000050  RWIX
  USB_RAM               00040000   00000800  00000000  00000800  RWIX


SECTION ALLOCATION MAP

 output                                  attributes/
section   page    origin      length       input sections
--------  ----  ----------  ----------   ----------------
codestart 
*          0    00000000    00000002     
                  00000000    00000002     CodeStartBranch.obj (codestart)

.cinit     0    00000050    000000d0     
                  00000050    000000ae     proj_lab02c.obj (.cinit)
                  000000fe    0000000e     rts2800_ml.lib : exit.c.obj (.cinit)
                  0000010c    00000005                    : _lock.c.obj (.cinit:__lock)
                  00000111    00000005                    : _lock.c.obj (.cinit:__unlock)
                  00000116    00000004     drv8305.obj (.cinit)
                  0000011a    00000004     rts2800_ml.lib : errno.c.obj (.cinit)
                  0000011e    00000002     --HOLE-- [fill = 0]

ramfuncs   0    00000120    00000036     
                  00000120    00000032     flash.obj (ramfuncs)
                  00000152    00000004     usDelay.obj (ramfuncs)

.text      0    00008000    00003b51     
                  00008000    00000ac1     hal.obj (.text)
                  00008ac1    00000994     ctrl.obj (.text)
                  00009455    0000077b     drv8305.obj (.text)
                  00009bd0    0000044c     proj_lab02c.obj (.text)
                  0000a01c    0000042d     user.obj (.text)
                  0000a449    0000041e     rts2800_ml.lib : e_powf.c.obj (.text)
                  0000a867    000002f7     pwm.obj (.text)
                  0000ab5e    000001ed     adc.obj (.text)
                  0000ad4b    0000018a     clk.obj (.text)
                  0000aed5    00000187     rts2800_ml.lib : e_logf.c.obj (.text)
                  0000b05c    0000017f     gpio.obj (.text)
                  0000b1db    00000101     pie.obj (.text)
                  0000b2dc    000000c6     proj_lab02c.obj (.text:retain)
                  0000b3a2    000000a9     spi.obj (.text)
                  0000b44b    00000083     rts2800_ml.lib : fd_mpy28.asm.obj (.text)
                  0000b4ce    00000083                    : fs_div28.asm.obj (.text)
                  0000b551    00000078                    : fs_add28.asm.obj (.text)
                  0000b5c9    00000075                    : e_sqrtf.c.obj (.text)
                  0000b63e    00000069                    : s_ceilf.c.obj (.text)
                  0000b6a7    0000005d                    : s_scalbnf.c.obj (.text)
                  0000b704    0000005b     pll.obj (.text)
                  0000b75f    0000005a     rts2800_ml.lib : fs_mpy28.asm.obj (.text)
                  0000b7b9    00000054                    : boot28.asm.obj (.text)
                  0000b80d    00000047     offset.obj (.text)
                  0000b854    00000046     wdog.obj (.text)
                  0000b89a    00000043     pwr.obj (.text)
                  0000b8dd    00000032     timer.obj (.text)
                  0000b90f    0000002d     osc.obj (.text)
                  0000b93c    00000029     rts2800_ml.lib : exit.c.obj (.text)
                  0000b965    00000025     cpu.obj (.text)
                  0000b98a    00000025     rts2800_ml.lib : fs_toi28.asm.obj (.text)
                  0000b9af    00000024                    : cpy_tbl.c.obj (.text)
                  0000b9d3    00000021     filter_fo.obj (.text)
                  0000b9f4    00000021     rts2800_ml.lib : fs_toul28.asm.obj (.text)
                  0000ba15    00000020     flash.obj (.text)
                  0000ba35    0000001f     rts2800_ml.lib : fd_tol28.asm.obj (.text)
                  0000ba54    0000001d                    : fs_tou28.asm.obj (.text)
                  0000ba71    0000001d                    : memcpy.c.obj (.text)
                  0000ba8e    0000001c                    : fs_tofd28.asm.obj (.text)
                  0000baaa    0000001a                    : i_tofs28.asm.obj (.text)
                  0000bac4    0000001a                    : l_tofs28.asm.obj (.text)
                  0000bade    00000017                    : fs_cmp28.asm.obj (.text)
                  0000baf5    00000013                    : ul_tofs28.asm.obj (.text)
                  0000bb08    00000011                    : args_main.c.obj (.text)
                  0000bb19    00000010                    : u_tofs28.asm.obj (.text)
                  0000bb29    0000000a                    : s_copysignf.c.obj (.text)
                  0000bb33    00000009                    : _lock.c.obj (.text)
                  0000bb3c    00000008     CodeStartBranch.obj (.text)
                  0000bb44    00000005     pie.obj (.text:retain)
                  0000bb49    00000005     rts2800_ml.lib : fs_neg28.asm.obj (.text)
                  0000bb4e    00000002                    : pre_init.c.obj (.text)
                  0000bb50    00000001                    : startup.c.obj (.text)

.pinit     0    00000050    00000000     UNINITIALIZED

.reset     0    003fffc0    00000002     DSECT
                  003fffc0    00000002     rts2800_ml.lib : boot28.asm.obj (.reset)

.ebss      0    0000bb52    000002d6     UNINITIALIZED
                  0000bb52    00000006     rts2800_ml.lib : exit.c.obj (.ebss)
                  0000bb58    00000002                    : _lock.c.obj (.ebss:__lock)
                  0000bb5a    00000002                    : _lock.c.obj (.ebss:__unlock)
                  0000bb5c    00000002     drv8305.obj (.ebss)
                  0000bb5e    00000001     cpu.obj (.ebss)
                  0000bb5f    00000001     rts2800_ml.lib : errno.c.obj (.ebss)
                  0000bb60    00000020     --HOLE--
                  0000bb80    000001ec     proj_lab02c.obj (.ebss)
                  0000bd6c    00000014     --HOLE--
                  0000bd80    000000a8     hal.obj (.ebss)

.econst    0    0000bece    00000086     
                  0000bece    00000032     rts2800_ml.lib : e_powf.c.obj (.econst)
                  0000bf00    00000010                    : e_logf.c.obj (.econst)
                  0000bf10    00000008     user.obj (.econst)
                  0000bf18    00000006     rts2800_ml.lib : s_scalbnf.c.obj (.econst)
                  0000bf1e    00000004     ctrl.obj (.econst:_$P$T0$1)
                  0000bf22    00000004     ctrl.obj (.econst:_$P$T1$2)
                  0000bf26    00000004     ctrl.obj (.econst:_$P$T2$3)
                  0000bf2a    00000004     ctrl.obj (.econst:_$P$T3$4)
                  0000bf2e    00000004     ctrl.obj (.econst:_$P$T4$5)
                  0000bf32    00000004     ctrl.obj (.econst:_$P$T5$6)
                  0000bf36    00000004     rts2800_ml.lib : e_powf.c.obj (.econst:_bp)
                  0000bf3a    00000004                    : e_powf.c.obj (.econst:_dp_h)
                  0000bf3e    00000004                    : e_powf.c.obj (.econst:_dp_l)
                  0000bf42    00000004     ctrl.obj (.econst)
                  0000bf46    00000004     hal.obj (.econst)
                  0000bf4a    00000004     proj_lab02c.obj (.econst)
                  0000bf4e    00000004     rts2800_ml.lib : e_sqrtf.c.obj (.econst)
                  0000bf52    00000002                    : s_ceilf.c.obj (.econst)

.stack     1    00000400    000003b0     UNINITIALIZED
                  00000400    000003b0     --HOLE--

IQmath     0    0000be28    000000a6     
                  0000be28    00000042     IQmath.lib : IQ24sqrt.obj (IQmath)
                  0000be6a    00000029                : IQ24sinPU.obj (IQmath)
                  0000be93    00000027                : IQ24cosPU.obj (IQmath)
                  0000beba    00000014                : IQ30toF.obj (IQmath)

IQmathTables 
*          0    003fdc30    00000b50     NOLOAD SECTION
                  003fdc30    00000b50     IQmath.lib : IQmathTables.obj (IQmathTables)

MODULE SUMMARY

       Module                code    initialized data   uninitialized data
       ------                ----    ----------------   ------------------
    ./
       hal.obj               2753    4                  168               
       ctrl.obj              2452    28                 0                 
       proj_lab02c.obj       1298    178                492               
       drv8305.obj           1915    4                  2                 
       user.obj              1069    8                  0                 
       pwm.obj               759     0                  0                 
       adc.obj               493     0                  0                 
       clk.obj               394     0                  0                 
       gpio.obj              383     0                  0                 
       pie.obj               262     0                  0                 
       spi.obj               169     0                  0                 
       pll.obj               91      0                  0                 
       flash.obj             82      0                  0                 
       offset.obj            71      0                  0                 
       wdog.obj              70      0                  0                 
       pwr.obj               67      0                  0                 
       timer.obj             50      0                  0                 
       osc.obj               45      0                  0                 
       cpu.obj               37      0                  1                 
       filter_fo.obj         33      0                  0                 
       CodeStartBranch.obj   10      0                  0                 
       usDelay.obj           4       0                  0                 
    +--+---------------------+-------+------------------+--------------------+
       Total:                12507   222                663               
                                                                          
    /Applications/ti/ccs1240/ccs/tools/compiler/ti-cgt-c2000_22.6.0.LTS/lib/rts2800_ml.lib
       e_powf.c.obj          1054    62                 0                 
       e_logf.c.obj          391     16                 0                 
       fd_mpy28.asm.obj      131     0                  0                 
       fs_div28.asm.obj      131     0                  0                 
       e_sqrtf.c.obj         117     4                  0                 
       fs_add28.asm.obj      120     0                  0                 
       s_ceilf.c.obj         105     2                  0                 
       s_scalbnf.c.obj       93      6                  0                 
       fs_mpy28.asm.obj      90      0                  0                 
       boot28.asm.obj        84      0                  0                 
       exit.c.obj            41      14                 6                 
       fs_toi28.asm.obj      37      0                  0                 
       cpy_tbl.c.obj         36      0                  0                 
       fs_toul28.asm.obj     33      0                  0                 
       fd_tol28.asm.obj      31      0                  0                 
       fs_tou28.asm.obj      29      0                  0                 
       memcpy.c.obj          29      0                  0                 
       fs_tofd28.asm.obj     28      0                  0                 
       i_tofs28.asm.obj      26      0                  0                 
       l_tofs28.asm.obj      26      0                  0                 
       _lock.c.obj           9       10                 4                 
       fs_cmp28.asm.obj      23      0                  0                 
       ul_tofs28.asm.obj     19      0                  0                 
       args_main.c.obj       17      0                  0                 
       u_tofs28.asm.obj      16      0                  0                 
       s_copysignf.c.obj     10      0                  0                 
       errno.c.obj           0       4                  1                 
       fs_neg28.asm.obj      5       0                  0                 
       pre_init.c.obj        2       0                  0                 
       startup.c.obj         1       0                  0                 
    +--+---------------------+-------+------------------+--------------------+
       Total:                2734    118                11                
                                                                          
    /Users/paiva/Documents/ti/motorware_1_01_00_18/sw/modules/iqmath/lib/f28x/32b/IQmath.lib
       IQmathTables.obj      0       2896               0                 
       IQ24sqrt.obj          0       66                 0                 
       IQ24sinPU.obj         0       41                 0                 
       IQ24cosPU.obj         0       39                 0                 
       IQ30toF.obj           0       20                 0                 
    +--+---------------------+-------+------------------+--------------------+
       Total:                0       3062               0                 
                                                                          
       Stack:                0       0                  944               
    +--+---------------------+-------+------------------+--------------------+
       Grand Total:          15241   3402               1618              


GLOBAL DATA SYMBOLS: SORTED BY DATA PAGE

address     data page           name
--------    ----------------    ----
00000400      10 (00000400)     __stack

0000bb52     2ed (0000bb40)     ___TI_enable_exit_profile_output
0000bb54     2ed (0000bb40)     ___TI_cleanup_ptr
0000bb56     2ed (0000bb40)     ___TI_dtors_ptr
0000bb58     2ed (0000bb40)     __lock
0000bb5a     2ed (0000bb40)     __unlock
0000bb5e     2ed (0000bb40)     _cpu
0000bb5f     2ed (0000bb40)     _errno

0000bb80     2ee (0000bb80)     _gCounter_updateGlobals
0000bb81     2ee (0000bb80)     _Flag_Latch_softwareUpdate
0000bb82     2ee (0000bb80)     _gLEDcnt
0000bb83     2ee (0000bb80)     _gLs_qFmt
0000bb84     2ee (0000bb80)     _gMax_Ls_qFmt
0000bb86     2ee (0000bb80)     _ctrlHandle
0000bb88     2ee (0000bb80)     _halHandle
0000bb8a     2ee (0000bb80)     _gMaxCurrentSlope
0000bb8c     2ee (0000bb80)     _controller_obj
0000bb8e     2ee (0000bb80)     _gLs_pu
0000bb90     2ee (0000bb80)     _gPwmData
0000bb96     2ee (0000bb80)     _gAdcData

0000bbc0     2ef (0000bbc0)     _gDrvSpi8305Vars

0000bc40     2f1 (0000bc40)     _gMotorVars

0000bcc0     2f3 (0000bcc0)     _gUserParams

0000bd80     2f6 (0000bd80)     _hal

0000be28     2f8 (0000be00)     __IQ24sqrt

0000be6a     2f9 (0000be40)     __IQ24sinPU

0000be93     2fa (0000be80)     __IQ24cosPU
0000beba     2fa (0000be80)     __IQ30toF

003fdc30    ff70 (003fdc00)     _IQsinTable

003fdd30    ff74 (003fdd00)     _IQcosTable

003fe030    ff80 (003fe000)     _IQsinTableEnd

003fe132    ff84 (003fe100)     _IQcosTableEnd
003fe132    ff84 (003fe100)     _IQdivRoundSatTable

003fe140    ff85 (003fe140)     _IQdivTable

003fe342    ff8d (003fe340)     _IQdivTableEnd
003fe342    ff8d (003fe340)     _IQisqrtRoundSatTable
003fe342    ff8d (003fe340)     _IQsqrtRoundSatTable
003fe352    ff8d (003fe340)     _IQisqrtTable
003fe352    ff8d (003fe340)     _IQsqrtTable

003fe454    ff91 (003fe440)     _IQatan2HalfPITable
003fe454    ff91 (003fe440)     _IQisqrtTableEnd
003fe454    ff91 (003fe440)     _IQsqrtTableEnd

003fe492    ff92 (003fe480)     _IQatan2Table

003fe618    ff98 (003fe600)     _IQ30mpyRndSatTable
003fe618    ff98 (003fe600)     _IQatan2TableEnd
003fe618    ff98 (003fe600)     _IQmpyRndSatTable
003fe624    ff98 (003fe600)     _IQ29mpyRndSatTable
003fe630    ff98 (003fe600)     _IQ28mpyRndSatTable
003fe63c    ff98 (003fe600)     _IQ27mpyRndSatTable

003fe648    ff99 (003fe640)     _IQ26mpyRndSatTable
003fe654    ff99 (003fe640)     _IQ25mpyRndSatTable
003fe660    ff99 (003fe640)     _IQ24mpyRndSatTable
003fe66c    ff99 (003fe640)     _IQ23mpyRndSatTable
003fe678    ff99 (003fe640)     _IQ22mpyRndSatTable

003fe684    ff9a (003fe680)     _IQ21mpyRndSatTable
003fe690    ff9a (003fe680)     _IQ20mpyRndSatTable
003fe69c    ff9a (003fe680)     _IQ19mpyRndSatTable
003fe6a8    ff9a (003fe680)     _IQ18mpyRndSatTable
003fe6b4    ff9a (003fe680)     _IQ17mpyRndSatTable

003fe6c0    ff9b (003fe6c0)     _IQ16mpyRndSatTable
003fe6cc    ff9b (003fe6c0)     _IQ15mpyRndSatTable
003fe6d8    ff9b (003fe6c0)     _IQ14mpyRndSatTable
003fe6e4    ff9b (003fe6c0)     _IQ13mpyRndSatTable
003fe6f0    ff9b (003fe6c0)     _IQ12mpyRndSatTable
003fe6fc    ff9b (003fe6c0)     _IQ11mpyRndSatTable

003fe708    ff9c (003fe700)     _IQ10mpyRndSatTable
003fe714    ff9c (003fe700)     _IQ9mpyRndSatTable
003fe720    ff9c (003fe700)     _IQ8mpyRndSatTable
003fe72c    ff9c (003fe700)     _IQ7mpyRndSatTable
003fe738    ff9c (003fe700)     _IQ6mpyRndSatTable

003fe744    ff9d (003fe740)     _IQ5mpyRndSatTable
003fe750    ff9d (003fe740)     _IQ4mpyRndSatTable
003fe75c    ff9d (003fe740)     _IQ3mpyRndSatTable
003fe768    ff9d (003fe740)     _IQ2mpyRndSatTable
003fe774    ff9d (003fe740)     _IQ1mpyRndSatTable

003fe780    ff9e (003fe780)     _IQmpyRndSatTableEnd


GLOBAL SYMBOLS: SORTED ALPHABETICALLY BY Name 

page  address   name                                             
----  -------   ----                                             
0     00008000  .text                                            
0     0000b93c  C$$EXIT                                          
0     0000b44b  FD$$MPY                                          
0     0000ba35  FD$$TOL                                          
0     0000b556  FS$$ADD                                          
0     0000bade  FS$$CMP                                          
0     0000b4ce  FS$$DIV                                          
0     0000b75f  FS$$MPY                                          
0     0000bb49  FS$$NEG                                          
0     0000b551  FS$$SUB                                          
0     0000ba8e  FS$$TOFD                                         
0     0000b98a  FS$$TOI                                          
0     0000ba54  FS$$TOU                                          
0     0000b9f4  FS$$TOUL                                         
0     0000baaa  I$$TOFS                                          
0     0000bac4  L$$TOFS                                          
0     0000bb19  U$$TOFS                                          
0     0000baf5  UL$$TOFS                                         
0     0000ad41  _ADC_disable                                     
0     0000ad37  _ADC_disableBandGap                              
0     0000ad20  _ADC_disableInt                                  
0     0000ad16  _ADC_disableNoOverlapMode                        
0     0000ad0c  _ADC_disableRefBuffers                           
0     0000ad02  _ADC_disableVoltRefLoConv                        
0     0000acf8  _ADC_enable                                      
0     0000acee  _ADC_enableBandGap                               
0     0000acd8  _ADC_enableInt                                   
0     0000acce  _ADC_enableNoOverlapMode                         
0     0000acc4  _ADC_enableRefBuffers                            
0     0000acba  _ADC_enableVoltRefLoConv                         
0     0000acb2  _ADC_getDivideSelect                             
0     0000acab  _ADC_init                                        
0     0000aca1  _ADC_powerDown                                   
0     0000ac97  _ADC_powerUp                                     
0     0000ac8d  _ADC_reset                                       
0     0000ac7c  _ADC_setDivideSelect                             
0     0000ac5b  _ADC_setIntMode                                  
0     0000ac4a  _ADC_setIntPulseGenMode                          
0     0000ac29  _ADC_setIntSrc                                   
0     0000ac22  _ADC_setOffTrim                                  
0     0000ac0b  _ADC_setSampleMode                               
0     0000abf8  _ADC_setSampleOverlapMode                        
0     0000abe4  _ADC_setSocChanNumber                            
0     0000abda  _ADC_setSocFrc                                   
0     0000abd3  _ADC_setSocFrcWord                               
0     0000abbf  _ADC_setSocSampleDelay                           
0     0000abab  _ADC_setSocTrigSrc                               
0     0000ab9a  _ADC_setTempSensorSrc                            
0     0000ab89  _ADC_setVoltRefSrc                               
0     0000ab5e  _ADC_setupSocTrigSrc                             
0     0000aece  _CLK_disableAdcClock                             
0     0000aec7  _CLK_disableClaClock                             
0     0000aec1  _CLK_disableClkIn                                
0     0000aebd  _CLK_disableCompClock                            
0     0000aeb6  _CLK_disableCpuTimerClock                        
0     0000aeb0  _CLK_disableCrystalOsc                           
0     0000aea9  _CLK_disableEcanaClock                           
0     0000aea2  _CLK_disableEcap1Clock                           
0     0000ae9b  _CLK_disableEqep1Clock                           
0     0000ae94  _CLK_disableEqep2Clock                           
0     0000ae8d  _CLK_disableGpioInputClock                       
0     0000ae86  _CLK_disableHrPwmClock                           
0     0000ae7f  _CLK_disableI2cClock                             
0     0000ae78  _CLK_disableLinAClock                            
0     0000ae72  _CLK_disableOsc1                                 
0     0000ae6c  _CLK_disableOsc1HaltMode                         
0     0000ae66  _CLK_disableOsc2                                 
0     0000ae60  _CLK_disableOsc2HaltMode                         
0     0000ae56  _CLK_disablePwmClock                             
0     0000ae4f  _CLK_disableSciaClock                            
0     0000ae48  _CLK_disableScibClock                            
0     0000ae41  _CLK_disableSpiaClock                            
0     0000ae3d  _CLK_disableSpibClock                            
0     0000ae36  _CLK_disableTbClockSync                          
0     0000ae30  _CLK_disableWatchDogHaltMode                     
0     0000ae29  _CLK_enableAdcClock                              
0     0000ae22  _CLK_enableClaClock                              
0     0000ae1c  _CLK_enableClkIn                                 
0     0000ae16  _CLK_enableCompClock                             
0     0000ae10  _CLK_enableCpuTimerClock                         
0     0000ae0a  _CLK_enableCrystalOsc                            
0     0000ae03  _CLK_enableEcanaClock                            
0     0000adfc  _CLK_enableEcap1Clock                            
0     0000adf5  _CLK_enableEqep1Clock                            
0     0000adee  _CLK_enableEqep2Clock                            
0     0000ade7  _CLK_enableGpioInputClock                        
0     0000ade0  _CLK_enableHrPwmClock                            
0     0000add9  _CLK_enableI2cClock                              
0     0000add2  _CLK_enableLinAClock                             
0     0000adcc  _CLK_enableOsc1                                  
0     0000adc6  _CLK_enableOsc1HaltMode                          
0     0000adc0  _CLK_enableOsc2                                  
0     0000adba  _CLK_enableOsc2HaltMode                          
0     0000adb1  _CLK_enablePwmClock                              
0     0000adaa  _CLK_enableSciaClock                             
0     0000ada3  _CLK_enableScibClock                             
0     0000ad9c  _CLK_enableSpiaClock                             
0     0000ad95  _CLK_enableSpibClock                             
0     0000ad8e  _CLK_enableTbClockSync                           
0     0000ad88  _CLK_enableWatchDogHaltMode                      
0     0000ad82  _CLK_init                                        
0     0000ad7b  _CLK_setClkOutPreScaler                          
0     0000ad75  _CLK_setLowSpdPreScaler                          
0     0000ad6e  _CLK_setOsc2Src                                  
0     0000ad67  _CLK_setOscSrc                                   
0     0000ad60  _CLK_setTimer2PreScale                           
0     0000ad59  _CLK_setTimer2Src                                
0     0000ad52  _CLK_setWatchDogSrc                              
0     0000ad4b  _CLK_setXClkInSrc                                
0     0000b987  _CPU_clearIntFlags                               
0     0000b984  _CPU_disableDebugInt                             
0     0000b981  _CPU_disableGlobalInts                           
0     0000b97c  _CPU_disableInt                                  
0     0000b979  _CPU_disableInts                                 
0     0000b976  _CPU_disableProtectedRegisterWrite               
0     0000b973  _CPU_enableDebugInt                              
0     0000b970  _CPU_enableGlobalInts                            
0     0000b96c  _CPU_enableInt                                   
0     0000b969  _CPU_enableProtectedRegisterWrite                
0     0000b965  _CPU_init                                        
0     00009d9e  _CTRL_calcMax_Ls_qFmt                            
0     00009419  _CTRL_getGains                                   
0     00009412  _CTRL_getIab_filt_pu                             
0     0000940b  _CTRL_getIab_in_pu                               
0     00009404  _CTRL_getIdq_in_pu                               
0     000093fd  _CTRL_getIdq_ref_pu                              
0     00009452  _CTRL_getMagCurrent_pu                           
0     0000944f  _CTRL_getMaximumSpeed_pu                         
0     000093f6  _CTRL_getVab_in_pu                               
0     000093ef  _CTRL_getVab_out_pu                              
0     000093e8  _CTRL_getVdq_out_pu                              
abs   003fa721  _CTRL_getVersion                                 
0     000093df  _CTRL_getWaitTimes                               
abs   003fa6fb  _CTRL_initCtrl                                   
0     00009d63  _CTRL_resetLs_qFmt                               
0     00008eb0  _CTRL_run                                        
abs   003fa5d1  _CTRL_runTraj                                    
abs   003f9e64  _CTRL_setEstParams                               
0     00008c29  _CTRL_setGains                                   
0     0000944c  _CTRL_setMagCurrent_pu                           
0     00009449  _CTRL_setMaximumSpeed_pu                         
0     00008c51  _CTRL_setParams                                  
0     00008c16  _CTRL_setSpd_ref_krpm                            
0     00008c13  _CTRL_setSpd_ref_pu                              
abs   003f9d31  _CTRL_setUserMotorParams                         
0     00008c0a  _CTRL_setWaitTimes                               
0     00008c00  _CTRL_setup                                      
0     00008be4  _CTRL_setupClarke_I                              
0     00008bce  _CTRL_setupClarke_V                              
abs   003f9b43  _CTRL_setupCtrl                                  
abs   003f99a5  _CTRL_setupEstIdleState                          
abs   003f996a  _CTRL_setupEstOnLineState                        
abs   003f9806  _CTRL_setupTraj                                  
0     00008b74  _CTRL_setup_user                                 
0     00008ac1  _CTRL_updateState                                
0     00009bad  _DRV8305_enable                                  
0     00009ba7  _DRV8305_getCSBlank                              
0     00009ba1  _DRV8305_getCSGain1                              
0     00009b9b  _DRV8305_getCSGain2                              
0     00009b95  _DRV8305_getCSGain3                              
0     00009b8e  _DRV8305_getCommOption                           
0     00009b77  _DRV8305_getDcCalMode                            
0     00009b71  _DRV8305_getDeadTime                             
0     00009b6b  _DRV8305_getPeakSinkCurHS                        
0     00009b65  _DRV8305_getPeakSinkCurLS                        
0     00009b5e  _DRV8305_getPeakSinkTime                         
0     00009b58  _DRV8305_getPeakSourCurHS                        
0     00009b52  _DRV8305_getPeakSourCurLS                        
0     00009b4b  _DRV8305_getPeakSourTime                         
0     00009b44  _DRV8305_getPwmMode                              
0     00009b3e  _DRV8305_getSleepDelay                           
0     00009b38  _DRV8305_getVDSBlanking                          
0     00009b32  _DRV8305_getVDSDeglitch                          
0     00009b2c  _DRV8305_getVDSLevel                             
0     00009b26  _DRV8305_getVDSMode                              
0     00009b1f  _DRV8305_getVrefScaling                          
0     00009b19  _DRV8305_getVregUvLevel                          
0     00009b13  _DRV8305_getWatchDelay                           
0     00009b0a  _DRV8305_init                                    
0     00009b03  _DRV8305_isFault                                 
0     00009928  _DRV8305_readData                                
0     00009555  _DRV8305_readSpi                                 
0     00009919  _DRV8305_reset                                   
0     00009905  _DRV8305_setCSBlank                              
0     000098f1  _DRV8305_setCSGain1                              
0     000098dd  _DRV8305_setCSGain2                              
0     000098c9  _DRV8305_setCSGain3                              
0     000098b5  _DRV8305_setCommOption                           
0     00009891  _DRV8305_setDcCalMode                            
0     0000987d  _DRV8305_setDeadTime                             
0     0000987b  _DRV8305_setGpioHandle                           
0     00009879  _DRV8305_setGpioNumber                           
0     00009865  _DRV8305_setPeakSinkCurHS                        
0     00009851  _DRV8305_setPeakSinkCurLS                        
0     0000983d  _DRV8305_setPeakSinkTime                         
0     00009829  _DRV8305_setPeakSourCurHS                        
0     00009815  _DRV8305_setPeakSourTime                         
0     00009801  _DRV8305_setPwmMode                              
0     000097ed  _DRV8305_setSleepDelay                           
0     000097eb  _DRV8305_setSpiHandle                            
0     000097d7  _DRV8305_setVDSBlanking                          
0     000097c3  _DRV8305_setVDSDeglitch                          
0     000097af  _DRV8305_setVDSLevel                             
0     0000979b  _DRV8305_setVDSMode                              
0     00009787  _DRV8305_setVrefScaling                          
0     00009773  _DRV8305_setVregUvLevel                          
0     0000975f  _DRV8305_setWatchDelay                           
0     00009587  _DRV8305_setupSpi                                
0     00009471  _DRV8305_writeData                               
0     00009455  _DRV8305_writeSpi                                
abs   003f86ad  _EST_computeDirection_qFmt                       
abs   003f9760  _EST_doCurrentCtrl                               
abs   003f9758  _EST_doSpeedCtrl                                 
abs   003f8c0d  _EST_getAngle_pu                                 
abs   003f96be  _EST_getFlux_VpHz                                
abs   003f96ab  _EST_getFlux_pu                                  
abs   003f968e  _EST_getFm_pu                                    
abs   003f9632  _EST_getIdRated                                  
abs   003f95ff  _EST_getLs_coarse_max_pu                         
abs   003f95f5  _EST_getLs_d_H                                   
abs   003f95f0  _EST_getLs_d_pu                                  
abs   003f95d3  _EST_getLs_qFmt                                  
abs   003f95ce  _EST_getLs_q_H                                   
abs   003f95c9  _EST_getLs_q_pu                                  
abs   003f95bd  _EST_getMaxCurrentSlope_pu                       
abs   003f95b3  _EST_getOneOverDcBus_pu                          
abs   003f95ad  _EST_getRr_Ohm                                   
abs   003f9513  _EST_getRs_Ohm                                   
abs   003f94c6  _EST_getSpeed_krpm                               
abs   003f861b  _EST_getState                                    
abs   003f9458  _EST_get_krpm_to_pu_sf                           
abs   003f9453  _EST_get_pu_to_krpm_sf                           
abs   003f938d  _EST_isError                                     
abs   003f9386  _EST_isIdle                                      
abs   003f937f  _EST_isLockRotor                                 
abs   003f8679  _EST_isMotorIdentified                           
abs   003f9378  _EST_isOnLine                                    
abs   003f927b  _EST_run                                         
abs   003f8bf5  _EST_setDir_qFmt                                 
abs   003f8be8  _EST_setFe_neg_max_pu                            
abs   003f8be4  _EST_setFe_pos_min_pu                            
abs   003f8bdb  _EST_setFlag_enableForceAngle                    
abs   003f8b80  _EST_setId_ref_pu                                
abs   003f8b7a  _EST_setIdle                                     
abs   003f8b67  _EST_setIdle_all                                 
abs   003f8b63  _EST_setIq_ref_pu                                
abs   003f8b45  _EST_setLs_d_pu                                  
abs   003f8af1  _EST_setLs_qFmt                                  
abs   003f8ae7  _EST_setLs_q_pu                                  
abs   003f8adb  _EST_setMaxCurrentSlope_pu                       
abs   003f8a18  _EST_setRs_pu                                    
abs   003f89f5  _EST_updateId_ref_pu                             
abs   003f8713  _EST_updateState                                 
abs   003f861d  _EST_useZeroIq_ref                               
0     0000b9f1  _FILTER_FO_getDenCoeffs                          
0     0000b9ea  _FILTER_FO_getInitialConditions                  
0     0000b9e4  _FILTER_FO_getNumCoeffs                          
0     0000b9de  _FILTER_FO_init                                  
0     0000b9dc  _FILTER_FO_setDenCoeffs                          
0     0000b9d7  _FILTER_FO_setInitialConditions                  
0     0000b9d3  _FILTER_FO_setNumCoeffs                          
0     0000ba2f  _FLASH_clear3VStatus                             
0     0000014c  _FLASH_disablePipelineMode                       
0     00000146  _FLASH_enablePipelineMode                        
0     0000ba2c  _FLASH_get3VStatus                               
0     0000ba29  _FLASH_getActiveWaitCount                        
0     0000ba25  _FLASH_getActiveWaitStatus                       
0     0000ba22  _FLASH_getPowerMode                              
0     0000ba1f  _FLASH_getStandbyWaitCount                       
0     0000ba1b  _FLASH_getStandbyWaitStatus                      
0     0000ba15  _FLASH_init                                      
0     00000141  _FLASH_setActiveWaitCount                        
0     0000013a  _FLASH_setNumPagedReadWaitStates                 
0     00000133  _FLASH_setNumRandomReadWaitStates                
0     0000012c  _FLASH_setOtpWaitStates                          
0     00000125  _FLASH_setPowerMode                              
0     00000120  _FLASH_setStandbyWaitCount                       
0     0000bb81  _Flag_Latch_softwareUpdate                       
0     0000b1cd  _GPIO_getData                                    
0     0000b1c2  _GPIO_getPortData                                
0     0000b1bc  _GPIO_init                                       
0     0000b1b2  _GPIO_lpmSelect                                  
0     0000b19f  _GPIO_read                                       
0     0000b185  _GPIO_setDirection                               
0     0000b17a  _GPIO_setExtInt                                  
0     0000b16a  _GPIO_setHigh                                    
0     0000b15a  _GPIO_setLow                                     
0     0000b126  _GPIO_setMode                                    
0     0000b118  _GPIO_setPortData                                
0     0000b0fe  _GPIO_setPullup                                  
0     0000b0c1  _GPIO_setQualification                           
0     0000b06c  _GPIO_setQualificationPeriod                     
0     0000b05c  _GPIO_toggle                                     
0     00008597  _HAL_AdcCalChanSelect                            
0     000085ee  _HAL_AdcCalConversion                            
0     00008746  _HAL_AdcOffsetSelfCal                            
0     0000880c  _HAL_OscTempComp                                 
0     00008860  _HAL_cal                                         
0     00008abd  _HAL_disableGlobalInts                           
0     000089b4  _HAL_disableWdog                                 
0     00008aab  _HAL_enableAdcInts                               
0     00008aa7  _HAL_enableDebugInt                              
0     00008aa2  _HAL_enableDrv                                   
0     00008a9e  _HAL_enableGlobalInts                            
0     00008a8d  _HAL_enablePwmInt                                
0     00008a7d  _HAL_enableTimer0Int                             
0     00008779  _HAL_getOscTrimValue                             
0     000089b9  _HAL_init                                        
0     0000878c  _HAL_osc1Comp                                    
0     000087cc  _HAL_osc2Comp                                    
0     000089af  _HAL_readDrvData                                 
0     00008995  _HAL_setDacParameters                            
0     00008877  _HAL_setParams                                   
0     000084e2  _HAL_setupAdcs                                   
0     000084c6  _HAL_setupClks                                   
0     000084c1  _HAL_setupDrvSpi                                 
0     000084a3  _HAL_setupFaults                                 
0     00008485  _HAL_setupFlash                                  
0     00008470  _HAL_setupGate                                   
0     000082d4  _HAL_setupGpios                                  
0     00008280  _HAL_setupPeripheralClks                         
0     00008264  _HAL_setupPie                                    
0     00008225  _HAL_setupPll                                    
0     000081a2  _HAL_setupPwmDacs                                
0     000080ca  _HAL_setupPwms                                   
0     00008094  _HAL_setupSpiA                                   
0     0000805e  _HAL_setupSpiB                                   
0     00008005  _HAL_setupTimers                                 
0     00008000  _HAL_writeDrvData                                
0     003fe708  _IQ10mpyRndSatTable                              
0     003fe6fc  _IQ11mpyRndSatTable                              
0     003fe6f0  _IQ12mpyRndSatTable                              
0     003fe6e4  _IQ13mpyRndSatTable                              
0     003fe6d8  _IQ14mpyRndSatTable                              
0     003fe6cc  _IQ15mpyRndSatTable                              
0     003fe6c0  _IQ16mpyRndSatTable                              
0     003fe6b4  _IQ17mpyRndSatTable                              
0     003fe6a8  _IQ18mpyRndSatTable                              
0     003fe69c  _IQ19mpyRndSatTable                              
0     003fe774  _IQ1mpyRndSatTable                               
0     003fe690  _IQ20mpyRndSatTable                              
0     003fe684  _IQ21mpyRndSatTable                              
0     003fe678  _IQ22mpyRndSatTable                              
0     003fe66c  _IQ23mpyRndSatTable                              
0     003fe660  _IQ24mpyRndSatTable                              
0     003fe654  _IQ25mpyRndSatTable                              
0     003fe648  _IQ26mpyRndSatTable                              
0     003fe63c  _IQ27mpyRndSatTable                              
0     003fe630  _IQ28mpyRndSatTable                              
0     003fe624  _IQ29mpyRndSatTable                              
0     003fe768  _IQ2mpyRndSatTable                               
0     003fe618  _IQ30mpyRndSatTable                              
0     003fe75c  _IQ3mpyRndSatTable                               
0     003fe750  _IQ4mpyRndSatTable                               
0     003fe744  _IQ5mpyRndSatTable                               
0     003fe738  _IQ6mpyRndSatTable                               
0     003fe72c  _IQ7mpyRndSatTable                               
0     003fe720  _IQ8mpyRndSatTable                               
0     003fe714  _IQ9mpyRndSatTable                               
0     003fe454  _IQatan2HalfPITable                              
0     003fe492  _IQatan2Table                                    
0     003fe618  _IQatan2TableEnd                                 
0     003fdd30  _IQcosTable                                      
0     003fe132  _IQcosTableEnd                                   
0     003fe132  _IQdivRoundSatTable                              
0     003fe140  _IQdivTable                                      
0     003fe342  _IQdivTableEnd                                   
0     003fe342  _IQisqrtRoundSatTable                            
0     003fe352  _IQisqrtTable                                    
0     003fe454  _IQisqrtTableEnd                                 
0     003fe618  _IQmpyRndSatTable                                
0     003fe780  _IQmpyRndSatTableEnd                             
0     003fdc30  _IQsinTable                                      
0     003fe030  _IQsinTableEnd                                   
0     003fe342  _IQsqrtRoundSatTable                             
0     003fe352  _IQsqrtTable                                     
0     003fe454  _IQsqrtTableEnd                                  
0     0000b845  _OFFSET_getBeta                                  
0     0000b834  _OFFSET_init                                     
0     0000b81e  _OFFSET_setBeta                                  
0     0000b80f  _OFFSET_setInitCond                              
0     0000b80d  _OFFSET_setOffset                                
0     0000b936  _OSC_init                                        
0     0000b929  _OSC_setCoarseTrim                               
0     0000b918  _OSC_setFineTrim                                 
0     0000b90f  _OSC_setTrim                                     
0     0000b2d5  _PIE_clearAllFlags                               
0     0000b2d2  _PIE_clearAllInts                                
0     0000b2cf  _PIE_disable                                     
0     0000b2c8  _PIE_disableAllInts                              
0     0000b2c4  _PIE_disableCaptureInt                           
0     0000b2bb  _PIE_disableExtInt                               
0     0000b2b1  _PIE_disableInt                                  
0     0000b2ae  _PIE_enable                                      
0     0000b292  _PIE_enableAdcInt                                
0     0000b28e  _PIE_enableCaptureInt                            
0     0000b271  _PIE_enableExtInt                                
0     0000b268  _PIE_enableInt                                   
0     0000b263  _PIE_enablePwmInt                                
0     0000b25e  _PIE_enablePwmTzInt                              
0     0000b25b  _PIE_enableTimer0Int                             
0     0000b252  _PIE_forceInt                                    
0     0000b24a  _PIE_getExtIntCount                              
0     0000b243  _PIE_getIntEnables                               
0     0000b23c  _PIE_getIntFlags                                 
0     0000bb44  _PIE_illegalIsr                                  
0     0000b235  _PIE_init                                        
0     0000b223  _PIE_registerPieIntHandler                       
0     0000b218  _PIE_registerSystemIntHandler                    
0     0000b20d  _PIE_setDefaultIntVectorTable                    
0     0000b1fc  _PIE_setExtIntPolarity                           
0     0000b1e8  _PIE_unregisterPieIntHandler                     
0     0000b1db  _PIE_unregisterSystemIntHandler                  
0     0000b759  _PLL_disable                                     
0     0000b753  _PLL_disableClkDetect                            
0     0000b74d  _PLL_disableNormRdy                              
0     0000b747  _PLL_disableOsc                                  
0     0000b741  _PLL_enable                                      
0     0000b73b  _PLL_enableClkDetect                             
0     0000b735  _PLL_enableNormRdy                               
0     0000b72f  _PLL_enableOsc                                   
0     0000b72b  _PLL_getClkFreq                                  
0     0000b728  _PLL_getClkStatus                                
0     0000b725  _PLL_getDivideSelect                             
0     0000b722  _PLL_getLockStatus                               
0     0000b71c  _PLL_init                                        
0     0000b716  _PLL_resetClkDetect                              
0     0000b710  _PLL_setClkFreq                                  
0     0000b709  _PLL_setDivideSelect                             
0     0000b704  _PLL_setLockPeriod                               
0     0000ab58  _PWM_clearTripZone                               
0     0000ab55  _PWM_decrementDeadBandFallingEdgeDelay           
0     0000ab52  _PWM_decrementDeadBandRisingEdgeDelay            
0     0000ab4b  _PWM_disableAutoConvert                          
0     0000ab47  _PWM_disableChopping                             
0     0000ab44  _PWM_disableCounterLoad                          
0     0000ab41  _PWM_disableDeadBand                             
0     0000ab3d  _PWM_disableDeadBandHalfCycle                    
0     0000ab36  _PWM_disableDigitalCompareBlankingWindow         
0     0000ab2f  _PWM_disableDigitalCompareBlankingWindowInversion
0     0000ab28  _PWM_disableHrPeriod                             
0     0000ab21  _PWM_disableHrPhaseSync                          
0     0000ab1d  _PWM_disableInt                                  
0     0000ab19  _PWM_disableSocAPulse                            
0     0000ab15  _PWM_disableSocBPulse                            
0     0000ab0e  _PWM_disableTripZoneInt                          
0     0000ab07  _PWM_disableTripZoneSrc                          
0     0000ab01  _PWM_disableTripZones                            
0     0000aafa  _PWM_enableAutoConvert                           
0     0000aaf6  _PWM_enableChopping                              
0     0000aaf3  _PWM_enableCounterLoad                           
0     0000aaef  _PWM_enableDeadBandHalfCycle                     
0     0000aae8  _PWM_enableDigitalCompareBlankingWindow          
0     0000aae1  _PWM_enableDigitalCompareBlankingWindowInversion 
0     0000aada  _PWM_enableHrPeriod                              
0     0000aad3  _PWM_enableHrPhaseSync                           
0     0000aacf  _PWM_enableInt                                   
0     0000aacb  _PWM_enableSocAPulse                             
0     0000aac7  _PWM_enableSocBPulse                             
0     0000aac1  _PWM_enableTripZoneInt                           
0     0000aabb  _PWM_enableTripZoneSrc                           
0     0000aab8  _PWM_getDeadBandFallingEdgeDelay                 
0     0000aab5  _PWM_getDeadBandRisingEdgeDelay                  
0     0000aab1  _PWM_getIntCount                                 
0     0000aaad  _PWM_getShadowStatus_CmpA                        
0     0000aaa9  _PWM_getShadowStatus_CmpB                        
0     0000aaa4  _PWM_getSocACount                                
0     0000aa9f  _PWM_getSocBCount                                
0     0000aa9c  _PWM_incrementDeadBandFallingEdgeDelay           
0     0000aa99  _PWM_incrementDeadBandRisingEdgeDelay            
0     0000aa93  _PWM_init                                        
0     0000aa8c  _PWM_setActionQualContSWForce_PwmA               
0     0000aa83  _PWM_setActionQualContSWForce_PwmB               
0     0000aa7a  _PWM_setActionQual_CntDown_CmpA_PwmA             
0     0000aa71  _PWM_setActionQual_CntDown_CmpA_PwmB             
0     0000aa68  _PWM_setActionQual_CntDown_CmpB_PwmA             
0     0000aa5f  _PWM_setActionQual_CntDown_CmpB_PwmB             
0     0000aa56  _PWM_setActionQual_CntUp_CmpA_PwmA               
0     0000aa4d  _PWM_setActionQual_CntUp_CmpA_PwmB               
0     0000aa44  _PWM_setActionQual_CntUp_CmpB_PwmA               
0     0000aa3b  _PWM_setActionQual_CntUp_CmpB_PwmB               
0     0000aa32  _PWM_setActionQual_Period_PwmA                   
0     0000aa29  _PWM_setActionQual_Period_PwmB                   
0     0000aa22  _PWM_setActionQual_Zero_PwmA                     
0     0000aa1b  _PWM_setActionQual_Zero_PwmB                     
0     0000aa14  _PWM_setChoppingClkFreq                          
0     0000aa0d  _PWM_setChoppingDutyCycle                        
0     0000aa06  _PWM_setChoppingPulseWidth                       
0     0000aa02  _PWM_setClkDiv                                   
0     0000aa00  _PWM_setCount                                    
0     0000a9fc  _PWM_setCounterMode                              
0     0000a9f9  _PWM_setDeadBandFallingEdgeDelay                 
0     0000a9f2  _PWM_setDeadBandInputMode                        
0     0000a9eb  _PWM_setDeadBandOutputMode                       
0     0000a9e4  _PWM_setDeadBandPolarity                         
0     0000a9e1  _PWM_setDeadBandRisingEdgeDelay                  
0     0000a9c7  _PWM_setDigitalCompareAEvent1                    
0     0000a9b7  _PWM_setDigitalCompareAEvent2                    
0     0000a99d  _PWM_setDigitalCompareBEvent1                    
0     0000a98d  _PWM_setDigitalCompareBEvent2                    
0     0000a981  _PWM_setDigitalCompareBlankingPulse              
0     0000a97e  _PWM_setDigitalCompareFilterOffset               
0     0000a974  _PWM_setDigitalCompareFilterSource               
0     0000a971  _PWM_setDigitalCompareFilterWindow               
0     0000a962  _PWM_setDigitalCompareInput                      
0     0000a95e  _PWM_setHighSpeedClkDiv                          
0     0000a954  _PWM_setHrControlMode                            
0     0000a94a  _PWM_setHrEdgeMode                               
0     0000a940  _PWM_setHrShadowMode                             
0     0000a939  _PWM_setIntMode                                  
0     0000a932  _PWM_setIntPeriod                                
0     0000a92e  _PWM_setLoadMode_CmpA                            
0     0000a928  _PWM_setLoadMode_CmpB                            
0     0000a926  _PWM_setPeriod                                   
0     0000a921  _PWM_setPeriodHr                                 
0     0000a91d  _PWM_setPeriodLoad                               
0     0000a91b  _PWM_setPhase                                    
0     0000a917  _PWM_setPhaseDir                                 
0     0000a913  _PWM_setRunMode                                  
0     0000a90d  _PWM_setShadowMode_CmpA                          
0     0000a907  _PWM_setShadowMode_CmpB                          
0     0000a8fe  _PWM_setSocAPeriod                               
0     0000a8f4  _PWM_setSocAPulseSrc                             
0     0000a8eb  _PWM_setSocBPeriod                               
0     0000a8e2  _PWM_setSocBPulseSrc                             
0     0000a8df  _PWM_setSwSync                                   
0     0000a8db  _PWM_setSyncMode                                 
0     0000a8d1  _PWM_setTripZoneDCEventSelect_DCAEVT1            
0     0000a8c5  _PWM_setTripZoneDCEventSelect_DCAEVT2            
0     0000a8b9  _PWM_setTripZoneDCEventSelect_DCBEVT1            
0     0000a8ad  _PWM_setTripZoneDCEventSelect_DCBEVT2            
0     0000a8a1  _PWM_setTripZoneState_DCAEVT1                    
0     0000a895  _PWM_setTripZoneState_DCAEVT2                    
0     0000a889  _PWM_setTripZoneState_DCBEVT1                    
0     0000a87d  _PWM_setTripZoneState_DCBEVT2                    
0     0000a873  _PWM_setTripZoneState_TZA                        
0     0000a867  _PWM_setTripZoneState_TZB                        
0     0000b8da  _PWR_disableBrownOutReset                        
0     0000b8d0  _PWR_disableWatchDogInt                          
0     0000b8cd  _PWR_enableBrownOutReset                         
0     0000b8c3  _PWR_enableWatchDogInt                           
0     0000b8bc  _PWR_init                                        
0     0000b8ab  _PWR_setLowPowerMode                             
0     0000b89a  _PWR_setNumStandByClocks                         
0     00000156  _RamfuncsLoadEnd                                 
abs   00000036  _RamfuncsLoadSize                                
0     00000120  _RamfuncsLoadStart                               
0     00000120  _RamfuncsRunStart                                
0     0000b447  _SPI_clearRxFifoInt                              
0     0000b443  _SPI_clearRxFifoOvf                              
0     0000b43f  _SPI_clearTxFifoInt                              
0     0000b43c  _SPI_disableInt                                  
0     0000b439  _SPI_disableLoopBack                             
0     0000b436  _SPI_disableOverRunInt                           
0     0000b432  _SPI_disableRxFifoInt                            
0     0000b42f  _SPI_disableTx                                   
0     0000b42b  _SPI_disableTxFifoEnh                            
0     0000b427  _SPI_disableTxFifoInt                            
0     0000b424  _SPI_enable                                      
0     0000b420  _SPI_enableChannels                              
0     0000b41d  _SPI_enableInt                                   
0     0000b41a  _SPI_enableLoopBack                              
0     0000b417  _SPI_enableOverRunInt                            
0     0000b413  _SPI_enableRxFifo                                
0     0000b40f  _SPI_enableRxFifoInt                             
0     0000b40c  _SPI_enableTx                                    
0     0000b408  _SPI_enableTxFifo                                
0     0000b404  _SPI_enableTxFifoEnh                             
0     0000b400  _SPI_enableTxFifoInt                             
0     0000b3fd  _SPI_getIntFlagStatus                            
0     0000b3f9  _SPI_getRxFifoStatus                             
0     0000b3f6  _SPI_getTxBufferStatus                           
0     0000b3f2  _SPI_getTxFifoStatus                             
0     0000b3ec  _SPI_init                                        
0     0000b3e9  _SPI_reset                                       
0     0000b3e5  _SPI_resetChannels                               
0     0000b3e1  _SPI_resetRxFifo                                 
0     0000b3dd  _SPI_resetTxFifo                                 
0     0000b3db  _SPI_setBaudRate                                 
0     0000b3d7  _SPI_setCharLength                               
0     0000b3d5  _SPI_setClkPhase                                 
0     0000b3d1  _SPI_setClkPolarity                              
0     0000b3cf  _SPI_setMode                                     
0     0000b3c8  _SPI_setPriority                                 
0     0000b3c1  _SPI_setRxFifoIntLevel                           
0     0000b3ba  _SPI_setSteInv                                   
0     0000b3b3  _SPI_setSuspend                                  
0     0000b3ac  _SPI_setTriWire                                  
0     0000b3a9  _SPI_setTxDelay                                  
0     0000b3a2  _SPI_setTxFifoIntLevel                           
0     0000b90c  _TIMER_clearFlag                                 
0     0000b909  _TIMER_disableInt                                
0     0000b906  _TIMER_enableInt                                 
0     0000b903  _TIMER_getStatus                                 
0     0000b8fd  _TIMER_init                                      
0     0000b8ef  _TIMER_setDecimationFactor                       
0     0000b8eb  _TIMER_setEmulationMode                          
0     0000b8dd  _TIMER_setPreScaler                              
0     0000a388  _USER_calcPIgains                                
0     0000a37e  _USER_checkForErrors                             
0     0000a370  _USER_computeFlux                                
0     0000a334  _USER_computeFlux_pu_to_VpHz_sf                  
0     0000a2f8  _USER_computeFlux_pu_to_Wb_sf                    
0     0000a2bc  _USER_computeTorque_Flux_Iq_pu_to_Nm_sf          
0     0000a282  _USER_computeTorque_Ls_Id_Iq_pu_to_Nm_sf         
0     0000a235  _USER_computeTorque_Nm                           
0     0000a1dd  _USER_computeTorque_lbin                         
0     0000a1da  _USER_getErrorCode                               
0     0000a1d7  _USER_setErrorCode                               
0     0000a09f  _USER_setParams                                  
0     0000a01c  _USER_softwareUpdate1p6                          
0     0000b892  _WDOG_clearCounter                               
0     0000b88a  _WDOG_disable                                    
0     0000b884  _WDOG_disableInt                                 
0     0000b87e  _WDOG_disableOverRide                            
0     0000b875  _WDOG_enable                                     
0     0000b86f  _WDOG_enableInt                                  
0     0000b869  _WDOG_enableOverRide                             
0     0000b866  _WDOG_getIntStatus                               
0     0000b860  _WDOG_init                                       
0     0000b85e  _WDOG_setCount                                   
0     0000b854  _WDOG_setPreScaler                               
0     0000be93  __IQ24cosPU                                      
0     0000be6a  __IQ24sinPU                                      
0     0000be28  __IQ24sqrt                                       
0     0000beba  __IQ30toF                                        
1     000007b0  __STACK_END                                      
abs   000003b0  __STACK_SIZE                                     
0     0000bb54  ___TI_cleanup_ptr                                
0     0000bb56  ___TI_dtors_ptr                                  
0     0000bb52  ___TI_enable_exit_profile_output                 
abs   ffffffff  ___TI_pprof_out_hndl                             
abs   ffffffff  ___TI_prof_data_size                             
abs   ffffffff  ___TI_prof_data_start                            
abs   ffffffff  ___binit__                                       
abs   ffffffff  ___c_args__                                      
0     00000050  ___cinit__                                       
0     0000bb51  ___etext__                                       
abs   ffffffff  ___pinit__                                       
0     00008000  ___text__                                        
0     0000bb08  __args_main                                      
0     0000bb58  __lock                                           
0     0000bb3b  __nop                                            
0     0000bb37  __register_lock                                  
0     0000bb33  __register_unlock                                
1     00000400  __stack                                          
0     0000bb50  __system_post_cinit                              
0     0000bb4e  __system_pre_init                                
0     0000bb5a  __unlock                                         
0     0000b93c  _abort                                           
0     00009d88  _acim_Dir_qFmtCalc                               
0     0000b7b9  _c_int00                                         
0     0000b63e  _ceil                                            
0     0000b63e  _ceilf                                           
0     0000bb8c  _controller_obj                                  
0     0000b9af  _copy_in                                         
0     0000bb29  _copysign                                        
0     0000bb29  _copysignf                                       
0     0000bb5e  _cpu                                             
0     0000bb86  _ctrlHandle                                      
0     0000bb5f  _errno                                           
0     0000b93e  _exit                                            
0     0000bb96  _gAdcData                                        
0     0000bb80  _gCounter_updateGlobals                          
0     0000bbc0  _gDrvSpi8305Vars                                 
0     0000bb82  _gLEDcnt                                         
0     0000bb8e  _gLs_pu                                          
0     0000bb83  _gLs_qFmt                                        
0     0000bb8a  _gMaxCurrentSlope                                
0     0000bb84  _gMax_Ls_qFmt                                    
0     0000bc40  _gMotorVars                                      
0     0000bb90  _gPwmData                                        
0     0000bcc0  _gUserParams                                     
0     0000bd80  _hal                                             
0     0000bb88  _halHandle                                       
0     0000b6a7  _ldexp                                           
0     0000b6a7  _ldexpf                                          
0     0000aed5  _log                                             
0     0000aed5  _logf                                            
0     00009de5  _main                                            
0     0000b2dc  _mainISR                                         
0     0000ba71  _memcpy                                          
0     0000a449  _pow                                             
0     0000a449  _powf                                            
0     00009ceb  _recalcKpKi                                      
0     00009c53  _recalcKpKiPmsm                                  
0     0000b6a7  _scalbn                                          
0     0000b6a7  _scalbnf                                         
0     00009c2e  _setFeLimitZero                                  
0     0000b5c9  _sqrt                                            
0     0000b5c9  _sqrtf                                           
0     00009bd0  _updateGlobalVariables_motor                     
0     00000152  _usDelay                                         
abs   ffffffff  binit                                            
0     00000050  cinit                                            
0     00000000  code_start                                       
0     0000bb51  etext                                            
abs   ffffffff  pinit                                            


GLOBAL SYMBOLS: SORTED BY Symbol Address 

page  address   name                                             
----  -------   ----                                             
0     00000000  code_start                                       
0     00000050  ___cinit__                                       
0     00000050  cinit                                            
0     00000120  _FLASH_setStandbyWaitCount                       
0     00000120  _RamfuncsLoadStart                               
0     00000120  _RamfuncsRunStart                                
0     00000125  _FLASH_setPowerMode                              
0     0000012c  _FLASH_setOtpWaitStates                          
0     00000133  _FLASH_setNumRandomReadWaitStates                
0     0000013a  _FLASH_setNumPagedReadWaitStates                 
0     00000141  _FLASH_setActiveWaitCount                        
0     00000146  _FLASH_enablePipelineMode                        
0     0000014c  _FLASH_disablePipelineMode                       
0     00000152  _usDelay                                         
0     00000156  _RamfuncsLoadEnd                                 
0     00008000  .text                                            
0     00008000  _HAL_writeDrvData                                
0     00008000  ___text__                                        
0     00008005  _HAL_setupTimers                                 
0     0000805e  _HAL_setupSpiB                                   
0     00008094  _HAL_setupSpiA                                   
0     000080ca  _HAL_setupPwms                                   
0     000081a2  _HAL_setupPwmDacs                                
0     00008225  _HAL_setupPll                                    
0     00008264  _HAL_setupPie                                    
0     00008280  _HAL_setupPeripheralClks                         
0     000082d4  _HAL_setupGpios                                  
0     00008470  _HAL_setupGate                                   
0     00008485  _HAL_setupFlash                                  
0     000084a3  _HAL_setupFaults                                 
0     000084c1  _HAL_setupDrvSpi                                 
0     000084c6  _HAL_setupClks                                   
0     000084e2  _HAL_setupAdcs                                   
0     00008597  _HAL_AdcCalChanSelect                            
0     000085ee  _HAL_AdcCalConversion                            
0     00008746  _HAL_AdcOffsetSelfCal                            
0     00008779  _HAL_getOscTrimValue                             
0     0000878c  _HAL_osc1Comp                                    
0     000087cc  _HAL_osc2Comp                                    
0     0000880c  _HAL_OscTempComp                                 
0     00008860  _HAL_cal                                         
0     00008877  _HAL_setParams                                   
0     00008995  _HAL_setDacParameters                            
0     000089af  _HAL_readDrvData                                 
0     000089b4  _HAL_disableWdog                                 
0     000089b9  _HAL_init                                        
0     00008a7d  _HAL_enableTimer0Int                             
0     00008a8d  _HAL_enablePwmInt                                
0     00008a9e  _HAL_enableGlobalInts                            
0     00008aa2  _HAL_enableDrv                                   
0     00008aa7  _HAL_enableDebugInt                              
0     00008aab  _HAL_enableAdcInts                               
0     00008abd  _HAL_disableGlobalInts                           
0     00008ac1  _CTRL_updateState                                
0     00008b74  _CTRL_setup_user                                 
0     00008bce  _CTRL_setupClarke_V                              
0     00008be4  _CTRL_setupClarke_I                              
0     00008c00  _CTRL_setup                                      
0     00008c0a  _CTRL_setWaitTimes                               
0     00008c13  _CTRL_setSpd_ref_pu                              
0     00008c16  _CTRL_setSpd_ref_krpm                            
0     00008c29  _CTRL_setGains                                   
0     00008c51  _CTRL_setParams                                  
0     00008eb0  _CTRL_run                                        
0     000093df  _CTRL_getWaitTimes                               
0     000093e8  _CTRL_getVdq_out_pu                              
0     000093ef  _CTRL_getVab_out_pu                              
0     000093f6  _CTRL_getVab_in_pu                               
0     000093fd  _CTRL_getIdq_ref_pu                              
0     00009404  _CTRL_getIdq_in_pu                               
0     0000940b  _CTRL_getIab_in_pu                               
0     00009412  _CTRL_getIab_filt_pu                             
0     00009419  _CTRL_getGains                                   
0     00009449  _CTRL_setMaximumSpeed_pu                         
0     0000944c  _CTRL_setMagCurrent_pu                           
0     0000944f  _CTRL_getMaximumSpeed_pu                         
0     00009452  _CTRL_getMagCurrent_pu                           
0     00009455  _DRV8305_writeSpi                                
0     00009471  _DRV8305_writeData                               
0     00009555  _DRV8305_readSpi                                 
0     00009587  _DRV8305_setupSpi                                
0     0000975f  _DRV8305_setWatchDelay                           
0     00009773  _DRV8305_setVregUvLevel                          
0     00009787  _DRV8305_setVrefScaling                          
0     0000979b  _DRV8305_setVDSMode                              
0     000097af  _DRV8305_setVDSLevel                             
0     000097c3  _DRV8305_setVDSDeglitch                          
0     000097d7  _DRV8305_setVDSBlanking                          
0     000097eb  _DRV8305_setSpiHandle                            
0     000097ed  _DRV8305_setSleepDelay                           
0     00009801  _DRV8305_setPwmMode                              
0     00009815  _DRV8305_setPeakSourTime                         
0     00009829  _DRV8305_setPeakSourCurHS                        
0     0000983d  _DRV8305_setPeakSinkTime                         
0     00009851  _DRV8305_setPeakSinkCurLS                        
0     00009865  _DRV8305_setPeakSinkCurHS                        
0     00009879  _DRV8305_setGpioNumber                           
0     0000987b  _DRV8305_setGpioHandle                           
0     0000987d  _DRV8305_setDeadTime                             
0     00009891  _DRV8305_setDcCalMode                            
0     000098b5  _DRV8305_setCommOption                           
0     000098c9  _DRV8305_setCSGain3                              
0     000098dd  _DRV8305_setCSGain2                              
0     000098f1  _DRV8305_setCSGain1                              
0     00009905  _DRV8305_setCSBlank                              
0     00009919  _DRV8305_reset                                   
0     00009928  _DRV8305_readData                                
0     00009b03  _DRV8305_isFault                                 
0     00009b0a  _DRV8305_init                                    
0     00009b13  _DRV8305_getWatchDelay                           
0     00009b19  _DRV8305_getVregUvLevel                          
0     00009b1f  _DRV8305_getVrefScaling                          
0     00009b26  _DRV8305_getVDSMode                              
0     00009b2c  _DRV8305_getVDSLevel                             
0     00009b32  _DRV8305_getVDSDeglitch                          
0     00009b38  _DRV8305_getVDSBlanking                          
0     00009b3e  _DRV8305_getSleepDelay                           
0     00009b44  _DRV8305_getPwmMode                              
0     00009b4b  _DRV8305_getPeakSourTime                         
0     00009b52  _DRV8305_getPeakSourCurLS                        
0     00009b58  _DRV8305_getPeakSourCurHS                        
0     00009b5e  _DRV8305_getPeakSinkTime                         
0     00009b65  _DRV8305_getPeakSinkCurLS                        
0     00009b6b  _DRV8305_getPeakSinkCurHS                        
0     00009b71  _DRV8305_getDeadTime                             
0     00009b77  _DRV8305_getDcCalMode                            
0     00009b8e  _DRV8305_getCommOption                           
0     00009b95  _DRV8305_getCSGain3                              
0     00009b9b  _DRV8305_getCSGain2                              
0     00009ba1  _DRV8305_getCSGain1                              
0     00009ba7  _DRV8305_getCSBlank                              
0     00009bad  _DRV8305_enable                                  
0     00009bd0  _updateGlobalVariables_motor                     
0     00009c2e  _setFeLimitZero                                  
0     00009c53  _recalcKpKiPmsm                                  
0     00009ceb  _recalcKpKi                                      
0     00009d63  _CTRL_resetLs_qFmt                               
0     00009d88  _acim_Dir_qFmtCalc                               
0     00009d9e  _CTRL_calcMax_Ls_qFmt                            
0     00009de5  _main                                            
0     0000a01c  _USER_softwareUpdate1p6                          
0     0000a09f  _USER_setParams                                  
0     0000a1d7  _USER_setErrorCode                               
0     0000a1da  _USER_getErrorCode                               
0     0000a1dd  _USER_computeTorque_lbin                         
0     0000a235  _USER_computeTorque_Nm                           
0     0000a282  _USER_computeTorque_Ls_Id_Iq_pu_to_Nm_sf         
0     0000a2bc  _USER_computeTorque_Flux_Iq_pu_to_Nm_sf          
0     0000a2f8  _USER_computeFlux_pu_to_Wb_sf                    
0     0000a334  _USER_computeFlux_pu_to_VpHz_sf                  
0     0000a370  _USER_computeFlux                                
0     0000a37e  _USER_checkForErrors                             
0     0000a388  _USER_calcPIgains                                
0     0000a449  _pow                                             
0     0000a449  _powf                                            
0     0000a867  _PWM_setTripZoneState_TZB                        
0     0000a873  _PWM_setTripZoneState_TZA                        
0     0000a87d  _PWM_setTripZoneState_DCBEVT2                    
0     0000a889  _PWM_setTripZoneState_DCBEVT1                    
0     0000a895  _PWM_setTripZoneState_DCAEVT2                    
0     0000a8a1  _PWM_setTripZoneState_DCAEVT1                    
0     0000a8ad  _PWM_setTripZoneDCEventSelect_DCBEVT2            
0     0000a8b9  _PWM_setTripZoneDCEventSelect_DCBEVT1            
0     0000a8c5  _PWM_setTripZoneDCEventSelect_DCAEVT2            
0     0000a8d1  _PWM_setTripZoneDCEventSelect_DCAEVT1            
0     0000a8db  _PWM_setSyncMode                                 
0     0000a8df  _PWM_setSwSync                                   
0     0000a8e2  _PWM_setSocBPulseSrc                             
0     0000a8eb  _PWM_setSocBPeriod                               
0     0000a8f4  _PWM_setSocAPulseSrc                             
0     0000a8fe  _PWM_setSocAPeriod                               
0     0000a907  _PWM_setShadowMode_CmpB                          
0     0000a90d  _PWM_setShadowMode_CmpA                          
0     0000a913  _PWM_setRunMode                                  
0     0000a917  _PWM_setPhaseDir                                 
0     0000a91b  _PWM_setPhase                                    
0     0000a91d  _PWM_setPeriodLoad                               
0     0000a921  _PWM_setPeriodHr                                 
0     0000a926  _PWM_setPeriod                                   
0     0000a928  _PWM_setLoadMode_CmpB                            
0     0000a92e  _PWM_setLoadMode_CmpA                            
0     0000a932  _PWM_setIntPeriod                                
0     0000a939  _PWM_setIntMode                                  
0     0000a940  _PWM_setHrShadowMode                             
0     0000a94a  _PWM_setHrEdgeMode                               
0     0000a954  _PWM_setHrControlMode                            
0     0000a95e  _PWM_setHighSpeedClkDiv                          
0     0000a962  _PWM_setDigitalCompareInput                      
0     0000a971  _PWM_setDigitalCompareFilterWindow               
0     0000a974  _PWM_setDigitalCompareFilterSource               
0     0000a97e  _PWM_setDigitalCompareFilterOffset               
0     0000a981  _PWM_setDigitalCompareBlankingPulse              
0     0000a98d  _PWM_setDigitalCompareBEvent2                    
0     0000a99d  _PWM_setDigitalCompareBEvent1                    
0     0000a9b7  _PWM_setDigitalCompareAEvent2                    
0     0000a9c7  _PWM_setDigitalCompareAEvent1                    
0     0000a9e1  _PWM_setDeadBandRisingEdgeDelay                  
0     0000a9e4  _PWM_setDeadBandPolarity                         
0     0000a9eb  _PWM_setDeadBandOutputMode                       
0     0000a9f2  _PWM_setDeadBandInputMode                        
0     0000a9f9  _PWM_setDeadBandFallingEdgeDelay                 
0     0000a9fc  _PWM_setCounterMode                              
0     0000aa00  _PWM_setCount                                    
0     0000aa02  _PWM_setClkDiv                                   
0     0000aa06  _PWM_setChoppingPulseWidth                       
0     0000aa0d  _PWM_setChoppingDutyCycle                        
0     0000aa14  _PWM_setChoppingClkFreq                          
0     0000aa1b  _PWM_setActionQual_Zero_PwmB                     
0     0000aa22  _PWM_setActionQual_Zero_PwmA                     
0     0000aa29  _PWM_setActionQual_Period_PwmB                   
0     0000aa32  _PWM_setActionQual_Period_PwmA                   
0     0000aa3b  _PWM_setActionQual_CntUp_CmpB_PwmB               
0     0000aa44  _PWM_setActionQual_CntUp_CmpB_PwmA               
0     0000aa4d  _PWM_setActionQual_CntUp_CmpA_PwmB               
0     0000aa56  _PWM_setActionQual_CntUp_CmpA_PwmA               
0     0000aa5f  _PWM_setActionQual_CntDown_CmpB_PwmB             
0     0000aa68  _PWM_setActionQual_CntDown_CmpB_PwmA             
0     0000aa71  _PWM_setActionQual_CntDown_CmpA_PwmB             
0     0000aa7a  _PWM_setActionQual_CntDown_CmpA_PwmA             
0     0000aa83  _PWM_setActionQualContSWForce_PwmB               
0     0000aa8c  _PWM_setActionQualContSWForce_PwmA               
0     0000aa93  _PWM_init                                        
0     0000aa99  _PWM_incrementDeadBandRisingEdgeDelay            
0     0000aa9c  _PWM_incrementDeadBandFallingEdgeDelay           
0     0000aa9f  _PWM_getSocBCount                                
[...]
0     0000b2dc  _mainISR                                         
0     0000b3a2  _SPI_setTxFifoIntLevel                           
0     0000b3a9  _SPI_setTxDelay                                  
0     0000b3ac  _SPI_setTriWire                                  
0     0000b3b3  _SPI_setSuspend                                  
0     0000b3ba  _SPI_setSteInv                                   
0     0000b3c1  _SPI_setRxFifoIntLevel                           
0     0000b3c8  _SPI_setPriority                                 
0     0000b3cf  _SPI_setMode                                     
0     0000b3d1  _SPI_setClkPolarity                              
0     0000b3d5  _SPI_setClkPhase                                 
0     0000b3d7  _SPI_setCharLength                               
0     0000b3db  _SPI_setBaudRate                                 
0     0000b3dd  _SPI_resetTxFifo                                 
0     0000b3e1  _SPI_resetRxFifo                                 
0     0000b3e5  _SPI_resetChannels                               
0     0000b3e9  _SPI_reset                                       
0     0000b3ec  _SPI_init                                        
0     0000b3f2  _SPI_getTxFifoStatus                             
0     0000b3f6  _SPI_getTxBufferStatus                           
0     0000b3f9  _SPI_getRxFifoStatus                             
0     0000b3fd  _SPI_getIntFlagStatus                            
0     0000b400  _SPI_enableTxFifoInt                             
0     0000b404  _SPI_enableTxFifoEnh                             
0     0000b408  _SPI_enableTxFifo                                
0     0000b40c  _SPI_enableTx                                    
0     0000b40f  _SPI_enableRxFifoInt                             
0     0000b413  _SPI_enableRxFifo                                
0     0000b417  _SPI_enableOverRunInt                            
0     0000b41a  _SPI_enableLoopBack                              
0     0000b41d  _SPI_enableInt                                   
0     0000b420  _SPI_enableChannels                              
0     0000b424  _SPI_enable                                      
0     0000b427  _SPI_disableTxFifoInt                            
0     0000b42b  _SPI_disableTxFifoEnh                            
0     0000b42f  _SPI_disableTx                                   
0     0000b432  _SPI_disableRxFifoInt                            
0     0000b436  _SPI_disableOverRunInt                           
0     0000b439  _SPI_disableLoopBack                             
0     0000b43c  _SPI_disableInt                                  
0     0000b43f  _SPI_clearTxFifoInt                              
0     0000b443  _SPI_clearRxFifoOvf                              
0     0000b447  _SPI_clearRxFifoInt                              
0     0000b44b  FD$$MPY                                          
0     0000b4ce  FS$$DIV                                          
0     0000b551  FS$$SUB                                          
0     0000b556  FS$$ADD                                          
0     0000b5c9  _sqrt                                            
0     0000b5c9  _sqrtf                                           
0     0000b63e  _ceil                                            
0     0000b63e  _ceilf                                           
0     0000b6a7  _ldexp                                           
0     0000b6a7  _ldexpf                                          
0     0000b6a7  _scalbn                                          
0     0000b6a7  _scalbnf                                         
0     0000b704  _PLL_setLockPeriod                               
0     0000b709  _PLL_setDivideSelect                             
0     0000b710  _PLL_setClkFreq                                  
0     0000b716  _PLL_resetClkDetect                              
0     0000b71c  _PLL_init                                        
0     0000b722  _PLL_getLockStatus                               
0     0000b725  _PLL_getDivideSelect                             
0     0000b728  _PLL_getClkStatus                                
0     0000b72b  _PLL_getClkFreq                                  
0     0000b72f  _PLL_enableOsc                                   
0     0000b735  _PLL_enableNormRdy                               
0     0000b73b  _PLL_enableClkDetect                             
0     0000b741  _PLL_enable                                      
0     0000b747  _PLL_disableOsc                                  
0     0000b74d  _PLL_disableNormRdy                              
0     0000b753  _PLL_disableClkDetect                            
0     0000b759  _PLL_disable                                     
0     0000b75f  FS$$MPY                                          
0     0000b7b9  _c_int00                                         
0     0000b80d  _OFFSET_setOffset                                
0     0000b80f  _OFFSET_setInitCond                              
0     0000b81e  _OFFSET_setBeta                                  
0     0000b834  _OFFSET_init                                     
0     0000b845  _OFFSET_getBeta                                  
0     0000b854  _WDOG_setPreScaler                               
0     0000b85e  _WDOG_setCount                                   
0     0000b860  _WDOG_init                                       
0     0000b866  _WDOG_getIntStatus                               
0     0000b869  _WDOG_enableOverRide                             
0     0000b86f  _WDOG_enableInt                                  
0     0000b875  _WDOG_enable                                     
0     0000b87e  _WDOG_disableOverRide                            
0     0000b884  _WDOG_disableInt                                 
0     0000b88a  _WDOG_disable                                    
0     0000b892  _WDOG_clearCounter                               
0     0000b89a  _PWR_setNumStandByClocks                         
0     0000b8ab  _PWR_setLowPowerMode                             
0     0000b8bc  _PWR_init                                        
0     0000b8c3  _PWR_enableWatchDogInt                           
0     0000b8cd  _PWR_enableBrownOutReset                         
0     0000b8d0  _PWR_disableWatchDogInt                          
0     0000b8da  _PWR_disableBrownOutReset                        
0     0000b8dd  _TIMER_setPreScaler                              
0     0000b8eb  _TIMER_setEmulationMode                          
0     0000b8ef  _TIMER_setDecimationFactor                       
0     0000b8fd  _TIMER_init                                      
0     0000b903  _TIMER_getStatus                                 
0     0000b906  _TIMER_enableInt                                 
0     0000b909  _TIMER_disableInt                                
0     0000b90c  _TIMER_clearFlag                                 
0     0000b90f  _OSC_setTrim                                     
0     0000b918  _OSC_setFineTrim                                 
0     0000b929  _OSC_setCoarseTrim                               
0     0000b936  _OSC_init                                        
0     0000b93c  C$$EXIT                                          
0     0000b93c  _abort                                           
0     0000b93e  _exit                                            
0     0000b965  _CPU_init                                        
0     0000b969  _CPU_enableProtectedRegisterWrite                
0     0000b96c  _CPU_enableInt                                   
0     0000b970  _CPU_enableGlobalInts                            
0     0000b973  _CPU_enableDebugInt                              
0     0000b976  _CPU_disableProtectedRegisterWrite               
0     0000b979  _CPU_disableInts                                 
0     0000b97c  _CPU_disableInt                                  
0     0000b981  _CPU_disableGlobalInts                           
0     0000b984  _CPU_disableDebugInt                             
0     0000b987  _CPU_clearIntFlags                               
0     0000b98a  FS$$TOI                                          
0     0000b9af  _copy_in                                         
0     0000b9d3  _FILTER_FO_setNumCoeffs                          
0     0000b9d7  _FILTER_FO_setInitialConditions                  
0     0000b9dc  _FILTER_FO_setDenCoeffs                          
0     0000b9de  _FILTER_FO_init                                  
0     0000b9e4  _FILTER_FO_getNumCoeffs                          
0     0000b9ea  _FILTER_FO_getInitialConditions                  
0     0000b9f1  _FILTER_FO_getDenCoeffs                          
0     0000b9f4  FS$$TOUL                                         
0     0000ba15  _FLASH_init                                      
0     0000ba1b  _FLASH_getStandbyWaitStatus                      
0     0000ba1f  _FLASH_getStandbyWaitCount                       
0     0000ba22  _FLASH_getPowerMode                              
0     0000ba25  _FLASH_getActiveWaitStatus                       
0     0000ba29  _FLASH_getActiveWaitCount                        
0     0000ba2c  _FLASH_get3VStatus                               
0     0000ba2f  _FLASH_clear3VStatus                             
0     0000ba35  FD$$TOL                                          
0     0000ba54  FS$$TOU                                          
0     0000ba71  _memcpy                                          
0     0000ba8e  FS$$TOFD                                         
0     0000baaa  I$$TOFS                                          
0     0000bac4  L$$TOFS                                          
0     0000bade  FS$$CMP                                          
0     0000baf5  UL$$TOFS                                         
0     0000bb08  __args_main                                      
0     0000bb19  U$$TOFS                                          
0     0000bb29  _copysign                                        
0     0000bb29  _copysignf                                       
0     0000bb33  __register_unlock                                
0     0000bb37  __register_lock                                  
0     0000bb3b  __nop                                            
0     0000bb44  _PIE_illegalIsr                                  
0     0000bb49  FS$$NEG                                          
0     0000bb4e  __system_pre_init                                
0     0000bb50  __system_post_cinit                              
0     0000bb51  ___etext__                                       
0     0000bb51  etext                                            
0     0000bb52  ___TI_enable_exit_profile_output                 
0     0000bb54  ___TI_cleanup_ptr                                
0     0000bb56  ___TI_dtors_ptr                                  
0     0000bb58  __lock                                           
0     0000bb5a  __unlock                                         
0     0000bb5e  _cpu                                             
0     0000bb5f  _errno                                           
0     0000bb80  _gCounter_updateGlobals                          
0     0000bb81  _Flag_Latch_softwareUpdate                       
0     0000bb82  _gLEDcnt                                         
0     0000bb83  _gLs_qFmt                                        
0     0000bb84  _gMax_Ls_qFmt                                    
0     0000bb86  _ctrlHandle                                      
0     0000bb88  _halHandle                                       
0     0000bb8a  _gMaxCurrentSlope                                
0     0000bb8c  _controller_obj                                  
0     0000bb8e  _gLs_pu                                          
0     0000bb90  _gPwmData                                        
0     0000bb96  _gAdcData                                        
0     0000bbc0  _gDrvSpi8305Vars                                 
0     0000bc40  _gMotorVars                                      
0     0000bcc0  _gUserParams                                     
0     0000bd80  _hal                                             
0     0000be28  __IQ24sqrt                                       
0     0000be6a  __IQ24sinPU                                      
0     0000be93  __IQ24cosPU                                      
0     0000beba  __IQ30toF                                        
0     003fdc30  _IQsinTable                                      
0     003fdd30  _IQcosTable                                      
0     003fe030  _IQsinTableEnd                                   
0     003fe132  _IQcosTableEnd                                   
0     003fe132  _IQdivRoundSatTable                              
0     003fe140  _IQdivTable                                      
0     003fe342  _IQdivTableEnd                                   
0     003fe342  _IQisqrtRoundSatTable                            
0     003fe342  _IQsqrtRoundSatTable                             
0     003fe352  _IQisqrtTable                                    
0     003fe352  _IQsqrtTable                                     
0     003fe454  _IQatan2HalfPITable                              
0     003fe454  _IQisqrtTableEnd                                 
0     003fe454  _IQsqrtTableEnd                                  
0     003fe492  _IQatan2Table                                    
0     003fe618  _IQ30mpyRndSatTable                              
0     003fe618  _IQatan2TableEnd                                 
0     003fe618  _IQmpyRndSatTable                                
0     003fe624  _IQ29mpyRndSatTable                              
0     003fe630  _IQ28mpyRndSatTable                              
0     003fe63c  _IQ27mpyRndSatTable                              
0     003fe648  _IQ26mpyRndSatTable                              
0     003fe654  _IQ25mpyRndSatTable                              
0     003fe660  _IQ24mpyRndSatTable                              
0     003fe66c  _IQ23mpyRndSatTable                              
0     003fe678  _IQ22mpyRndSatTable                              
0     003fe684  _IQ21mpyRndSatTable                              
0     003fe690  _IQ20mpyRndSatTable                              
0     003fe69c  _IQ19mpyRndSatTable                              
0     003fe6a8  _IQ18mpyRndSatTable                              
0     003fe6b4  _IQ17mpyRndSatTable                              
0     003fe6c0  _IQ16mpyRndSatTable                              
0     003fe6cc  _IQ15mpyRndSatTable                              
0     003fe6d8  _IQ14mpyRndSatTable                              
0     003fe6e4  _IQ13mpyRndSatTable                              
0     003fe6f0  _IQ12mpyRndSatTable                              
0     003fe6fc  _IQ11mpyRndSatTable                              
0     003fe708  _IQ10mpyRndSatTable                              
0     003fe714  _IQ9mpyRndSatTable                               
0     003fe720  _IQ8mpyRndSatTable                               
0     003fe72c  _IQ7mpyRndSatTable                               
0     003fe738  _IQ6mpyRndSatTable                               
0     003fe744  _IQ5mpyRndSatTable                               
0     003fe750  _IQ4mpyRndSatTable                               
0     003fe75c  _IQ3mpyRndSatTable                               
0     003fe768  _IQ2mpyRndSatTable                               
0     003fe774  _IQ1mpyRndSatTable                               
0     003fe780  _IQmpyRndSatTableEnd                             
1     00000400  __stack                                          
1     000007b0  __STACK_END                                      
abs   00000036  _RamfuncsLoadSize                                
abs   000003b0  __STACK_SIZE                                     
abs   003f861b  _EST_getState                                    
abs   003f861d  _EST_useZeroIq_ref                               
abs   003f8679  _EST_isMotorIdentified                           
abs   003f86ad  _EST_computeDirection_qFmt                       
abs   003f8713  _EST_updateState                                 
abs   003f89f5  _EST_updateId_ref_pu                             
abs   003f8a18  _EST_setRs_pu                                    
abs   003f8adb  _EST_setMaxCurrentSlope_pu                       
abs   003f8ae7  _EST_setLs_q_pu                                  
abs   003f8af1  _EST_setLs_qFmt                                  
abs   003f8b45  _EST_setLs_d_pu                                  
abs   003f8b63  _EST_setIq_ref_pu                                
abs   003f8b67  _EST_setIdle_all                                 
abs   003f8b7a  _EST_setIdle                                     
abs   003f8b80  _EST_setId_ref_pu                                
abs   003f8bdb  _EST_setFlag_enableForceAngle                    
abs   003f8be4  _EST_setFe_pos_min_pu                            
abs   003f8be8  _EST_setFe_neg_max_pu                            
abs   003f8bf5  _EST_setDir_qFmt                                 
abs   003f8c0d  _EST_getAngle_pu                                 
abs   003f927b  _EST_run                                         
abs   003f9378  _EST_isOnLine                                    
abs   003f937f  _EST_isLockRotor                                 
abs   003f9386  _EST_isIdle                                      
abs   003f938d  _EST_isError                                     
abs   003f9453  _EST_get_pu_to_krpm_sf                           
abs   003f9458  _EST_get_krpm_to_pu_sf                           
abs   003f94c6  _EST_getSpeed_krpm                               
abs   003f9513  _EST_getRs_Ohm                                   
abs   003f95ad  _EST_getRr_Ohm                                   
abs   003f95b3  _EST_getOneOverDcBus_pu                          
abs   003f95bd  _EST_getMaxCurrentSlope_pu                       
abs   003f95c9  _EST_getLs_q_pu                                  
abs   003f95ce  _EST_getLs_q_H                                   
abs   003f95d3  _EST_getLs_qFmt                                  
abs   003f95f0  _EST_getLs_d_pu                                  
abs   003f95f5  _EST_getLs_d_H                                   
abs   003f95ff  _EST_getLs_coarse_max_pu                         
abs   003f9632  _EST_getIdRated                                  
abs   003f968e  _EST_getFm_pu                                    
abs   003f96ab  _EST_getFlux_pu                                  
abs   003f96be  _EST_getFlux_VpHz                                
abs   003f9758  _EST_doSpeedCtrl                                 
abs   003f9760  _EST_doCurrentCtrl                               
abs   003f9806  _CTRL_setupTraj                                  
abs   003f996a  _CTRL_setupEstOnLineState                        
abs   003f99a5  _CTRL_setupEstIdleState                          
abs   003f9b43  _CTRL_setupCtrl                                  
abs   003f9d31  _CTRL_setUserMotorParams                         
abs   003f9e64  _CTRL_setEstParams                               
abs   003fa5d1  _CTRL_runTraj                                    
abs   003fa6fb  _CTRL_initCtrl                                   
abs   003fa721  _CTRL_getVersion                                 
abs   ffffffff  ___TI_pprof_out_hndl                             
abs   ffffffff  ___TI_prof_data_size                             
abs   ffffffff  ___TI_prof_data_start                            
abs   ffffffff  ___binit__                                       
abs   ffffffff  ___c_args__                                      
abs   ffffffff  ___pinit__                                       
abs   ffffffff  binit                                            
abs   ffffffff  pinit                                            

[698 symbols]
