<?xml version="1.0" encoding="ISO-8859-1" ?>
<link_info>
   <banner>TMS320C2000 Linker Unix v22.6.0.LTS</banner>
   <copyright>Copyright (c) 1996-2018 Texas Instruments Incorporated</copyright>
   <link_time>0x650ce854</link_time>
   <link_errors>0x0</link_errors>
   <output_file>proj_lab21.out</output_file>
   <entry_point>
      <name>_c_int00</name>
      <address>0xbc84</address>
   </entry_point>
   <input_file_list>
      <input_file id="fl-4">
         <path>./</path>
         <kind>object</kind>
         <file>CodeStartBranch.obj</file>
         <name>CodeStartBranch.obj</name>
      </input_file>
      <input_file id="fl-5">
         <path>./</path>
         <kind>object</kind>
         <file>adc.obj</file>
         <name>adc.obj</name>
      </input_file>
      <input_file id="fl-6">
         <path>./</path>
         <kind>object</kind>
         <file>clarke.obj</file>
         <name>clarke.obj</name>
      </input_file>
      <input_file id="fl-7">
         <path>./</path>
         <kind>object</kind>
         <file>clk.obj</file>
         <name>clk.obj</name>
      </input_file>
      <input_file id="fl-8">
         <path>./</path>
         <kind>object</kind>
         <file>cpu.obj</file>
         <name>cpu.obj</name>
      </input_file>
      <input_file id="fl-9">
         <path>./</path>
         <kind>object</kind>
         <file>ctrl.obj</file>
         <name>ctrl.obj</name>
      </input_file>
      <input_file id="fl-a">
         <path>./</path>
         <kind>object</kind>
         <file>drv8301.obj</file>
         <name>drv8301.obj</name>
      </input_file>
      <input_file id="fl-b">
         <path>./</path>
         <kind>object</kind>
         <file>filter_fo.obj</file>
         <name>filter_fo.obj</name>
      </input_file>
      <input_file id="fl-c">
         <path>./</path>
         <kind>object</kind>
         <file>flash.obj</file>
         <name>flash.obj</name>
      </input_file>
      <input_file id="fl-d">
         <path>./</path>
         <kind>object</kind>
         <file>gpio.obj</file>
         <name>gpio.obj</name>
      </input_file>
      <input_file id="fl-e">
         <path>./</path>
         <kind>object</kind>
         <file>hal.obj</file>
         <name>hal.obj</name>
      </input_file>
      <input_file id="fl-f">
         <path>./</path>
         <kind>object</kind>
         <file>ipark.obj</file>
         <name>ipark.obj</name>
      </input_file>
      <input_file id="fl-10">
         <path>./</path>
         <kind>object</kind>
         <file>offset.obj</file>
         <name>offset.obj</name>
      </input_file>
      <input_file id="fl-11">
         <path>./</path>
         <kind>object</kind>
         <file>osc.obj</file>
         <name>osc.obj</name>
      </input_file>
      <input_file id="fl-12">
         <path>./</path>
         <kind>object</kind>
         <file>park.obj</file>
         <name>park.obj</name>
      </input_file>
      <input_file id="fl-13">
         <path>./</path>
         <kind>object</kind>
         <file>pid.obj</file>
         <name>pid.obj</name>
      </input_file>
      <input_file id="fl-14">
         <path>./</path>
         <kind>object</kind>
         <file>pie.obj</file>
         <name>pie.obj</name>
      </input_file>
      <input_file id="fl-15">
         <path>./</path>
         <kind>object</kind>
         <file>pll.obj</file>
         <name>pll.obj</name>
      </input_file>
      <input_file id="fl-16">
         <path>./</path>
         <kind>object</kind>
         <file>proj_lab21.obj</file>
         <name>proj_lab21.obj</name>
      </input_file>
      <input_file id="fl-17">
         <path>./</path>
         <kind>object</kind>
         <file>pwm.obj</file>
         <name>pwm.obj</name>
      </input_file>
      <input_file id="fl-18">
         <path>./</path>
         <kind>object</kind>
         <file>pwr.obj</file>
         <name>pwr.obj</name>
      </input_file>
      <input_file id="fl-19">
         <path>./</path>
         <kind>object</kind>
         <file>spi.obj</file>
         <name>spi.obj</name>
      </input_file>
      <input_file id="fl-1a">
         <path>./</path>
         <kind>object</kind>
         <file>svgen.obj</file>
         <name>svgen.obj</name>
      </input_file>
      <input_file id="fl-1b">
         <path>./</path>
         <kind>object</kind>
         <file>timer.obj</file>
         <name>timer.obj</name>
      </input_file>
      <input_file id="fl-1c">
         <path>./</path>
         <kind>object</kind>
         <file>traj.obj</file>
         <name>traj.obj</name>
      </input_file>
      <input_file id="fl-1d">
         <path>./</path>
         <kind>object</kind>
         <file>usDelay.obj</file>
         <name>usDelay.obj</name>
      </input_file>
      <input_file id="fl-1e">
         <path>./</path>
         <kind>object</kind>
         <file>user.obj</file>
         <name>user.obj</name>
      </input_file>
      <input_file id="fl-1f">
         <path>./</path>
         <kind>object</kind>
         <file>wdog.obj</file>
         <name>wdog.obj</name>
      </input_file>
      <input_file id="fl-26">
         <kind>object</kind>
         <file>&lt;internal&gt;</file>
         <name>&lt;internal&gt;</name>
      </input_file>
      <input_file id="fl-27">
         <path>/Applications/ti/ccs1240/ccs/tools/compiler/ti-cgt-c2000_22.6.0.LTS/lib/</path>
         <kind>archive</kind>
         <file>rts2800_ml.lib</file>
         <name>fd_mpy28.asm.obj</name>
      </input_file>
      <input_file id="fl-28">
         <path>/Applications/ti/ccs1240/ccs/tools/compiler/ti-cgt-c2000_22.6.0.LTS/lib/</path>
         <kind>archive</kind>
         <file>rts2800_ml.lib</file>
         <name>fd_tol28.asm.obj</name>
      </input_file>
      <input_file id="fl-29">
         <path>/Applications/ti/ccs1240/ccs/tools/compiler/ti-cgt-c2000_22.6.0.LTS/lib/</path>
         <kind>archive</kind>
         <file>rts2800_ml.lib</file>
         <name>fs_add28.asm.obj</name>
      </input_file>
      <input_file id="fl-2a">
         <path>/Applications/ti/ccs1240/ccs/tools/compiler/ti-cgt-c2000_22.6.0.LTS/lib/</path>
         <kind>archive</kind>
         <file>rts2800_ml.lib</file>
         <name>fs_div28.asm.obj</name>
      </input_file>
      <input_file id="fl-2b">
         <path>/Applications/ti/ccs1240/ccs/tools/compiler/ti-cgt-c2000_22.6.0.LTS/lib/</path>
         <kind>archive</kind>
         <file>rts2800_ml.lib</file>
         <name>fs_mpy28.asm.obj</name>
      </input_file>
      <input_file id="fl-2c">
         <path>/Applications/ti/ccs1240/ccs/tools/compiler/ti-cgt-c2000_22.6.0.LTS/lib/</path>
         <kind>archive</kind>
         <file>rts2800_ml.lib</file>
         <name>fs_neg28.asm.obj</name>
      </input_file>
      <input_file id="fl-2d">
         <path>/Applications/ti/ccs1240/ccs/tools/compiler/ti-cgt-c2000_22.6.0.LTS/lib/</path>
         <kind>archive</kind>
         <file>rts2800_ml.lib</file>
         <name>fs_tofd28.asm.obj</name>
      </input_file>
      <input_file id="fl-2e">
         <path>/Applications/ti/ccs1240/ccs/tools/compiler/ti-cgt-c2000_22.6.0.LTS/lib/</path>
         <kind>archive</kind>
         <file>rts2800_ml.lib</file>
         <name>fs_toi28.asm.obj</name>
      </input_file>
      <input_file id="fl-2f">
         <path>/Applications/ti/ccs1240/ccs/tools/compiler/ti-cgt-c2000_22.6.0.LTS/lib/</path>
         <kind>archive</kind>
         <file>rts2800_ml.lib</file>
         <name>fs_tou28.asm.obj</name>
      </input_file>
      <input_file id="fl-30">
         <path>/Applications/ti/ccs1240/ccs/tools/compiler/ti-cgt-c2000_22.6.0.LTS/lib/</path>
         <kind>archive</kind>
         <file>rts2800_ml.lib</file>
         <name>fs_toul28.asm.obj</name>
      </input_file>
      <input_file id="fl-31">
         <path>/Applications/ti/ccs1240/ccs/tools/compiler/ti-cgt-c2000_22.6.0.LTS/lib/</path>
         <kind>archive</kind>
         <file>rts2800_ml.lib</file>
         <name>i_tofs28.asm.obj</name>
      </input_file>
      <input_file id="fl-32">
         <path>/Applications/ti/ccs1240/ccs/tools/compiler/ti-cgt-c2000_22.6.0.LTS/lib/</path>
         <kind>archive</kind>
         <file>rts2800_ml.lib</file>
         <name>u_tofs28.asm.obj</name>
      </input_file>
      <input_file id="fl-33">
         <path>/Applications/ti/ccs1240/ccs/tools/compiler/ti-cgt-c2000_22.6.0.LTS/lib/</path>
         <kind>archive</kind>
         <file>rts2800_ml.lib</file>
         <name>ul_tofs28.asm.obj</name>
      </input_file>
      <input_file id="fl-34">
         <path>/Users/paiva/Documents/ti/motorware_1_01_00_18/sw/modules/afsel/lib/32b/f28x/</path>
         <kind>archive</kind>
         <file>afsel.lib</file>
         <name>afsel_priv.obj</name>
      </input_file>
      <input_file id="fl-35">
         <path>/Users/paiva/Documents/ti/motorware_1_01_00_18/sw/modules/fast/lib/32b/f28x/f2806x/</path>
         <kind>archive</kind>
         <file>2806xRevB_FastSpinROMSymbols.lib</file>
         <name>TMS320x2806x_REVB_boot_rom_out__CTRL_getVersion_tmp.obj</name>
      </input_file>
      <input_file id="fl-36">
         <path>/Users/paiva/Documents/ti/motorware_1_01_00_18/sw/modules/fast/lib/32b/f28x/f2806x/</path>
         <kind>archive</kind>
         <file>2806xRevB_FastSpinROMSymbols.lib</file>
         <name>TMS320x2806x_REVB_boot_rom_out__CTRL_initCtrl_tmp.obj</name>
      </input_file>
      <input_file id="fl-37">
         <path>/Users/paiva/Documents/ti/motorware_1_01_00_18/sw/modules/fast/lib/32b/f28x/f2806x/</path>
         <kind>archive</kind>
         <file>2806xRevB_FastSpinROMSymbols.lib</file>
         <name>TMS320x2806x_REVB_boot_rom_out__CTRL_runTraj_tmp.obj</name>
      </input_file>
      <input_file id="fl-38">
         <path>/Users/paiva/Documents/ti/motorware_1_01_00_18/sw/modules/fast/lib/32b/f28x/f2806x/</path>
         <kind>archive</kind>
         <file>2806xRevB_FastSpinROMSymbols.lib</file>
         <name>TMS320x2806x_REVB_boot_rom_out__CTRL_setEstParams_tmp.obj</name>
      </input_file>
      <input_file id="fl-39">
         <path>/Users/paiva/Documents/ti/motorware_1_01_00_18/sw/modules/fast/lib/32b/f28x/f2806x/</path>
         <kind>archive</kind>
         <file>2806xRevB_FastSpinROMSymbols.lib</file>
         <name>TMS320x2806x_REVB_boot_rom_out__CTRL_setUserMotorParams_tmp.obj</name>
      </input_file>
      <input_file id="fl-3a">
         <path>/Users/paiva/Documents/ti/motorware_1_01_00_18/sw/modules/fast/lib/32b/f28x/f2806x/</path>
         <kind>archive</kind>
         <file>2806xRevB_FastSpinROMSymbols.lib</file>
         <name>TMS320x2806x_REVB_boot_rom_out__CTRL_setupCtrl_tmp.obj</name>
      </input_file>
      <input_file id="fl-3b">
         <path>/Users/paiva/Documents/ti/motorware_1_01_00_18/sw/modules/fast/lib/32b/f28x/f2806x/</path>
         <kind>archive</kind>
         <file>2806xRevB_FastSpinROMSymbols.lib</file>
         <name>TMS320x2806x_REVB_boot_rom_out__CTRL_setupEstIdleState_tmp.obj</name>
      </input_file>
      <input_file id="fl-3c">
         <path>/Users/paiva/Documents/ti/motorware_1_01_00_18/sw/modules/fast/lib/32b/f28x/f2806x/</path>
         <kind>archive</kind>
         <file>2806xRevB_FastSpinROMSymbols.lib</file>
         <name>TMS320x2806x_REVB_boot_rom_out__CTRL_setupEstOnLineState_tmp.obj</name>
      </input_file>
      <input_file id="fl-3d">
         <path>/Users/paiva/Documents/ti/motorware_1_01_00_18/sw/modules/fast/lib/32b/f28x/f2806x/</path>
         <kind>archive</kind>
         <file>2806xRevB_FastSpinROMSymbols.lib</file>
         <name>TMS320x2806x_REVB_boot_rom_out__CTRL_setupTraj_tmp.obj</name>
      </input_file>
      <input_file id="fl-3e">
         <path>/Users/paiva/Documents/ti/motorware_1_01_00_18/sw/modules/fast/lib/32b/f28x/f2806x/</path>
         <kind>archive</kind>
         <file>2806xRevB_FastSpinROMSymbols.lib</file>
         <name>TMS320x2806x_REVB_boot_rom_out__EST_doCurrentCtrl_tmp.obj</name>
      </input_file>
      <input_file id="fl-3f">
         <path>/Users/paiva/Documents/ti/motorware_1_01_00_18/sw/modules/fast/lib/32b/f28x/f2806x/</path>
         <kind>archive</kind>
         <file>2806xRevB_FastSpinROMSymbols.lib</file>
         <name>TMS320x2806x_REVB_boot_rom_out__EST_doSpeedCtrl_tmp.obj</name>
      </input_file>
      <input_file id="fl-40">
         <path>/Users/paiva/Documents/ti/motorware_1_01_00_18/sw/modules/fast/lib/32b/f28x/f2806x/</path>
         <kind>archive</kind>
         <file>2806xRevB_FastSpinROMSymbols.lib</file>
         <name>TMS320x2806x_REVB_boot_rom_out__EST_getAngle_pu_tmp.obj</name>
      </input_file>
      <input_file id="fl-41">
         <path>/Users/paiva/Documents/ti/motorware_1_01_00_18/sw/modules/fast/lib/32b/f28x/f2806x/</path>
         <kind>archive</kind>
         <file>2806xRevB_FastSpinROMSymbols.lib</file>
         <name>TMS320x2806x_REVB_boot_rom_out__EST_getFlux_VpHz_tmp.obj</name>
      </input_file>
      <input_file id="fl-42">
         <path>/Users/paiva/Documents/ti/motorware_1_01_00_18/sw/modules/fast/lib/32b/f28x/f2806x/</path>
         <kind>archive</kind>
         <file>2806xRevB_FastSpinROMSymbols.lib</file>
         <name>TMS320x2806x_REVB_boot_rom_out__EST_getFlux_pu_tmp.obj</name>
      </input_file>
      <input_file id="fl-43">
         <path>/Users/paiva/Documents/ti/motorware_1_01_00_18/sw/modules/fast/lib/32b/f28x/f2806x/</path>
         <kind>archive</kind>
         <file>2806xRevB_FastSpinROMSymbols.lib</file>
         <name>TMS320x2806x_REVB_boot_rom_out__EST_getFm_pu_tmp.obj</name>
      </input_file>
      <input_file id="fl-44">
         <path>/Users/paiva/Documents/ti/motorware_1_01_00_18/sw/modules/fast/lib/32b/f28x/f2806x/</path>
         <kind>archive</kind>
         <file>2806xRevB_FastSpinROMSymbols.lib</file>
         <name>TMS320x2806x_REVB_boot_rom_out__EST_getIdRated_tmp.obj</name>
      </input_file>
      <input_file id="fl-45">
         <path>/Users/paiva/Documents/ti/motorware_1_01_00_18/sw/modules/fast/lib/32b/f28x/f2806x/</path>
         <kind>archive</kind>
         <file>2806xRevB_FastSpinROMSymbols.lib</file>
         <name>TMS320x2806x_REVB_boot_rom_out__EST_getLs_coarse_max_pu_tmp.obj</name>
      </input_file>
      <input_file id="fl-46">
         <path>/Users/paiva/Documents/ti/motorware_1_01_00_18/sw/modules/fast/lib/32b/f28x/f2806x/</path>
         <kind>archive</kind>
         <file>2806xRevB_FastSpinROMSymbols.lib</file>
         <name>TMS320x2806x_REVB_boot_rom_out__EST_getLs_d_H_tmp.obj</name>
      </input_file>
      <input_file id="fl-47">
         <path>/Users/paiva/Documents/ti/motorware_1_01_00_18/sw/modules/fast/lib/32b/f28x/f2806x/</path>
         <kind>archive</kind>
         <file>2806xRevB_FastSpinROMSymbols.lib</file>
         <name>TMS320x2806x_REVB_boot_rom_out__EST_getLs_d_pu_tmp.obj</name>
      </input_file>
      <input_file id="fl-48">
         <path>/Users/paiva/Documents/ti/motorware_1_01_00_18/sw/modules/fast/lib/32b/f28x/f2806x/</path>
         <kind>archive</kind>
         <file>2806xRevB_FastSpinROMSymbols.lib</file>
         <name>TMS320x2806x_REVB_boot_rom_out__EST_getLs_q_H_tmp.obj</name>
      </input_file>
      <input_file id="fl-49">
         <path>/Users/paiva/Documents/ti/motorware_1_01_00_18/sw/modules/fast/lib/32b/f28x/f2806x/</path>
         <kind>archive</kind>
         <file>2806xRevB_FastSpinROMSymbols.lib</file>
         <name>TMS320x2806x_REVB_boot_rom_out__EST_getLs_q_pu_tmp.obj</name>
      </input_file>
      <input_file id="fl-4a">
         <path>/Users/paiva/Documents/ti/motorware_1_01_00_18/sw/modules/fast/lib/32b/f28x/f2806x/</path>
         <kind>archive</kind>
         <file>2806xRevB_FastSpinROMSymbols.lib</file>
         <name>TMS320x2806x_REVB_boot_rom_out__EST_getMaxCurrentSlope_pu_tmp.obj</name>
      </input_file>
      <input_file id="fl-4b">
         <path>/Users/paiva/Documents/ti/motorware_1_01_00_18/sw/modules/fast/lib/32b/f28x/f2806x/</path>
         <kind>archive</kind>
         <file>2806xRevB_FastSpinROMSymbols.lib</file>
         <name>TMS320x2806x_REVB_boot_rom_out__EST_getOneOverDcBus_pu_tmp.obj</name>
      </input_file>
      <input_file id="fl-4c">
         <path>/Users/paiva/Documents/ti/motorware_1_01_00_18/sw/modules/fast/lib/32b/f28x/f2806x/</path>
         <kind>archive</kind>
         <file>2806xRevB_FastSpinROMSymbols.lib</file>
         <name>TMS320x2806x_REVB_boot_rom_out__EST_getRr_Ohm_tmp.obj</name>
      </input_file>
      <input_file id="fl-4d">
         <path>/Users/paiva/Documents/ti/motorware_1_01_00_18/sw/modules/fast/lib/32b/f28x/f2806x/</path>
         <kind>archive</kind>
         <file>2806xRevB_FastSpinROMSymbols.lib</file>
         <name>TMS320x2806x_REVB_boot_rom_out__EST_getRs_Ohm_tmp.obj</name>
      </input_file>
      <input_file id="fl-4e">
         <path>/Users/paiva/Documents/ti/motorware_1_01_00_18/sw/modules/fast/lib/32b/f28x/f2806x/</path>
         <kind>archive</kind>
         <file>2806xRevB_FastSpinROMSymbols.lib</file>
         <name>TMS320x2806x_REVB_boot_rom_out__EST_getSpeed_krpm_tmp.obj</name>
      </input_file>
      <input_file id="fl-4f">
         <path>/Users/paiva/Documents/ti/motorware_1_01_00_18/sw/modules/fast/lib/32b/f28x/f2806x/</path>
         <kind>archive</kind>
         <file>2806xRevB_FastSpinROMSymbols.lib</file>
         <name>TMS320x2806x_REVB_boot_rom_out__EST_getState_tmp.obj</name>
      </input_file>
      <input_file id="fl-50">
         <path>/Users/paiva/Documents/ti/motorware_1_01_00_18/sw/modules/fast/lib/32b/f28x/f2806x/</path>
         <kind>archive</kind>
         <file>2806xRevB_FastSpinROMSymbols.lib</file>
         <name>TMS320x2806x_REVB_boot_rom_out__EST_get_krpm_to_pu_sf_tmp.obj</name>
      </input_file>
      <input_file id="fl-51">
         <path>/Users/paiva/Documents/ti/motorware_1_01_00_18/sw/modules/fast/lib/32b/f28x/f2806x/</path>
         <kind>archive</kind>
         <file>2806xRevB_FastSpinROMSymbols.lib</file>
         <name>TMS320x2806x_REVB_boot_rom_out__EST_get_pu_to_krpm_sf_tmp.obj</name>
      </input_file>
      <input_file id="fl-52">
         <path>/Users/paiva/Documents/ti/motorware_1_01_00_18/sw/modules/fast/lib/32b/f28x/f2806x/</path>
         <kind>archive</kind>
         <file>2806xRevB_FastSpinROMSymbols.lib</file>
         <name>TMS320x2806x_REVB_boot_rom_out__EST_isError_tmp.obj</name>
      </input_file>
      <input_file id="fl-53">
         <path>/Users/paiva/Documents/ti/motorware_1_01_00_18/sw/modules/fast/lib/32b/f28x/f2806x/</path>
         <kind>archive</kind>
         <file>2806xRevB_FastSpinROMSymbols.lib</file>
         <name>TMS320x2806x_REVB_boot_rom_out__EST_isIdle_tmp.obj</name>
      </input_file>
      <input_file id="fl-54">
         <path>/Users/paiva/Documents/ti/motorware_1_01_00_18/sw/modules/fast/lib/32b/f28x/f2806x/</path>
         <kind>archive</kind>
         <file>2806xRevB_FastSpinROMSymbols.lib</file>
         <name>TMS320x2806x_REVB_boot_rom_out__EST_isLockRotor_tmp.obj</name>
      </input_file>
      <input_file id="fl-55">
         <path>/Users/paiva/Documents/ti/motorware_1_01_00_18/sw/modules/fast/lib/32b/f28x/f2806x/</path>
         <kind>archive</kind>
         <file>2806xRevB_FastSpinROMSymbols.lib</file>
         <name>TMS320x2806x_REVB_boot_rom_out__EST_isMotorIdentified_tmp.obj</name>
      </input_file>
      <input_file id="fl-56">
         <path>/Users/paiva/Documents/ti/motorware_1_01_00_18/sw/modules/fast/lib/32b/f28x/f2806x/</path>
         <kind>archive</kind>
         <file>2806xRevB_FastSpinROMSymbols.lib</file>
         <name>TMS320x2806x_REVB_boot_rom_out__EST_isOnLine_tmp.obj</name>
      </input_file>
      <input_file id="fl-57">
         <path>/Users/paiva/Documents/ti/motorware_1_01_00_18/sw/modules/fast/lib/32b/f28x/f2806x/</path>
         <kind>archive</kind>
         <file>2806xRevB_FastSpinROMSymbols.lib</file>
         <name>TMS320x2806x_REVB_boot_rom_out__EST_run_tmp.obj</name>
      </input_file>
      <input_file id="fl-58">
         <path>/Users/paiva/Documents/ti/motorware_1_01_00_18/sw/modules/fast/lib/32b/f28x/f2806x/</path>
         <kind>archive</kind>
         <file>2806xRevB_FastSpinROMSymbols.lib</file>
         <name>TMS320x2806x_REVB_boot_rom_out__EST_setFlag_enableForceAngle_tmp.obj</name>
      </input_file>
      <input_file id="fl-59">
         <path>/Users/paiva/Documents/ti/motorware_1_01_00_18/sw/modules/fast/lib/32b/f28x/f2806x/</path>
         <kind>archive</kind>
         <file>2806xRevB_FastSpinROMSymbols.lib</file>
         <name>TMS320x2806x_REVB_boot_rom_out__EST_setFlag_enableRsRecalc_tmp.obj</name>
      </input_file>
      <input_file id="fl-5a">
         <path>/Users/paiva/Documents/ti/motorware_1_01_00_18/sw/modules/fast/lib/32b/f28x/f2806x/</path>
         <kind>archive</kind>
         <file>2806xRevB_FastSpinROMSymbols.lib</file>
         <name>TMS320x2806x_REVB_boot_rom_out__EST_setId_ref_pu_tmp.obj</name>
      </input_file>
      <input_file id="fl-5b">
         <path>/Users/paiva/Documents/ti/motorware_1_01_00_18/sw/modules/fast/lib/32b/f28x/f2806x/</path>
         <kind>archive</kind>
         <file>2806xRevB_FastSpinROMSymbols.lib</file>
         <name>TMS320x2806x_REVB_boot_rom_out__EST_setIdle_tmp.obj</name>
      </input_file>
      <input_file id="fl-5c">
         <path>/Users/paiva/Documents/ti/motorware_1_01_00_18/sw/modules/fast/lib/32b/f28x/f2806x/</path>
         <kind>archive</kind>
         <file>2806xRevB_FastSpinROMSymbols.lib</file>
         <name>TMS320x2806x_REVB_boot_rom_out__EST_setIdle_all_tmp.obj</name>
      </input_file>
      <input_file id="fl-5d">
         <path>/Users/paiva/Documents/ti/motorware_1_01_00_18/sw/modules/fast/lib/32b/f28x/f2806x/</path>
         <kind>archive</kind>
         <file>2806xRevB_FastSpinROMSymbols.lib</file>
         <name>TMS320x2806x_REVB_boot_rom_out__EST_setIq_ref_pu_tmp.obj</name>
      </input_file>
      <input_file id="fl-5e">
         <path>/Users/paiva/Documents/ti/motorware_1_01_00_18/sw/modules/fast/lib/32b/f28x/f2806x/</path>
         <kind>archive</kind>
         <file>2806xRevB_FastSpinROMSymbols.lib</file>
         <name>TMS320x2806x_REVB_boot_rom_out__EST_setLs_d_pu_tmp.obj</name>
      </input_file>
      <input_file id="fl-5f">
         <path>/Users/paiva/Documents/ti/motorware_1_01_00_18/sw/modules/fast/lib/32b/f28x/f2806x/</path>
         <kind>archive</kind>
         <file>2806xRevB_FastSpinROMSymbols.lib</file>
         <name>TMS320x2806x_REVB_boot_rom_out__EST_setLs_qFmt_tmp.obj</name>
      </input_file>
      <input_file id="fl-60">
         <path>/Users/paiva/Documents/ti/motorware_1_01_00_18/sw/modules/fast/lib/32b/f28x/f2806x/</path>
         <kind>archive</kind>
         <file>2806xRevB_FastSpinROMSymbols.lib</file>
         <name>TMS320x2806x_REVB_boot_rom_out__EST_setLs_q_pu_tmp.obj</name>
      </input_file>
      <input_file id="fl-61">
         <path>/Users/paiva/Documents/ti/motorware_1_01_00_18/sw/modules/fast/lib/32b/f28x/f2806x/</path>
         <kind>archive</kind>
         <file>2806xRevB_FastSpinROMSymbols.lib</file>
         <name>TMS320x2806x_REVB_boot_rom_out__EST_setMaxCurrentSlope_pu_tmp.obj</name>
      </input_file>
      <input_file id="fl-62">
         <path>/Users/paiva/Documents/ti/motorware_1_01_00_18/sw/modules/fast/lib/32b/f28x/f2806x/</path>
         <kind>archive</kind>
         <file>2806xRevB_FastSpinROMSymbols.lib</file>
         <name>TMS320x2806x_REVB_boot_rom_out__EST_setRs_pu_tmp.obj</name>
      </input_file>
      <input_file id="fl-63">
         <path>/Users/paiva/Documents/ti/motorware_1_01_00_18/sw/modules/fast/lib/32b/f28x/f2806x/</path>
         <kind>archive</kind>
         <file>2806xRevB_FastSpinROMSymbols.lib</file>
         <name>TMS320x2806x_REVB_boot_rom_out__EST_updateId_ref_pu_tmp.obj</name>
      </input_file>
      <input_file id="fl-64">
         <path>/Users/paiva/Documents/ti/motorware_1_01_00_18/sw/modules/fast/lib/32b/f28x/f2806x/</path>
         <kind>archive</kind>
         <file>2806xRevB_FastSpinROMSymbols.lib</file>
         <name>TMS320x2806x_REVB_boot_rom_out__EST_updateState_tmp.obj</name>
      </input_file>
      <input_file id="fl-65">
         <path>/Users/paiva/Documents/ti/motorware_1_01_00_18/sw/modules/fast/lib/32b/f28x/f2806x/</path>
         <kind>archive</kind>
         <file>2806xRevB_FastSpinROMSymbols.lib</file>
         <name>TMS320x2806x_REVB_boot_rom_out__EST_useZeroIq_ref_tmp.obj</name>
      </input_file>
      <input_file id="fl-66">
         <path>/Users/paiva/Documents/ti/motorware_1_01_00_18/sw/modules/fstart/lib/32b/f28x/</path>
         <kind>archive</kind>
         <file>fstart.lib</file>
         <name>fstart_priv.obj</name>
      </input_file>
      <input_file id="fl-67">
         <path>/Applications/ti/ccs1240/ccs/tools/compiler/ti-cgt-c2000_22.6.0.LTS/lib/</path>
         <kind>archive</kind>
         <file>rts2800_ml.lib</file>
         <name>fs_cmp28.asm.obj</name>
      </input_file>
      <input_file id="fl-68">
         <path>/Users/paiva/Documents/ti/motorware_1_01_00_18/sw/modules/ipd/lib/32b/f28x/</path>
         <kind>archive</kind>
         <file>ipd_hfi.lib</file>
         <name>ipd_hfi_priv.obj</name>
      </input_file>
      <input_file id="fl-69">
         <path>/Users/paiva/Documents/ti/motorware_1_01_00_18/sw/modules/iqmath/lib/f28x/32b/</path>
         <kind>archive</kind>
         <file>IQmath.lib</file>
         <name>IQ24cosPU.obj</name>
      </input_file>
      <input_file id="fl-6a">
         <path>/Users/paiva/Documents/ti/motorware_1_01_00_18/sw/modules/iqmath/lib/f28x/32b/</path>
         <kind>archive</kind>
         <file>IQmath.lib</file>
         <name>IQmathTables.obj</name>
      </input_file>
      <input_file id="fl-6b">
         <path>/Users/paiva/Documents/ti/motorware_1_01_00_18/sw/modules/iqmath/lib/f28x/32b/</path>
         <kind>archive</kind>
         <file>IQmath.lib</file>
         <name>IQ24div.obj</name>
      </input_file>
      <input_file id="fl-6c">
         <path>/Users/paiva/Documents/ti/motorware_1_01_00_18/sw/modules/iqmath/lib/f28x/32b/</path>
         <kind>archive</kind>
         <file>IQmath.lib</file>
         <name>IQ24sinPU.obj</name>
      </input_file>
      <input_file id="fl-6d">
         <path>/Users/paiva/Documents/ti/motorware_1_01_00_18/sw/modules/iqmath/lib/f28x/32b/</path>
         <kind>archive</kind>
         <file>IQmath.lib</file>
         <name>IQ24sqrt.obj</name>
      </input_file>
      <input_file id="fl-6e">
         <path>/Users/paiva/Documents/ti/motorware_1_01_00_18/sw/modules/iqmath/lib/f28x/32b/</path>
         <kind>archive</kind>
         <file>IQmath.lib</file>
         <name>IQ30toF.obj</name>
      </input_file>
      <input_file id="fl-6f">
         <path>/Applications/ti/ccs1240/ccs/tools/compiler/ti-cgt-c2000_22.6.0.LTS/lib/</path>
         <kind>archive</kind>
         <file>rts2800_ml.lib</file>
         <name>boot28.asm.obj</name>
      </input_file>
      <input_file id="fl-70">
         <path>/Applications/ti/ccs1240/ccs/tools/compiler/ti-cgt-c2000_22.6.0.LTS/lib/</path>
         <kind>archive</kind>
         <file>rts2800_ml.lib</file>
         <name>args_main.c.obj</name>
      </input_file>
      <input_file id="fl-71">
         <path>/Applications/ti/ccs1240/ccs/tools/compiler/ti-cgt-c2000_22.6.0.LTS/lib/</path>
         <kind>archive</kind>
         <file>rts2800_ml.lib</file>
         <name>startup.c.obj</name>
      </input_file>
      <input_file id="fl-72">
         <path>/Applications/ti/ccs1240/ccs/tools/compiler/ti-cgt-c2000_22.6.0.LTS/lib/</path>
         <kind>archive</kind>
         <file>rts2800_ml.lib</file>
         <name>pre_init.c.obj</name>
      </input_file>
      <input_file id="fl-73">
         <path>/Applications/ti/ccs1240/ccs/tools/compiler/ti-cgt-c2000_22.6.0.LTS/lib/</path>
         <kind>archive</kind>
         <file>rts2800_ml.lib</file>
         <name>s_ceilf.c.obj</name>
      </input_file>
      <input_file id="fl-74">
         <path>/Applications/ti/ccs1240/ccs/tools/compiler/ti-cgt-c2000_22.6.0.LTS/lib/</path>
         <kind>archive</kind>
         <file>rts2800_ml.lib</file>
         <name>cpy_tbl.c.obj</name>
      </input_file>
      <input_file id="fl-75">
         <path>/Applications/ti/ccs1240/ccs/tools/compiler/ti-cgt-c2000_22.6.0.LTS/lib/</path>
         <kind>archive</kind>
         <file>rts2800_ml.lib</file>
         <name>exit.c.obj</name>
      </input_file>
      <input_file id="fl-76">
         <path>/Applications/ti/ccs1240/ccs/tools/compiler/ti-cgt-c2000_22.6.0.LTS/lib/</path>
         <kind>archive</kind>
         <file>rts2800_ml.lib</file>
         <name>_lock.c.obj</name>
      </input_file>
      <input_file id="fl-77">
         <path>/Applications/ti/ccs1240/ccs/tools/compiler/ti-cgt-c2000_22.6.0.LTS/lib/</path>
         <kind>archive</kind>
         <file>rts2800_ml.lib</file>
         <name>e_logf.c.obj</name>
      </input_file>
      <input_file id="fl-78">
         <path>/Applications/ti/ccs1240/ccs/tools/compiler/ti-cgt-c2000_22.6.0.LTS/lib/</path>
         <kind>archive</kind>
         <file>rts2800_ml.lib</file>
         <name>l_tofs28.asm.obj</name>
      </input_file>
      <input_file id="fl-79">
         <path>/Applications/ti/ccs1240/ccs/tools/compiler/ti-cgt-c2000_22.6.0.LTS/lib/</path>
         <kind>archive</kind>
         <file>rts2800_ml.lib</file>
         <name>errno.c.obj</name>
      </input_file>
      <input_file id="fl-7a">
         <path>/Applications/ti/ccs1240/ccs/tools/compiler/ti-cgt-c2000_22.6.0.LTS/lib/</path>
         <kind>archive</kind>
         <file>rts2800_ml.lib</file>
         <name>memcpy.c.obj</name>
      </input_file>
      <input_file id="fl-7b">
         <path>/Applications/ti/ccs1240/ccs/tools/compiler/ti-cgt-c2000_22.6.0.LTS/lib/</path>
         <kind>archive</kind>
         <file>rts2800_ml.lib</file>
         <name>s_modff.c.obj</name>
      </input_file>
      <input_file id="fl-7c">
         <path>/Applications/ti/ccs1240/ccs/tools/compiler/ti-cgt-c2000_22.6.0.LTS/lib/</path>
         <kind>archive</kind>
         <file>rts2800_ml.lib</file>
         <name>e_powf.c.obj</name>
      </input_file>
      <input_file id="fl-7d">
         <path>/Applications/ti/ccs1240/ccs/tools/compiler/ti-cgt-c2000_22.6.0.LTS/lib/</path>
         <kind>archive</kind>
         <file>rts2800_ml.lib</file>
         <name>s_scalbnf.c.obj</name>
      </input_file>
      <input_file id="fl-7e">
         <path>/Applications/ti/ccs1240/ccs/tools/compiler/ti-cgt-c2000_22.6.0.LTS/lib/</path>
         <kind>archive</kind>
         <file>rts2800_ml.lib</file>
         <name>s_copysignf.c.obj</name>
      </input_file>
      <input_file id="fl-7f">
         <path>/Applications/ti/ccs1240/ccs/tools/compiler/ti-cgt-c2000_22.6.0.LTS/lib/</path>
         <kind>archive</kind>
         <file>rts2800_ml.lib</file>
         <name>e_sqrtf.c.obj</name>
      </input_file>
   </input_file_list>
   <object_component_list>
      <object_component id="oc-47">
         <name>codestart</name>
         <load_address>0x0</load_address>
         <run_address>0x0</run_address>
         <size>0x2</size>
         <input_file_ref idref="fl-4"/>
      </object_component>
      <object_component id="oc-1b4">
         <name>ramfuncs</name>
         <load_address>0x11d</load_address>
         <run_address>0x11d</run_address>
         <size>0x32</size>
         <input_file_ref idref="fl-c"/>
      </object_component>
      <object_component id="oc-ce">
         <name>ramfuncs</name>
         <load_address>0x14f</load_address>
         <run_address>0x14f</run_address>
         <size>0x4</size>
         <input_file_ref idref="fl-1d"/>
      </object_component>
      <object_component id="oc-1a2">
         <name>.text</name>
         <load_address>0x8000</load_address>
         <run_address>0x8000</run_address>
         <size>0xac9</size>
         <input_file_ref idref="fl-e"/>
      </object_component>
      <object_component id="oc-194">
         <name>.text</name>
         <load_address>0x8ac9</load_address>
         <run_address>0x8ac9</run_address>
         <size>0x994</size>
         <input_file_ref idref="fl-9"/>
      </object_component>
      <object_component id="oc-196">
         <name>.text</name>
         <load_address>0x945d</load_address>
         <run_address>0x945d</run_address>
         <size>0x49c</size>
         <input_file_ref idref="fl-16"/>
      </object_component>
      <object_component id="oc-ab">
         <name>.text:retain</name>
         <load_address>0x98f9</load_address>
         <run_address>0x98f9</run_address>
         <size>0x431</size>
         <input_file_ref idref="fl-16"/>
      </object_component>
      <object_component id="oc-1a1">
         <name>.text</name>
         <load_address>0x9d2a</load_address>
         <run_address>0x9d2a</run_address>
         <size>0x42c</size>
         <input_file_ref idref="fl-1e"/>
      </object_component>
      <object_component id="oc-1ac">
         <name>.text</name>
         <load_address>0xa156</load_address>
         <run_address>0xa156</run_address>
         <size>0x41e</size>
         <input_file_ref idref="fl-7c"/>
      </object_component>
      <object_component id="oc-192">
         <name>.text</name>
         <load_address>0xa574</load_address>
         <run_address>0xa574</run_address>
         <size>0x3d6</size>
         <input_file_ref idref="fl-68"/>
      </object_component>
      <object_component id="oc-1b1">
         <name>.text</name>
         <load_address>0xa94a</load_address>
         <run_address>0xa94a</run_address>
         <size>0x2f7</size>
         <input_file_ref idref="fl-17"/>
      </object_component>
      <object_component id="oc-1ad">
         <name>.text</name>
         <load_address>0xac41</load_address>
         <run_address>0xac41</run_address>
         <size>0x2d1</size>
         <input_file_ref idref="fl-a"/>
      </object_component>
      <object_component id="oc-1b5">
         <name>.text</name>
         <load_address>0xaf12</load_address>
         <run_address>0xaf12</run_address>
         <size>0x1ed</size>
         <input_file_ref idref="fl-5"/>
      </object_component>
      <object_component id="oc-1b0">
         <name>.text</name>
         <load_address>0xb0ff</load_address>
         <run_address>0xb0ff</run_address>
         <size>0x18a</size>
         <input_file_ref idref="fl-7"/>
      </object_component>
      <object_component id="oc-1aa">
         <name>.text</name>
         <load_address>0xb289</load_address>
         <run_address>0xb289</run_address>
         <size>0x187</size>
         <input_file_ref idref="fl-77"/>
      </object_component>
      <object_component id="oc-191">
         <name>.text</name>
         <load_address>0xb410</load_address>
         <run_address>0xb410</run_address>
         <size>0x17f</size>
         <input_file_ref idref="fl-d"/>
      </object_component>
      <object_component id="oc-193">
         <name>.text</name>
         <load_address>0xb58f</load_address>
         <run_address>0xb58f</run_address>
         <size>0x160</size>
         <input_file_ref idref="fl-34"/>
      </object_component>
      <object_component id="oc-1b3">
         <name>.text</name>
         <load_address>0xb6ef</load_address>
         <run_address>0xb6ef</run_address>
         <size>0x101</size>
         <input_file_ref idref="fl-14"/>
      </object_component>
      <object_component id="oc-1af">
         <name>.text</name>
         <load_address>0xb7f0</load_address>
         <run_address>0xb7f0</run_address>
         <size>0xa9</size>
         <input_file_ref idref="fl-19"/>
      </object_component>
      <object_component id="oc-de">
         <name>.text</name>
         <load_address>0xb899</load_address>
         <run_address>0xb899</run_address>
         <size>0x83</size>
         <input_file_ref idref="fl-27"/>
      </object_component>
      <object_component id="oc-ed">
         <name>.text</name>
         <load_address>0xb91c</load_address>
         <run_address>0xb91c</run_address>
         <size>0x83</size>
         <input_file_ref idref="fl-2a"/>
      </object_component>
      <object_component id="oc-1a7">
         <name>.text</name>
         <load_address>0xb99f</load_address>
         <run_address>0xb99f</run_address>
         <size>0x7d</size>
         <input_file_ref idref="fl-66"/>
      </object_component>
      <object_component id="oc-e8">
         <name>.text</name>
         <load_address>0xba1c</load_address>
         <run_address>0xba1c</run_address>
         <size>0x78</size>
         <input_file_ref idref="fl-29"/>
      </object_component>
      <object_component id="oc-1be">
         <name>.text</name>
         <load_address>0xba94</load_address>
         <run_address>0xba94</run_address>
         <size>0x75</size>
         <input_file_ref idref="fl-7f"/>
      </object_component>
      <object_component id="oc-1ab">
         <name>.text</name>
         <load_address>0xbb09</load_address>
         <run_address>0xbb09</run_address>
         <size>0x69</size>
         <input_file_ref idref="fl-73"/>
      </object_component>
      <object_component id="oc-1c2">
         <name>.text</name>
         <load_address>0xbb72</load_address>
         <run_address>0xbb72</run_address>
         <size>0x5d</size>
         <input_file_ref idref="fl-7d"/>
      </object_component>
      <object_component id="oc-1b2">
         <name>.text</name>
         <load_address>0xbbcf</load_address>
         <run_address>0xbbcf</run_address>
         <size>0x5b</size>
         <input_file_ref idref="fl-15"/>
      </object_component>
      <object_component id="oc-f2">
         <name>.text</name>
         <load_address>0xbc2a</load_address>
         <run_address>0xbc2a</run_address>
         <size>0x5a</size>
         <input_file_ref idref="fl-2b"/>
      </object_component>
      <object_component id="oc-14">
         <name>.text</name>
         <load_address>0xbc84</load_address>
         <run_address>0xbc84</run_address>
         <size>0x54</size>
         <input_file_ref idref="fl-6f"/>
      </object_component>
      <object_component id="oc-1b7">
         <name>.text</name>
         <load_address>0xbcd8</load_address>
         <run_address>0xbcd8</run_address>
         <size>0x47</size>
         <input_file_ref idref="fl-10"/>
      </object_component>
      <object_component id="oc-1b9">
         <name>.text</name>
         <load_address>0xbd1f</load_address>
         <run_address>0xbd1f</run_address>
         <size>0x46</size>
         <input_file_ref idref="fl-1f"/>
      </object_component>
      <object_component id="oc-1bb">
         <name>.text</name>
         <load_address>0xbd65</load_address>
         <run_address>0xbd65</run_address>
         <size>0x43</size>
         <input_file_ref idref="fl-18"/>
      </object_component>
      <object_component id="oc-1bc">
         <name>.text</name>
         <load_address>0xbda8</load_address>
         <run_address>0xbda8</run_address>
         <size>0x3e</size>
         <input_file_ref idref="fl-7b"/>
      </object_component>
      <object_component id="oc-1ae">
         <name>.text</name>
         <load_address>0xbde6</load_address>
         <run_address>0xbde6</run_address>
         <size>0x32</size>
         <input_file_ref idref="fl-1b"/>
      </object_component>
      <object_component id="oc-1b6">
         <name>.text</name>
         <load_address>0xbe18</load_address>
         <run_address>0xbe18</run_address>
         <size>0x2d</size>
         <input_file_ref idref="fl-11"/>
      </object_component>
      <object_component id="oc-190">
         <name>.text</name>
         <load_address>0xbe45</load_address>
         <run_address>0xbe45</run_address>
         <size>0x29</size>
         <input_file_ref idref="fl-75"/>
      </object_component>
      <object_component id="oc-1b8">
         <name>.text</name>
         <load_address>0xbe6e</load_address>
         <run_address>0xbe6e</run_address>
         <size>0x25</size>
         <input_file_ref idref="fl-8"/>
      </object_component>
      <object_component id="oc-101">
         <name>.text</name>
         <load_address>0xbe93</load_address>
         <run_address>0xbe93</run_address>
         <size>0x25</size>
         <input_file_ref idref="fl-2e"/>
      </object_component>
      <object_component id="oc-18d">
         <name>.text</name>
         <load_address>0xbeb8</load_address>
         <run_address>0xbeb8</run_address>
         <size>0x24</size>
         <input_file_ref idref="fl-74"/>
      </object_component>
      <object_component id="oc-199">
         <name>.text</name>
         <load_address>0xbedc</load_address>
         <run_address>0xbedc</run_address>
         <size>0x21</size>
         <input_file_ref idref="fl-b"/>
      </object_component>
      <object_component id="oc-10b">
         <name>.text</name>
         <load_address>0xbefd</load_address>
         <run_address>0xbefd</run_address>
         <size>0x21</size>
         <input_file_ref idref="fl-30"/>
      </object_component>
      <object_component id="oc-1ba">
         <name>.text</name>
         <load_address>0xbf1e</load_address>
         <run_address>0xbf1e</run_address>
         <size>0x20</size>
         <input_file_ref idref="fl-c"/>
      </object_component>
      <object_component id="oc-e3">
         <name>.text</name>
         <load_address>0xbf3e</load_address>
         <run_address>0xbf3e</run_address>
         <size>0x1f</size>
         <input_file_ref idref="fl-28"/>
      </object_component>
      <object_component id="oc-106">
         <name>.text</name>
         <load_address>0xbf5d</load_address>
         <run_address>0xbf5d</run_address>
         <size>0x1d</size>
         <input_file_ref idref="fl-2f"/>
      </object_component>
      <object_component id="oc-195">
         <name>.text</name>
         <load_address>0xbf7a</load_address>
         <run_address>0xbf7a</run_address>
         <size>0x1d</size>
         <input_file_ref idref="fl-7a"/>
      </object_component>
      <object_component id="oc-fc">
         <name>.text</name>
         <load_address>0xbf97</load_address>
         <run_address>0xbf97</run_address>
         <size>0x1c</size>
         <input_file_ref idref="fl-2d"/>
      </object_component>
      <object_component id="oc-110">
         <name>.text</name>
         <load_address>0xbfb3</load_address>
         <run_address>0xbfb3</run_address>
         <size>0x1a</size>
         <input_file_ref idref="fl-31"/>
      </object_component>
      <object_component id="oc-161">
         <name>.text</name>
         <load_address>0xbfcd</load_address>
         <run_address>0xbfcd</run_address>
         <size>0x1a</size>
         <input_file_ref idref="fl-78"/>
      </object_component>
      <object_component id="oc-122">
         <name>.text</name>
         <load_address>0xbfe7</load_address>
         <run_address>0xbfe7</run_address>
         <size>0x17</size>
         <input_file_ref idref="fl-67"/>
      </object_component>
      <object_component id="oc-11a">
         <name>.text</name>
         <load_address>0xbffe</load_address>
         <run_address>0xbffe</run_address>
         <size>0x13</size>
         <input_file_ref idref="fl-33"/>
      </object_component>
      <object_component id="oc-18f">
         <name>.text</name>
         <load_address>0xc011</load_address>
         <run_address>0xc011</run_address>
         <size>0x11</size>
         <input_file_ref idref="fl-70"/>
      </object_component>
      <object_component id="oc-115">
         <name>.text</name>
         <load_address>0xc022</load_address>
         <run_address>0xc022</run_address>
         <size>0x10</size>
         <input_file_ref idref="fl-32"/>
      </object_component>
      <object_component id="oc-1c3">
         <name>.text</name>
         <load_address>0xc032</load_address>
         <run_address>0xc032</run_address>
         <size>0xa</size>
         <input_file_ref idref="fl-7e"/>
      </object_component>
      <object_component id="oc-1a8">
         <name>.text</name>
         <load_address>0xc03c</load_address>
         <run_address>0xc03c</run_address>
         <size>0x9</size>
         <input_file_ref idref="fl-76"/>
      </object_component>
      <object_component id="oc-46">
         <name>.text</name>
         <load_address>0xc045</load_address>
         <run_address>0xc045</run_address>
         <size>0x8</size>
         <input_file_ref idref="fl-4"/>
      </object_component>
      <object_component id="oc-1a5">
         <name>.text</name>
         <load_address>0xc04d</load_address>
         <run_address>0xc04d</run_address>
         <size>0x7</size>
         <input_file_ref idref="fl-1a"/>
      </object_component>
      <object_component id="oc-1a3">
         <name>.text</name>
         <load_address>0xc054</load_address>
         <run_address>0xc054</run_address>
         <size>0x6</size>
         <input_file_ref idref="fl-6"/>
      </object_component>
      <object_component id="oc-1a4">
         <name>.text</name>
         <load_address>0xc05a</load_address>
         <run_address>0xc05a</run_address>
         <size>0x6</size>
         <input_file_ref idref="fl-f"/>
      </object_component>
      <object_component id="oc-19a">
         <name>.text</name>
         <load_address>0xc060</load_address>
         <run_address>0xc060</run_address>
         <size>0x6</size>
         <input_file_ref idref="fl-12"/>
      </object_component>
      <object_component id="oc-1a6">
         <name>.text</name>
         <load_address>0xc066</load_address>
         <run_address>0xc066</run_address>
         <size>0x6</size>
         <input_file_ref idref="fl-1c"/>
      </object_component>
      <object_component id="oc-9e">
         <name>.text:retain</name>
         <load_address>0xc06c</load_address>
         <run_address>0xc06c</run_address>
         <size>0x5</size>
         <input_file_ref idref="fl-14"/>
      </object_component>
      <object_component id="oc-f7">
         <name>.text</name>
         <load_address>0xc071</load_address>
         <run_address>0xc071</run_address>
         <size>0x5</size>
         <input_file_ref idref="fl-2c"/>
      </object_component>
      <object_component id="oc-18c">
         <name>.text</name>
         <load_address>0xc076</load_address>
         <run_address>0xc076</run_address>
         <size>0x2</size>
         <input_file_ref idref="fl-72"/>
      </object_component>
      <object_component id="oc-18e">
         <name>.text</name>
         <load_address>0xc078</load_address>
         <run_address>0xc078</run_address>
         <size>0x1</size>
         <input_file_ref idref="fl-71"/>
      </object_component>
      <object_component id="oc-a9">
         <name>.cinit</name>
         <load_address>0x50</load_address>
         <run_address>0x50</run_address>
         <size>0xab</size>
         <input_file_ref idref="fl-16"/>
      </object_component>
      <object_component id="oc-150">
         <name>.cinit</name>
         <load_address>0xfb</load_address>
         <run_address>0xfb</run_address>
         <size>0xe</size>
         <input_file_ref idref="fl-75"/>
      </object_component>
      <object_component id="oc-198">
         <name>.cinit:__lock</name>
         <load_address>0x109</load_address>
         <run_address>0x109</run_address>
         <size>0x5</size>
         <input_file_ref idref="fl-76"/>
      </object_component>
      <object_component id="oc-1a9">
         <name>.cinit:__unlock</name>
         <load_address>0x10e</load_address>
         <run_address>0x10e</run_address>
         <size>0x5</size>
         <input_file_ref idref="fl-76"/>
      </object_component>
      <object_component id="oc-68">
         <name>.cinit</name>
         <load_address>0x113</load_address>
         <run_address>0x113</run_address>
         <size>0x4</size>
         <input_file_ref idref="fl-a"/>
      </object_component>
      <object_component id="oc-167">
         <name>.cinit</name>
         <load_address>0x117</load_address>
         <run_address>0x117</run_address>
         <size>0x4</size>
         <input_file_ref idref="fl-79"/>
      </object_component>
      <object_component id="oc-130">
         <name>.reset</name>
         <load_address>0x3fffc0</load_address>
         <run_address>0x3fffc0</run_address>
         <size>0x2</size>
         <input_file_ref idref="fl-6f"/>
      </object_component>
      <object_component id="oc-12f">
         <name>.stack</name>
         <uninitialized>true</uninitialized>
         <run_address>0x400</run_address>
         <size>0x0</size>
         <input_file_ref idref="fl-6f"/>
      </object_component>
      <object_component id="oc-1e1">
         <name>.stack</name>
         <uninitialized>true</uninitialized>
         <run_address>0x400</run_address>
         <size>0x0</size>
      </object_component>
      <object_component id="oc-5c">
         <name>.ebss</name>
         <uninitialized>true</uninitialized>
         <run_address>0xc274</run_address>
         <size>0x1</size>
         <input_file_ref idref="fl-8"/>
      </object_component>
      <object_component id="oc-69">
         <name>.ebss</name>
         <uninitialized>true</uninitialized>
         <run_address>0xc270</run_address>
         <size>0x2</size>
         <input_file_ref idref="fl-a"/>
      </object_component>
      <object_component id="oc-7e">
         <name>.ebss</name>
         <uninitialized>true</uninitialized>
         <run_address>0xc280</run_address>
         <size>0xa8</size>
         <input_file_ref idref="fl-e"/>
      </object_component>
      <object_component id="oc-aa">
         <name>.ebss</name>
         <uninitialized>true</uninitialized>
         <run_address>0xc080</run_address>
         <size>0x1ec</size>
         <input_file_ref idref="fl-16"/>
      </object_component>
      <object_component id="oc-11f">
         <name>.ebss</name>
         <uninitialized>true</uninitialized>
         <run_address>0xc3c0</run_address>
         <size>0x28</size>
         <input_file_ref idref="fl-34"/>
      </object_component>
      <object_component id="oc-120">
         <name>.ebss</name>
         <uninitialized>true</uninitialized>
         <run_address>0xc272</run_address>
         <size>0x2</size>
         <input_file_ref idref="fl-66"/>
      </object_component>
      <object_component id="oc-127">
         <name>.ebss</name>
         <uninitialized>true</uninitialized>
         <run_address>0xc340</run_address>
         <size>0x66</size>
         <input_file_ref idref="fl-68"/>
      </object_component>
      <object_component id="oc-151">
         <name>.ebss</name>
         <uninitialized>true</uninitialized>
         <run_address>0xc07a</run_address>
         <size>0x6</size>
         <input_file_ref idref="fl-75"/>
      </object_component>
      <object_component id="oc-197">
         <name>.ebss:__lock</name>
         <uninitialized>true</uninitialized>
         <run_address>0xc26c</run_address>
         <size>0x2</size>
         <input_file_ref idref="fl-76"/>
      </object_component>
      <object_component id="oc-1bd">
         <name>.ebss:__unlock</name>
         <uninitialized>true</uninitialized>
         <run_address>0xc26e</run_address>
         <size>0x2</size>
         <input_file_ref idref="fl-76"/>
      </object_component>
      <object_component id="oc-168">
         <name>.ebss</name>
         <uninitialized>true</uninitialized>
         <run_address>0xc275</run_address>
         <size>0x1</size>
         <input_file_ref idref="fl-79"/>
      </object_component>
      <object_component id="oc-176">
         <name>.econst</name>
         <load_address>0xc4d6</load_address>
         <run_address>0xc4d6</run_address>
         <size>0x32</size>
         <input_file_ref idref="fl-7c"/>
      </object_component>
      <object_component id="oc-15c">
         <name>.econst</name>
         <load_address>0xc508</load_address>
         <run_address>0xc508</run_address>
         <size>0x10</size>
         <input_file_ref idref="fl-77"/>
      </object_component>
      <object_component id="oc-d4">
         <name>.econst</name>
         <load_address>0xc518</load_address>
         <run_address>0xc518</run_address>
         <size>0x8</size>
         <input_file_ref idref="fl-1e"/>
      </object_component>
      <object_component id="oc-17c">
         <name>.econst</name>
         <load_address>0xc520</load_address>
         <run_address>0xc520</run_address>
         <size>0x6</size>
         <input_file_ref idref="fl-7d"/>
      </object_component>
      <object_component id="oc-19b">
         <name>.econst:_$P$T0$1</name>
         <load_address>0xc526</load_address>
         <run_address>0xc526</run_address>
         <size>0x4</size>
         <input_file_ref idref="fl-9"/>
      </object_component>
      <object_component id="oc-19c">
         <name>.econst:_$P$T1$2</name>
         <load_address>0xc52a</load_address>
         <run_address>0xc52a</run_address>
         <size>0x4</size>
         <input_file_ref idref="fl-9"/>
      </object_component>
      <object_component id="oc-19d">
         <name>.econst:_$P$T2$3</name>
         <load_address>0xc52e</load_address>
         <run_address>0xc52e</run_address>
         <size>0x4</size>
         <input_file_ref idref="fl-9"/>
      </object_component>
      <object_component id="oc-19e">
         <name>.econst:_$P$T3$4</name>
         <load_address>0xc532</load_address>
         <run_address>0xc532</run_address>
         <size>0x4</size>
         <input_file_ref idref="fl-9"/>
      </object_component>
      <object_component id="oc-19f">
         <name>.econst:_$P$T4$5</name>
         <load_address>0xc536</load_address>
         <run_address>0xc536</run_address>
         <size>0x4</size>
         <input_file_ref idref="fl-9"/>
      </object_component>
      <object_component id="oc-1a0">
         <name>.econst:_$P$T5$6</name>
         <load_address>0xc53a</load_address>
         <run_address>0xc53a</run_address>
         <size>0x4</size>
         <input_file_ref idref="fl-9"/>
      </object_component>
      <object_component id="oc-1bf">
         <name>.econst:_bp</name>
         <load_address>0xc53e</load_address>
         <run_address>0xc53e</run_address>
         <size>0x4</size>
         <input_file_ref idref="fl-7c"/>
      </object_component>
      <object_component id="oc-1c0">
         <name>.econst:_dp_h</name>
         <load_address>0xc542</load_address>
         <run_address>0xc542</run_address>
         <size>0x4</size>
         <input_file_ref idref="fl-7c"/>
      </object_component>
      <object_component id="oc-1c1">
         <name>.econst:_dp_l</name>
         <load_address>0xc546</load_address>
         <run_address>0xc546</run_address>
         <size>0x4</size>
         <input_file_ref idref="fl-7c"/>
      </object_component>
      <object_component id="oc-62">
         <name>.econst</name>
         <load_address>0xc54a</load_address>
         <run_address>0xc54a</run_address>
         <size>0x4</size>
         <input_file_ref idref="fl-9"/>
      </object_component>
      <object_component id="oc-121">
         <name>.econst</name>
         <load_address>0xc54e</load_address>
         <run_address>0xc54e</run_address>
         <size>0x4</size>
         <input_file_ref idref="fl-66"/>
      </object_component>
      <object_component id="oc-7f">
         <name>.econst</name>
         <load_address>0xc552</load_address>
         <run_address>0xc552</run_address>
         <size>0x4</size>
         <input_file_ref idref="fl-e"/>
      </object_component>
      <object_component id="oc-128">
         <name>.econst</name>
         <load_address>0xc556</load_address>
         <run_address>0xc556</run_address>
         <size>0x4</size>
         <input_file_ref idref="fl-68"/>
      </object_component>
      <object_component id="oc-187">
         <name>.econst</name>
         <load_address>0xc55a</load_address>
         <run_address>0xc55a</run_address>
         <size>0x4</size>
         <input_file_ref idref="fl-7f"/>
      </object_component>
      <object_component id="oc-145">
         <name>.econst</name>
         <load_address>0xc55e</load_address>
         <run_address>0xc55e</run_address>
         <size>0x2</size>
         <input_file_ref idref="fl-73"/>
      </object_component>
      <object_component id="oc-170">
         <name>.econst</name>
         <load_address>0xc560</load_address>
         <run_address>0xc560</run_address>
         <size>0x2</size>
         <input_file_ref idref="fl-7b"/>
      </object_component>
      <object_component id="oc-12b">
         <name>IQmath</name>
         <load_address>0xc3e8</load_address>
         <run_address>0xc3e8</run_address>
         <size>0x47</size>
         <input_file_ref idref="fl-6b"/>
      </object_component>
      <object_component id="oc-12d">
         <name>IQmath</name>
         <load_address>0xc42f</load_address>
         <run_address>0xc42f</run_address>
         <size>0x42</size>
         <input_file_ref idref="fl-6d"/>
      </object_component>
      <object_component id="oc-12c">
         <name>IQmath</name>
         <load_address>0xc471</load_address>
         <run_address>0xc471</run_address>
         <size>0x29</size>
         <input_file_ref idref="fl-6c"/>
      </object_component>
      <object_component id="oc-129">
         <name>IQmath</name>
         <load_address>0xc49a</load_address>
         <run_address>0xc49a</run_address>
         <size>0x27</size>
         <input_file_ref idref="fl-69"/>
      </object_component>
      <object_component id="oc-12e">
         <name>IQmath</name>
         <load_address>0xc4c1</load_address>
         <run_address>0xc4c1</run_address>
         <size>0x14</size>
         <input_file_ref idref="fl-6e"/>
      </object_component>
      <object_component id="oc-12a">
         <name>IQmathTables</name>
         <load_address>0x3fdc30</load_address>
         <run_address>0x3fdc30</run_address>
         <size>0xb50</size>
         <input_file_ref idref="fl-6a"/>
      </object_component>
      <object_component id="oc-48">
         <name>.debug_line</name>
         <load_address>0x0</load_address>
         <run_address>0x0</run_address>
         <size>0xaa</size>
         <input_file_ref idref="fl-4"/>
      </object_component>
      <object_component id="oc-4e">
         <name>.debug_line</name>
         <load_address>0xaa</load_address>
         <run_address>0xaa</run_address>
         <size>0x37a</size>
         <input_file_ref idref="fl-5"/>
      </object_component>
      <object_component id="oc-53">
         <name>.debug_line</name>
         <load_address>0x424</load_address>
         <run_address>0x424</run_address>
         <size>0x87</size>
         <input_file_ref idref="fl-6"/>
      </object_component>
      <object_component id="oc-58">
         <name>.debug_line</name>
         <load_address>0x4ab</load_address>
         <run_address>0x4ab</run_address>
         <size>0x590</size>
         <input_file_ref idref="fl-7"/>
      </object_component>
      <object_component id="oc-5e">
         <name>.debug_line</name>
         <load_address>0xa3b</load_address>
         <run_address>0xa3b</run_address>
         <size>0x157</size>
         <input_file_ref idref="fl-8"/>
      </object_component>
      <object_component id="oc-64">
         <name>.debug_line</name>
         <load_address>0xb92</load_address>
         <run_address>0xb92</run_address>
         <size>0x13bb</size>
         <input_file_ref idref="fl-9"/>
      </object_component>
      <object_component id="oc-6b">
         <name>.debug_line</name>
         <load_address>0x1f4d</load_address>
         <run_address>0x1f4d</run_address>
         <size>0x5b0</size>
         <input_file_ref idref="fl-a"/>
      </object_component>
      <object_component id="oc-70">
         <name>.debug_line</name>
         <load_address>0x24fd</load_address>
         <run_address>0x24fd</run_address>
         <size>0x115</size>
         <input_file_ref idref="fl-b"/>
      </object_component>
      <object_component id="oc-75">
         <name>.debug_line</name>
         <load_address>0x2612</load_address>
         <run_address>0x2612</run_address>
         <size>0x1df</size>
         <input_file_ref idref="fl-c"/>
      </object_component>
      <object_component id="oc-7a">
         <name>.debug_line</name>
         <load_address>0x27f1</load_address>
         <run_address>0x27f1</run_address>
         <size>0x28b</size>
         <input_file_ref idref="fl-d"/>
      </object_component>
      <object_component id="oc-81">
         <name>.debug_line</name>
         <load_address>0x2a7c</load_address>
         <run_address>0x2a7c</run_address>
         <size>0xd84</size>
         <input_file_ref idref="fl-e"/>
      </object_component>
      <object_component id="oc-86">
         <name>.debug_line</name>
         <load_address>0x3800</load_address>
         <run_address>0x3800</run_address>
         <size>0x85</size>
         <input_file_ref idref="fl-f"/>
      </object_component>
      <object_component id="oc-8b">
         <name>.debug_line</name>
         <load_address>0x3885</load_address>
         <run_address>0x3885</run_address>
         <size>0xfb</size>
         <input_file_ref idref="fl-10"/>
      </object_component>
      <object_component id="oc-90">
         <name>.debug_line</name>
         <load_address>0x3980</load_address>
         <run_address>0x3980</run_address>
         <size>0xdf</size>
         <input_file_ref idref="fl-11"/>
      </object_component>
      <object_component id="oc-95">
         <name>.debug_line</name>
         <load_address>0x3a5f</load_address>
         <run_address>0x3a5f</run_address>
         <size>0x83</size>
         <input_file_ref idref="fl-12"/>
      </object_component>
      <object_component id="oc-9a">
         <name>.debug_line</name>
         <load_address>0x3ae2</load_address>
         <run_address>0x3ae2</run_address>
         <size>0xbb</size>
         <input_file_ref idref="fl-13"/>
      </object_component>
      <object_component id="oc-a0">
         <name>.debug_line</name>
         <load_address>0x3b9d</load_address>
         <run_address>0x3b9d</run_address>
         <size>0x304</size>
         <input_file_ref idref="fl-14"/>
      </object_component>
      <object_component id="oc-a5">
         <name>.debug_line</name>
         <load_address>0x3ea1</load_address>
         <run_address>0x3ea1</run_address>
         <size>0x1ee</size>
         <input_file_ref idref="fl-15"/>
      </object_component>
      <object_component id="oc-ad">
         <name>.debug_line</name>
         <load_address>0x408f</load_address>
         <run_address>0x408f</run_address>
         <size>0x1169</size>
         <input_file_ref idref="fl-16"/>
      </object_component>
      <object_component id="oc-b2">
         <name>.debug_line</name>
         <load_address>0x51f8</load_address>
         <run_address>0x51f8</run_address>
         <size>0xa3c</size>
         <input_file_ref idref="fl-17"/>
      </object_component>
      <object_component id="oc-b7">
         <name>.debug_line</name>
         <load_address>0x5c34</load_address>
         <run_address>0x5c34</run_address>
         <size>0x117</size>
         <input_file_ref idref="fl-18"/>
      </object_component>
      <object_component id="oc-bc">
         <name>.debug_line</name>
         <load_address>0x5d4b</load_address>
         <run_address>0x5d4b</run_address>
         <size>0x41b</size>
         <input_file_ref idref="fl-19"/>
      </object_component>
      <object_component id="oc-c1">
         <name>.debug_line</name>
         <load_address>0x6166</load_address>
         <run_address>0x6166</run_address>
         <size>0x98</size>
         <input_file_ref idref="fl-1a"/>
      </object_component>
      <object_component id="oc-c6">
         <name>.debug_line</name>
         <load_address>0x61fe</load_address>
         <run_address>0x61fe</run_address>
         <size>0x12c</size>
         <input_file_ref idref="fl-1b"/>
      </object_component>
      <object_component id="oc-cb">
         <name>.debug_line</name>
         <load_address>0x632a</load_address>
         <run_address>0x632a</run_address>
         <size>0x83</size>
         <input_file_ref idref="fl-1c"/>
      </object_component>
      <object_component id="oc-cf">
         <name>.debug_line</name>
         <load_address>0x63ad</load_address>
         <run_address>0x63ad</run_address>
         <size>0x8b</size>
         <input_file_ref idref="fl-1d"/>
      </object_component>
      <object_component id="oc-d6">
         <name>.debug_line</name>
         <load_address>0x6438</load_address>
         <run_address>0x6438</run_address>
         <size>0x454</size>
         <input_file_ref idref="fl-1e"/>
      </object_component>
      <object_component id="oc-db">
         <name>.debug_line</name>
         <load_address>0x688c</load_address>
         <run_address>0x688c</run_address>
         <size>0x176</size>
         <input_file_ref idref="fl-1f"/>
      </object_component>
      <object_component id="oc-e0">
         <name>.debug_line</name>
         <load_address>0x6a02</load_address>
         <run_address>0x6a02</run_address>
         <size>0xa2</size>
         <input_file_ref idref="fl-27"/>
      </object_component>
      <object_component id="oc-e5">
         <name>.debug_line</name>
         <load_address>0x6aa4</load_address>
         <run_address>0x6aa4</run_address>
         <size>0x58</size>
         <input_file_ref idref="fl-28"/>
      </object_component>
      <object_component id="oc-ea">
         <name>.debug_line</name>
         <load_address>0x6afc</load_address>
         <run_address>0x6afc</run_address>
         <size>0xa9</size>
         <input_file_ref idref="fl-29"/>
      </object_component>
      <object_component id="oc-ef">
         <name>.debug_line</name>
         <load_address>0x6ba5</load_address>
         <run_address>0x6ba5</run_address>
         <size>0xab</size>
         <input_file_ref idref="fl-2a"/>
      </object_component>
      <object_component id="oc-f4">
         <name>.debug_line</name>
         <load_address>0x6c50</load_address>
         <run_address>0x6c50</run_address>
         <size>0x8d</size>
         <input_file_ref idref="fl-2b"/>
      </object_component>
      <object_component id="oc-f9">
         <name>.debug_line</name>
         <load_address>0x6cdd</load_address>
         <run_address>0x6cdd</run_address>
         <size>0x41</size>
         <input_file_ref idref="fl-2c"/>
      </object_component>
      <object_component id="oc-fe">
         <name>.debug_line</name>
         <load_address>0x6d1e</load_address>
         <run_address>0x6d1e</run_address>
         <size>0x56</size>
         <input_file_ref idref="fl-2d"/>
      </object_component>
      <object_component id="oc-103">
         <name>.debug_line</name>
         <load_address>0x6d74</load_address>
         <run_address>0x6d74</run_address>
         <size>0x5e</size>
         <input_file_ref idref="fl-2e"/>
      </object_component>
      <object_component id="oc-108">
         <name>.debug_line</name>
         <load_address>0x6dd2</load_address>
         <run_address>0x6dd2</run_address>
         <size>0x56</size>
         <input_file_ref idref="fl-2f"/>
      </object_component>
      <object_component id="oc-10d">
         <name>.debug_line</name>
         <load_address>0x6e28</load_address>
         <run_address>0x6e28</run_address>
         <size>0x59</size>
         <input_file_ref idref="fl-30"/>
      </object_component>
      <object_component id="oc-112">
         <name>.debug_line</name>
         <load_address>0x6e81</load_address>
         <run_address>0x6e81</run_address>
         <size>0x52</size>
         <input_file_ref idref="fl-31"/>
      </object_component>
      <object_component id="oc-117">
         <name>.debug_line</name>
         <load_address>0x6ed3</load_address>
         <run_address>0x6ed3</run_address>
         <size>0x49</size>
         <input_file_ref idref="fl-32"/>
      </object_component>
      <object_component id="oc-11c">
         <name>.debug_line</name>
         <load_address>0x6f1c</load_address>
         <run_address>0x6f1c</run_address>
         <size>0x4f</size>
         <input_file_ref idref="fl-33"/>
      </object_component>
      <object_component id="oc-124">
         <name>.debug_line</name>
         <load_address>0x6f6b</load_address>
         <run_address>0x6f6b</run_address>
         <size>0x52</size>
         <input_file_ref idref="fl-67"/>
      </object_component>
      <object_component id="oc-132">
         <name>.debug_line</name>
         <load_address>0x6fbd</load_address>
         <run_address>0x6fbd</run_address>
         <size>0x7d</size>
         <input_file_ref idref="fl-6f"/>
      </object_component>
      <object_component id="oc-137">
         <name>.debug_line</name>
         <load_address>0x703a</load_address>
         <run_address>0x703a</run_address>
         <size>0x4f</size>
         <input_file_ref idref="fl-70"/>
      </object_component>
      <object_component id="oc-13c">
         <name>.debug_line</name>
         <load_address>0x7089</load_address>
         <run_address>0x7089</run_address>
         <size>0x3a</size>
         <input_file_ref idref="fl-71"/>
      </object_component>
      <object_component id="oc-141">
         <name>.debug_line</name>
         <load_address>0x70c3</load_address>
         <run_address>0x70c3</run_address>
         <size>0x3e</size>
         <input_file_ref idref="fl-72"/>
      </object_component>
      <object_component id="oc-147">
         <name>.debug_line</name>
         <load_address>0x7101</load_address>
         <run_address>0x7101</run_address>
         <size>0x7f</size>
         <input_file_ref idref="fl-73"/>
      </object_component>
      <object_component id="oc-14c">
         <name>.debug_line</name>
         <load_address>0x7180</load_address>
         <run_address>0x7180</run_address>
         <size>0x50</size>
         <input_file_ref idref="fl-74"/>
      </object_component>
      <object_component id="oc-153">
         <name>.debug_line</name>
         <load_address>0x71d0</load_address>
         <run_address>0x71d0</run_address>
         <size>0x65</size>
         <input_file_ref idref="fl-75"/>
      </object_component>
      <object_component id="oc-158">
         <name>.debug_line</name>
         <load_address>0x7235</load_address>
         <run_address>0x7235</run_address>
         <size>0x5e</size>
         <input_file_ref idref="fl-76"/>
      </object_component>
      <object_component id="oc-15e">
         <name>.debug_line</name>
         <load_address>0x7293</load_address>
         <run_address>0x7293</run_address>
         <size>0xb9</size>
         <input_file_ref idref="fl-77"/>
      </object_component>
      <object_component id="oc-163">
         <name>.debug_line</name>
         <load_address>0x734c</load_address>
         <run_address>0x734c</run_address>
         <size>0x53</size>
         <input_file_ref idref="fl-78"/>
      </object_component>
      <object_component id="oc-16c">
         <name>.debug_line</name>
         <load_address>0x739f</load_address>
         <run_address>0x739f</run_address>
         <size>0x62</size>
         <input_file_ref idref="fl-7a"/>
      </object_component>
      <object_component id="oc-172">
         <name>.debug_line</name>
         <load_address>0x7401</load_address>
         <run_address>0x7401</run_address>
         <size>0x68</size>
         <input_file_ref idref="fl-7b"/>
      </object_component>
      <object_component id="oc-178">
         <name>.debug_line</name>
         <load_address>0x7469</load_address>
         <run_address>0x7469</run_address>
         <size>0x1d8</size>
         <input_file_ref idref="fl-7c"/>
      </object_component>
      <object_component id="oc-17e">
         <name>.debug_line</name>
         <load_address>0x7641</load_address>
         <run_address>0x7641</run_address>
         <size>0x73</size>
         <input_file_ref idref="fl-7d"/>
      </object_component>
      <object_component id="oc-183">
         <name>.debug_line</name>
         <load_address>0x76b4</load_address>
         <run_address>0x76b4</run_address>
         <size>0x49</size>
         <input_file_ref idref="fl-7e"/>
      </object_component>
      <object_component id="oc-189">
         <name>.debug_line</name>
         <load_address>0x76fd</load_address>
         <run_address>0x76fd</run_address>
         <size>0xb5</size>
         <input_file_ref idref="fl-7f"/>
      </object_component>
      <object_component id="oc-49">
         <name>.debug_info</name>
         <load_address>0x0</load_address>
         <run_address>0x0</run_address>
         <size>0x254</size>
         <input_file_ref idref="fl-4"/>
      </object_component>
      <object_component id="oc-4c">
         <name>.debug_info</name>
         <load_address>0x254</load_address>
         <run_address>0x254</run_address>
         <size>0x46ac</size>
         <input_file_ref idref="fl-5"/>
      </object_component>
      <object_component id="oc-51">
         <name>.debug_info</name>
         <load_address>0x4900</load_address>
         <run_address>0x4900</run_address>
         <size>0x560</size>
         <input_file_ref idref="fl-6"/>
      </object_component>
      <object_component id="oc-56">
         <name>.debug_info</name>
         <load_address>0x4e60</load_address>
         <run_address>0x4e60</run_address>
         <size>0x4f0d</size>
         <input_file_ref idref="fl-7"/>
      </object_component>
      <object_component id="oc-5b">
         <name>.debug_info</name>
         <load_address>0x9d6d</load_address>
         <run_address>0x9d6d</run_address>
         <size>0x116b</size>
         <input_file_ref idref="fl-8"/>
      </object_component>
      <object_component id="oc-61">
         <name>.debug_info</name>
         <load_address>0xaed8</load_address>
         <run_address>0xaed8</run_address>
         <size>0x9d7c</size>
         <input_file_ref idref="fl-9"/>
      </object_component>
      <object_component id="oc-67">
         <name>.debug_info</name>
         <load_address>0x14c54</load_address>
         <run_address>0x14c54</run_address>
         <size>0x4ff5</size>
         <input_file_ref idref="fl-a"/>
      </object_component>
      <object_component id="oc-6e">
         <name>.debug_info</name>
         <load_address>0x19c49</load_address>
         <run_address>0x19c49</run_address>
         <size>0xd84</size>
         <input_file_ref idref="fl-b"/>
      </object_component>
      <object_component id="oc-73">
         <name>.debug_info</name>
         <load_address>0x1a9cd</load_address>
         <run_address>0x1a9cd</run_address>
         <size>0x21b7</size>
         <input_file_ref idref="fl-c"/>
      </object_component>
      <object_component id="oc-78">
         <name>.debug_info</name>
         <load_address>0x1cb84</load_address>
         <run_address>0x1cb84</run_address>
         <size>0x387c</size>
         <input_file_ref idref="fl-d"/>
      </object_component>
      <object_component id="oc-7d">
         <name>.debug_info</name>
         <load_address>0x20400</load_address>
         <run_address>0x20400</run_address>
         <size>0x121d6</size>
         <input_file_ref idref="fl-e"/>
      </object_component>
      <object_component id="oc-84">
         <name>.debug_info</name>
         <load_address>0x325d6</load_address>
         <run_address>0x325d6</run_address>
         <size>0x4f1</size>
         <input_file_ref idref="fl-f"/>
      </object_component>
      <object_component id="oc-89">
         <name>.debug_info</name>
         <load_address>0x32ac7</load_address>
         <run_address>0x32ac7</run_address>
         <size>0xcf7</size>
         <input_file_ref idref="fl-10"/>
      </object_component>
      <object_component id="oc-8e">
         <name>.debug_info</name>
         <load_address>0x337be</load_address>
         <run_address>0x337be</run_address>
         <size>0xa9e</size>
         <input_file_ref idref="fl-11"/>
      </object_component>
      <object_component id="oc-93">
         <name>.debug_info</name>
         <load_address>0x3425c</load_address>
         <run_address>0x3425c</run_address>
         <size>0x4e7</size>
         <input_file_ref idref="fl-12"/>
      </object_component>
      <object_component id="oc-98">
         <name>.debug_info</name>
         <load_address>0x34743</load_address>
         <run_address>0x34743</run_address>
         <size>0x460</size>
         <input_file_ref idref="fl-13"/>
      </object_component>
      <object_component id="oc-9d">
         <name>.debug_info</name>
         <load_address>0x34ba3</load_address>
         <run_address>0x34ba3</run_address>
         <size>0x4793</size>
         <input_file_ref idref="fl-14"/>
      </object_component>
      <object_component id="oc-a3">
         <name>.debug_info</name>
         <load_address>0x39336</load_address>
         <run_address>0x39336</run_address>
         <size>0x1bcb</size>
         <input_file_ref idref="fl-15"/>
      </object_component>
      <object_component id="oc-a8">
         <name>.debug_info</name>
         <load_address>0x3af01</load_address>
         <run_address>0x3af01</run_address>
         <size>0xb077</size>
         <input_file_ref idref="fl-16"/>
      </object_component>
      <object_component id="oc-b0">
         <name>.debug_info</name>
         <load_address>0x45f78</load_address>
         <run_address>0x45f78</run_address>
         <size>0xb730</size>
         <input_file_ref idref="fl-17"/>
      </object_component>
      <object_component id="oc-b5">
         <name>.debug_info</name>
         <load_address>0x516a8</load_address>
         <run_address>0x516a8</run_address>
         <size>0x1431</size>
         <input_file_ref idref="fl-18"/>
      </object_component>
      <object_component id="oc-ba">
         <name>.debug_info</name>
         <load_address>0x52ad9</load_address>
         <run_address>0x52ad9</run_address>
         <size>0x3dd8</size>
         <input_file_ref idref="fl-19"/>
      </object_component>
      <object_component id="oc-bf">
         <name>.debug_info</name>
         <load_address>0x568b1</load_address>
         <run_address>0x568b1</run_address>
         <size>0x5de</size>
         <input_file_ref idref="fl-1a"/>
      </object_component>
      <object_component id="oc-c4">
         <name>.debug_info</name>
         <load_address>0x56e8f</load_address>
         <run_address>0x56e8f</run_address>
         <size>0xfe4</size>
         <input_file_ref idref="fl-1b"/>
      </object_component>
      <object_component id="oc-c9">
         <name>.debug_info</name>
         <load_address>0x57e73</load_address>
         <run_address>0x57e73</run_address>
         <size>0x54d</size>
         <input_file_ref idref="fl-1c"/>
      </object_component>
      <object_component id="oc-d0">
         <name>.debug_info</name>
         <load_address>0x583c0</load_address>
         <run_address>0x583c0</run_address>
         <size>0x1d0</size>
         <input_file_ref idref="fl-1d"/>
      </object_component>
      <object_component id="oc-d3">
         <name>.debug_info</name>
         <load_address>0x58590</load_address>
         <run_address>0x58590</run_address>
         <size>0x4ac3</size>
         <input_file_ref idref="fl-1e"/>
      </object_component>
      <object_component id="oc-d9">
         <name>.debug_info</name>
         <load_address>0x5d053</load_address>
         <run_address>0x5d053</run_address>
         <size>0x13d7</size>
         <input_file_ref idref="fl-1f"/>
      </object_component>
[...]
      <symbol id="sm-815">
         <name>_FStart_init</name>
         <value>0xba16</value>
         <object_component_ref idref="oc-1a7"/>
      </symbol>
      <symbol id="sm-816">
         <name>_FStart_setParams</name>
         <value>0xb99f</value>
         <object_component_ref idref="oc-1a7"/>
      </symbol>
      <symbol id="sm-817">
         <name>_fstart_18_20141126</name>
         <value>0xc272</value>
         <object_component_ref idref="oc-120"/>
      </symbol>
      <symbol id="sm-818">
         <name>_FStart_init_priv</name>
         <value>0xba0f</value>
         <object_component_ref idref="oc-1a7"/>
      </symbol>
      <symbol id="sm-819">
         <name>_FStart_run</name>
         <value>0xba01</value>
         <object_component_ref idref="oc-1a7"/>
      </symbol>
      <symbol id="sm-82b">
         <name>FS$$CMP</name>
         <value>0xbfe7</value>
         <object_component_ref idref="oc-122"/>
      </symbol>
      <symbol id="sm-833">
         <name>_IPD_HFI_setLpf_spd_Params</name>
         <value>0xa66e</value>
         <object_component_ref idref="oc-192"/>
      </symbol>
      <symbol id="sm-834">
         <name>_IPD_HFI_getSpeed_lp_pu</name>
         <value>0xa944</value>
         <object_component_ref idref="oc-192"/>
      </symbol>
      <symbol id="sm-835">
         <name>_IPD_HFI_setFlag_motorSpinning</name>
         <value>0xa581</value>
         <object_component_ref idref="oc-192"/>
      </symbol>
      <symbol id="sm-836">
         <name>_IPD_HFI_setSpeed_lp_pu</name>
         <value>0xa63e</value>
         <object_component_ref idref="oc-192"/>
      </symbol>
      <symbol id="sm-837">
         <name>_ipd_18_20141126</name>
         <value>0xc340</value>
         <object_component_ref idref="oc-127"/>
      </symbol>
      <symbol id="sm-838">
         <name>_IPD_HFI_setTrajMags</name>
         <value>0xa612</value>
         <object_component_ref idref="oc-192"/>
      </symbol>
      <symbol id="sm-839">
         <name>_IPD_HFI_updateState</name>
         <value>0xa583</value>
         <object_component_ref idref="oc-192"/>
      </symbol>
      <symbol id="sm-83a">
         <name>_IPD_HFI_getAngle_pu</name>
         <value>0xa578</value>
         <object_component_ref idref="oc-192"/>
      </symbol>
      <symbol id="sm-83b">
         <name>_IPD_HFI_init</name>
         <value>0xa93a</value>
         <object_component_ref idref="oc-192"/>
      </symbol>
      <symbol id="sm-83c">
         <name>_IPD_HFI_setHpf_Idq_Params</name>
         <value>0xa641</value>
         <object_component_ref idref="oc-192"/>
      </symbol>
      <symbol id="sm-83d">
         <name>_IPD_HFI_getState</name>
         <value>0xa574</value>
         <object_component_ref idref="oc-192"/>
      </symbol>
      <symbol id="sm-83e">
         <name>_IPD_HFI_setAngle_pu</name>
         <value>0xa57b</value>
         <object_component_ref idref="oc-192"/>
      </symbol>
      <symbol id="sm-83f">
         <name>_IPD_HFI_isOnLine</name>
         <value>0xa8f7</value>
         <object_component_ref idref="oc-192"/>
      </symbol>
      <symbol id="sm-840">
         <name>_IPD_HFI_getSpeed_pu</name>
         <value>0xa7d1</value>
         <object_component_ref idref="oc-192"/>
      </symbol>
      <symbol id="sm-841">
         <name>_IPD_HFI_isEnabled</name>
         <value>0xa576</value>
         <object_component_ref idref="oc-192"/>
      </symbol>
      <symbol id="sm-842">
         <name>_IPD_HFI_TRAJ_init</name>
         <value>0xa8fe</value>
         <object_component_ref idref="oc-192"/>
      </symbol>
      <symbol id="sm-843">
         <name>_IPD_HFI_setSpeed_pu</name>
         <value>0xa63b</value>
         <object_component_ref idref="oc-192"/>
      </symbol>
      <symbol id="sm-844">
         <name>_IPD_HFI_run</name>
         <value>0xa7d4</value>
         <object_component_ref idref="oc-192"/>
      </symbol>
      <symbol id="sm-845">
         <name>_IPD_HFI_getVdValue</name>
         <value>0xa940</value>
         <object_component_ref idref="oc-192"/>
      </symbol>
      <symbol id="sm-846">
         <name>_IPD_HFI_enable</name>
         <value>0xa947</value>
         <object_component_ref idref="oc-192"/>
      </symbol>
      <symbol id="sm-847">
         <name>_IPD_HFI_setKspd_pu</name>
         <value>0xa68e</value>
         <object_component_ref idref="oc-192"/>
      </symbol>
      <symbol id="sm-848">
         <name>_IPD_HFI_getKspd_pu</name>
         <value>0xa7ce</value>
         <object_component_ref idref="oc-192"/>
      </symbol>
      <symbol id="sm-849">
         <name>_IPD_HFI_setWaitTimes</name>
         <value>0xa604</value>
         <object_component_ref idref="oc-192"/>
      </symbol>
      <symbol id="sm-84a">
         <name>_IPD_HFI_setParams</name>
         <value>0xa693</value>
         <object_component_ref idref="oc-192"/>
      </symbol>
      <symbol id="sm-84b">
         <name>_IPD_HFI_setTrajParams</name>
         <value>0xa619</value>
         <object_component_ref idref="oc-192"/>
      </symbol>
      <symbol id="sm-84c">
         <name>_IPD_HFI_setId_sum</name>
         <value>0xa57e</value>
         <object_component_ref idref="oc-192"/>
      </symbol>
      <symbol id="sm-84d">
         <name>_IPD_HFI_init_int</name>
         <value>0xa905</value>
         <object_component_ref idref="oc-192"/>
      </symbol>
      <symbol id="sm-84e">
         <name>_IPD_HFI_disable</name>
         <value>0xa691</value>
         <object_component_ref idref="oc-192"/>
      </symbol>
      <symbol id="sm-84f">
         <name>_IPD_HFI_setTrajPeriods</name>
         <value>0xa60b</value>
         <object_component_ref idref="oc-192"/>
      </symbol>
      <symbol id="sm-85a">
         <name>__IQ24cosPU</name>
         <value>0xc49a</value>
         <object_component_ref idref="oc-129"/>
      </symbol>
      <symbol id="sm-85e">
         <name>_IQ16mpyRndSatTable</name>
         <value>0x3fe6c0</value>
         <object_component_ref idref="oc-12a"/>
      </symbol>
      <symbol id="sm-85f">
         <name>_IQ24mpyRndSatTable</name>
         <value>0x3fe660</value>
         <object_component_ref idref="oc-12a"/>
      </symbol>
      <symbol id="sm-860">
         <name>_IQ13mpyRndSatTable</name>
         <value>0x3fe6e4</value>
         <object_component_ref idref="oc-12a"/>
      </symbol>
      <symbol id="sm-861">
         <name>_IQ21mpyRndSatTable</name>
         <value>0x3fe684</value>
         <object_component_ref idref="oc-12a"/>
      </symbol>
      <symbol id="sm-862">
         <name>_IQ10mpyRndSatTable</name>
         <value>0x3fe708</value>
         <object_component_ref idref="oc-12a"/>
      </symbol>
      <symbol id="sm-863">
         <name>_IQdivTable</name>
         <value>0x3fe140</value>
         <object_component_ref idref="oc-12a"/>
      </symbol>
      <symbol id="sm-864">
         <name>_IQ9mpyRndSatTable</name>
         <value>0x3fe714</value>
         <object_component_ref idref="oc-12a"/>
      </symbol>
      <symbol id="sm-865">
         <name>_IQ6mpyRndSatTable</name>
         <value>0x3fe738</value>
         <object_component_ref idref="oc-12a"/>
      </symbol>
      <symbol id="sm-866">
         <name>_IQatan2TableEnd</name>
         <value>0x3fe618</value>
         <object_component_ref idref="oc-12a"/>
      </symbol>
      <symbol id="sm-867">
         <name>_IQdivTableEnd</name>
         <value>0x3fe342</value>
         <object_component_ref idref="oc-12a"/>
      </symbol>
      <symbol id="sm-868">
         <name>_IQ29mpyRndSatTable</name>
         <value>0x3fe624</value>
         <object_component_ref idref="oc-12a"/>
      </symbol>
      <symbol id="sm-869">
         <name>_IQ3mpyRndSatTable</name>
         <value>0x3fe75c</value>
         <object_component_ref idref="oc-12a"/>
      </symbol>
      <symbol id="sm-86a">
         <name>_IQ18mpyRndSatTable</name>
         <value>0x3fe6a8</value>
         <object_component_ref idref="oc-12a"/>
      </symbol>
      <symbol id="sm-86b">
         <name>_IQ26mpyRndSatTable</name>
         <value>0x3fe648</value>
         <object_component_ref idref="oc-12a"/>
      </symbol>
      <symbol id="sm-86c">
         <name>_IQcosTableEnd</name>
         <value>0x3fe132</value>
         <object_component_ref idref="oc-12a"/>
      </symbol>
      <symbol id="sm-86d">
         <name>_IQsinTableEnd</name>
         <value>0x3fe030</value>
         <object_component_ref idref="oc-12a"/>
      </symbol>
      <symbol id="sm-86e">
         <name>_IQ15mpyRndSatTable</name>
         <value>0x3fe6cc</value>
         <object_component_ref idref="oc-12a"/>
      </symbol>
      <symbol id="sm-86f">
         <name>_IQ23mpyRndSatTable</name>
         <value>0x3fe66c</value>
         <object_component_ref idref="oc-12a"/>
      </symbol>
      <symbol id="sm-870">
         <name>_IQ12mpyRndSatTable</name>
         <value>0x3fe6f0</value>
         <object_component_ref idref="oc-12a"/>
      </symbol>
      <symbol id="sm-871">
         <name>_IQ20mpyRndSatTable</name>
         <value>0x3fe690</value>
         <object_component_ref idref="oc-12a"/>
      </symbol>
      <symbol id="sm-872">
         <name>_IQisqrtTableEnd</name>
         <value>0x3fe454</value>
         <object_component_ref idref="oc-12a"/>
      </symbol>
      <symbol id="sm-873">
         <name>_IQ8mpyRndSatTable</name>
         <value>0x3fe720</value>
         <object_component_ref idref="oc-12a"/>
      </symbol>
      <symbol id="sm-874">
         <name>_IQisqrtRoundSatTable</name>
         <value>0x3fe342</value>
         <object_component_ref idref="oc-12a"/>
      </symbol>
      <symbol id="sm-875">
         <name>_IQ5mpyRndSatTable</name>
         <value>0x3fe744</value>
         <object_component_ref idref="oc-12a"/>
      </symbol>
      <symbol id="sm-876">
         <name>_IQmpyRndSatTable</name>
         <value>0x3fe618</value>
         <object_component_ref idref="oc-12a"/>
      </symbol>
      <symbol id="sm-877">
         <name>_IQ28mpyRndSatTable</name>
         <value>0x3fe630</value>
         <object_component_ref idref="oc-12a"/>
      </symbol>
      <symbol id="sm-878">
         <name>_IQatan2Table</name>
         <value>0x3fe492</value>
         <object_component_ref idref="oc-12a"/>
      </symbol>
      <symbol id="sm-879">
         <name>_IQ2mpyRndSatTable</name>
         <value>0x3fe768</value>
         <object_component_ref idref="oc-12a"/>
      </symbol>
      <symbol id="sm-87a">
         <name>_IQatan2HalfPITable</name>
         <value>0x3fe454</value>
         <object_component_ref idref="oc-12a"/>
      </symbol>
      <symbol id="sm-87b">
         <name>_IQ17mpyRndSatTable</name>
         <value>0x3fe6b4</value>
         <object_component_ref idref="oc-12a"/>
      </symbol>
      <symbol id="sm-87c">
         <name>_IQ25mpyRndSatTable</name>
         <value>0x3fe654</value>
         <object_component_ref idref="oc-12a"/>
      </symbol>
      <symbol id="sm-87d">
         <name>_IQsqrtTable</name>
         <value>0x3fe352</value>
         <object_component_ref idref="oc-12a"/>
      </symbol>
      <symbol id="sm-87e">
         <name>_IQsqrtTableEnd</name>
         <value>0x3fe454</value>
         <object_component_ref idref="oc-12a"/>
      </symbol>
      <symbol id="sm-87f">
         <name>_IQ14mpyRndSatTable</name>
         <value>0x3fe6d8</value>
         <object_component_ref idref="oc-12a"/>
      </symbol>
      <symbol id="sm-880">
         <name>_IQ22mpyRndSatTable</name>
         <value>0x3fe678</value>
         <object_component_ref idref="oc-12a"/>
      </symbol>
      <symbol id="sm-881">
         <name>_IQ30mpyRndSatTable</name>
         <value>0x3fe618</value>
         <object_component_ref idref="oc-12a"/>
      </symbol>
      <symbol id="sm-882">
         <name>_IQsqrtRoundSatTable</name>
         <value>0x3fe342</value>
         <object_component_ref idref="oc-12a"/>
      </symbol>
      <symbol id="sm-883">
         <name>_IQ11mpyRndSatTable</name>
         <value>0x3fe6fc</value>
         <object_component_ref idref="oc-12a"/>
      </symbol>
      <symbol id="sm-884">
         <name>_IQdivRoundSatTable</name>
         <value>0x3fe132</value>
         <object_component_ref idref="oc-12a"/>
      </symbol>
      <symbol id="sm-885">
         <name>_IQ7mpyRndSatTable</name>
         <value>0x3fe72c</value>
         <object_component_ref idref="oc-12a"/>
      </symbol>
      <symbol id="sm-886">
         <name>_IQcosTable</name>
         <value>0x3fdd30</value>
         <object_component_ref idref="oc-12a"/>
      </symbol>
      <symbol id="sm-887">
         <name>_IQisqrtTable</name>
         <value>0x3fe352</value>
         <object_component_ref idref="oc-12a"/>
      </symbol>
      <symbol id="sm-888">
         <name>_IQ4mpyRndSatTable</name>
         <value>0x3fe750</value>
         <object_component_ref idref="oc-12a"/>
      </symbol>
      <symbol id="sm-889">
         <name>_IQ19mpyRndSatTable</name>
         <value>0x3fe69c</value>
         <object_component_ref idref="oc-12a"/>
      </symbol>
      <symbol id="sm-88a">
         <name>_IQ27mpyRndSatTable</name>
         <value>0x3fe63c</value>
         <object_component_ref idref="oc-12a"/>
      </symbol>
      <symbol id="sm-88b">
         <name>_IQmpyRndSatTableEnd</name>
         <value>0x3fe780</value>
         <object_component_ref idref="oc-12a"/>
      </symbol>
      <symbol id="sm-88c">
         <name>_IQ1mpyRndSatTable</name>
         <value>0x3fe774</value>
         <object_component_ref idref="oc-12a"/>
      </symbol>
      <symbol id="sm-88d">
         <name>_IQsinTable</name>
         <value>0x3fdc30</value>
         <object_component_ref idref="oc-12a"/>
      </symbol>
      <symbol id="sm-898">
         <name>__IQ24div</name>
         <value>0xc3e8</value>
         <object_component_ref idref="oc-12b"/>
      </symbol>
      <symbol id="sm-8a3">
         <name>__IQ24sinPU</name>
         <value>0xc471</value>
         <object_component_ref idref="oc-12c"/>
      </symbol>
      <symbol id="sm-8ad">
         <name>__IQ24sqrt</name>
         <value>0xc42f</value>
         <object_component_ref idref="oc-12d"/>
      </symbol>
      <symbol id="sm-8b7">
         <name>__IQ30toF</name>
         <value>0xc4c1</value>
         <object_component_ref idref="oc-12e"/>
      </symbol>
      <symbol id="sm-8d2">
         <name>_c_int00</name>
         <value>0xbc84</value>
         <object_component_ref idref="oc-14"/>
      </symbol>
      <symbol id="sm-8d3">
         <name>__stack</name>
         <value>0x400</value>
         <object_component_ref idref="oc-12f"/>
      </symbol>
      <symbol id="sm-8e2">
         <name>__args_main</name>
         <value>0xc011</value>
         <object_component_ref idref="oc-18f"/>
      </symbol>
      <symbol id="sm-8f0">
         <name>__system_post_cinit</name>
         <value>0xc078</value>
         <object_component_ref idref="oc-18e"/>
      </symbol>
      <symbol id="sm-8fd">
         <name>__system_pre_init</name>
         <value>0xc076</value>
         <object_component_ref idref="oc-18c"/>
      </symbol>
      <symbol id="sm-916">
         <name>_ceilf</name>
         <value>0xbb09</value>
         <object_component_ref idref="oc-1ab"/>
      </symbol>
      <symbol id="sm-918">
         <name>_ceil</name>
         <value>0xbb09</value>
         <object_component_ref idref="oc-1ab"/>
      </symbol>
      <symbol id="sm-927">
         <name>_copy_in</name>
         <value>0xbeb8</value>
         <object_component_ref idref="oc-18d"/>
      </symbol>
      <symbol id="sm-93c">
         <name>C$$EXIT</name>
         <value>0xbe45</value>
         <object_component_ref idref="oc-190"/>
      </symbol>
      <symbol id="sm-93d">
         <name>_exit</name>
         <value>0xbe47</value>
         <object_component_ref idref="oc-190"/>
      </symbol>
      <symbol id="sm-93f">
         <name>___TI_cleanup_ptr</name>
         <value>0xc07c</value>
         <object_component_ref idref="oc-151"/>
      </symbol>
      <symbol id="sm-940">
         <name>___TI_enable_exit_profile_output</name>
         <value>0xc07a</value>
         <object_component_ref idref="oc-151"/>
      </symbol>
      <symbol id="sm-941">
         <name>_abort</name>
         <value>0xbe45</value>
         <object_component_ref idref="oc-190"/>
      </symbol>
      <symbol id="sm-943">
         <name>___TI_dtors_ptr</name>
         <value>0xc07e</value>
         <object_component_ref idref="oc-151"/>
      </symbol>
      <symbol id="sm-957">
         <name>__unlock</name>
         <value>0xc26e</value>
         <object_component_ref idref="oc-1bd"/>
      </symbol>
      <symbol id="sm-958">
         <name>__lock</name>
         <value>0xc26c</value>
         <object_component_ref idref="oc-197"/>
      </symbol>
      <symbol id="sm-959">
         <name>__register_lock</name>
         <value>0xc040</value>
         <object_component_ref idref="oc-1a8"/>
      </symbol>
      <symbol id="sm-95b">
         <name>__nop</name>
         <value>0xc044</value>
         <object_component_ref idref="oc-1a8"/>
      </symbol>
      <symbol id="sm-95d">
         <name>__register_unlock</name>
         <value>0xc03c</value>
         <object_component_ref idref="oc-1a8"/>
      </symbol>
      <symbol id="sm-986">
         <name>_logf</name>
         <value>0xb289</value>
         <object_component_ref idref="oc-1aa"/>
      </symbol>
      <symbol id="sm-988">
         <name>_log</name>
         <value>0xb289</value>
         <object_component_ref idref="oc-1aa"/>
      </symbol>
      <symbol id="sm-997">
         <name>L$$TOFS</name>
         <value>0xbfcd</value>
         <object_component_ref idref="oc-161"/>
      </symbol>
      <symbol id="sm-9a1">
         <name>_errno</name>
         <value>0xc275</value>
         <object_component_ref idref="oc-168"/>
      </symbol>
      <symbol id="sm-9b2">
         <name>_memcpy</name>
         <value>0xbf7a</value>
         <object_component_ref idref="oc-195"/>
      </symbol>
      <symbol id="sm-9c8">
         <name>_modf</name>
         <value>0xbda8</value>
         <object_component_ref idref="oc-1bc"/>
      </symbol>
      <symbol id="sm-9c9">
         <name>_modff</name>
         <value>0xbda8</value>
         <object_component_ref idref="oc-1bc"/>
      </symbol>
      <symbol id="sm-a24">
         <name>_powf</name>
         <value>0xa156</value>
         <object_component_ref idref="oc-1ac"/>
      </symbol>
      <symbol id="sm-a26">
         <name>_pow</name>
         <value>0xa156</value>
         <object_component_ref idref="oc-1ac"/>
      </symbol>
      <symbol id="sm-a3f">
         <name>_scalbn</name>
         <value>0xbb72</value>
         <object_component_ref idref="oc-1c2"/>
      </symbol>
      <symbol id="sm-a40">
         <name>_ldexp</name>
         <value>0xbb72</value>
         <object_component_ref idref="oc-1c2"/>
      </symbol>
      <symbol id="sm-a41">
         <name>_scalbnf</name>
         <value>0xbb72</value>
         <object_component_ref idref="oc-1c2"/>
      </symbol>
      <symbol id="sm-a43">
         <name>_ldexpf</name>
         <value>0xbb72</value>
         <object_component_ref idref="oc-1c2"/>
      </symbol>
      <symbol id="sm-a4f">
         <name>_copysignf</name>
         <value>0xc032</value>
         <object_component_ref idref="oc-1c3"/>
      </symbol>
      <symbol id="sm-a51">
         <name>_copysign</name>
         <value>0xc032</value>
         <object_component_ref idref="oc-1c3"/>
      </symbol>
      <symbol id="sm-a6b">
         <name>_sqrtf</name>
         <value>0xba94</value>
         <object_component_ref idref="oc-1be"/>
      </symbol>
      <symbol id="sm-a6d">
         <name>_sqrt</name>
         <value>0xba94</value>
         <object_component_ref idref="oc-1be"/>
      </symbol>
   </symbol_table>
   <title>Link successful</title>
</link_info>
