******************************************************************************
             TMS320C2000 Linker Unix v22.6.0                   
******************************************************************************
>> Linked Fri Sep 22 19:46:17 2023

OUTPUT FILE NAME:   <proj_lab02d.out>
ENTRY POINT SYMBOL: "_c_int00"  address: 0000b4bc


MEMORY CONFIGURATION

         name            origin    length      used     unused   attr    fill
----------------------  --------  ---------  --------  --------  ----  --------
PAGE 0:
  BEGIN                 00000000   00000002  00000002  00000000  RWIX
  RAMM0                 00000050   000003b0  000000f5  000002bb  RWIX
  RAML0_L8              00008000   0000b800  00003b91  00007c6f  RWIX
  FPUTABLES             003fd590   000006a0  00000000  000006a0  RWIX
  IQTABLES              003fdc30   00000b50  00000b50  00000000  RWIX
  IQTABLES2             003fe780   0000008c  00000000  0000008c  RWIX
  IQTABLES3             003fe80c   000000aa  00000000  000000aa  RWIX
  BOOTROM               003ff3b0   00000c10  00000000  00000c10  RWIX
  RESET                 003fffc0   00000002  00000000  00000002  RWIX

PAGE 1:
  BOOT_RSVD             00000002   0000004e  00000000  0000004e  RWIX
  RAMM1                 00000400   00000400  000003b0  00000050  RWIX
  USB_RAM               00040000   00000800  00000000  00000800  RWIX


SECTION ALLOCATION MAP

 output                                  attributes/
section   page    origin      length       input sections
--------  ----  ----------  ----------   ----------------
codestart 
*          0    00000000    00000002     
                  00000000    00000002     CodeStartBranch.obj (codestart)

.cinit     0    00000050    000000bf     
                  00000050    0000009d     proj_lab02d.obj (.cinit)
                  000000ed    0000000e     rts2800_fpu32.lib : exit.c.obj (.cinit)
                  000000fb    00000005                       : _lock.c.obj (.cinit:__lock)
                  00000100    00000005                       : _lock.c.obj (.cinit:__unlock)
                  00000105    00000004     drv8305.obj (.cinit)
                  00000109    00000004     rts2800_fpu32.lib : errno.c.obj (.cinit)
                  0000010d    00000002     --HOLE-- [fill = 0]

ramfuncs   0    0000010f    00000036     
                  0000010f    00000032     flash.obj (ramfuncs)
                  00000141    00000004     usDelay.obj (ramfuncs)

.text      0    00008000    000037b7     
                  00008000    00000ac8     hal.obj (.text)
                  00008ac8    000009a0     ctrl.obj (.text)
                  00009468    00000780     drv8305.obj (.text)
                  00009be8    00000460     user.obj (.text)
                  0000a048    0000038c     rts2800_fpu32.lib : e_powf.c.obj (.text)
                  0000a3d4    00000330     proj_lab02d.obj (.text)
                  0000a704    00000303     pwm.obj (.text)
                  0000aa07    000001ed     adc.obj (.text)
                  0000abf4    0000018a     clk.obj (.text)
                  0000ad7e    0000017f     gpio.obj (.text)
                  0000aefd    0000012b     rts2800_fpu32.lib : e_logf.c.obj (.text)
                  0000b028    000000ff     pie.obj (.text)
                  0000b127    00000001     rts2800_fpu32.lib : startup.c.obj (.text)
                  0000b128    000000d5     proj_lab02d.obj (.text:retain)
                  0000b1fd    000000a9     spi.obj (.text)
                  0000b2a6    00000088     rts2800_fpu32.lib : fs_div28.asm.obj (.text)
                  0000b32e    00000083                       : fd_mpy28.asm.obj (.text)
                  0000b3b1    0000005b     pll.obj (.text)
                  0000b40c    00000058     rts2800_fpu32.lib : s_ceilf.c.obj (.text)
                  0000b464    00000058                       : s_scalbnf.c.obj (.text)
                  0000b4bc    00000056                       : boot28.asm.obj (.text)
                  0000b512    00000047     offset.obj (.text)
                  0000b559    00000046     wdog.obj (.text)
                  0000b59f    00000043     pwr.obj (.text)
                  0000b5e2    00000032     timer.obj (.text)
                  0000b614    0000002d     osc.obj (.text)
                  0000b641    00000029     rts2800_fpu32.lib : exit.c.obj (.text)
                  0000b66a    00000027                       : e_sqrtf.c.obj (.text)
                  0000b691    00000025     cpu.obj (.text)
                  0000b6b6    00000025     filter_fo.obj (.text)
                  0000b6db    00000024     rts2800_fpu32.lib : cpy_tbl.c.obj (.text)
                  0000b6ff    00000020     flash.obj (.text)
                  0000b71f    0000001f     rts2800_fpu32.lib : fd_tol28.asm.obj (.text)
                  0000b73e    0000001d                       : memcpy.c.obj (.text)
                  0000b75b    0000001c                       : fs_tofdfpu32.asm.obj (.text)
                  0000b777    00000012                       : args_main.c.obj (.text)
                  0000b789    00000011                       : s_copysignf.c.obj (.text)
                  0000b79a    0000000a     pie.obj (.text:retain)
                  0000b7a4    00000009     rts2800_fpu32.lib : _lock.c.obj (.text)
                  0000b7ad    00000008     CodeStartBranch.obj (.text)
                  0000b7b5    00000002     rts2800_fpu32.lib : pre_init.c.obj (.text)

.pinit     0    00000050    00000000     UNINITIALIZED

.reset     0    003fffc0    00000002     DSECT
                  003fffc0    00000002     rts2800_fpu32.lib : boot28.asm.obj (.reset)

.ebss      0    0000b7b8    000002b0     UNINITIALIZED
                  0000b7b8    00000006     rts2800_fpu32.lib : exit.c.obj (.ebss)
                  0000b7be    00000002                       : _lock.c.obj (.ebss:__lock)
                  0000b7c0    000001ec     proj_lab02d.obj (.ebss)
                  0000b9ac    00000002     rts2800_fpu32.lib : _lock.c.obj (.ebss:__unlock)
                  0000b9ae    00000002     drv8305.obj (.ebss)
                  0000b9b0    00000001     cpu.obj (.ebss)
                  0000b9b1    00000001     rts2800_fpu32.lib : errno.c.obj (.ebss)
                  0000b9b2    0000000e     --HOLE--
                  0000b9c0    000000a8     hal.obj (.ebss)

.econst    0    0000bb10    00000082     
                  0000bb10    00000032     rts2800_fpu32.lib : e_powf.c.obj (.econst)
                  0000bb42    00000010                       : e_logf.c.obj (.econst)
                  0000bb52    00000008     user.obj (.econst)
                  0000bb5a    00000006     rts2800_fpu32.lib : s_scalbnf.c.obj (.econst)
                  0000bb60    00000004     ctrl.obj (.econst:_$P$T0$1)
                  0000bb64    00000004     ctrl.obj (.econst:_$P$T1$2)
                  0000bb68    00000004     ctrl.obj (.econst:_$P$T2$3)
                  0000bb6c    00000004     ctrl.obj (.econst:_$P$T3$4)
                  0000bb70    00000004     ctrl.obj (.econst:_$P$T4$5)
                  0000bb74    00000004     ctrl.obj (.econst:_$P$T5$6)
                  0000bb78    00000004     rts2800_fpu32.lib : e_powf.c.obj (.econst:_bp)
                  0000bb7c    00000004                       : e_powf.c.obj (.econst:_dp_h)
                  0000bb80    00000004                       : e_powf.c.obj (.econst:_dp_l)
                  0000bb84    00000004     ctrl.obj (.econst)
                  0000bb88    00000004     hal.obj (.econst)
                  0000bb8c    00000004     proj_lab02d.obj (.econst)
                  0000bb90    00000002     rts2800_fpu32.lib : s_ceilf.c.obj (.econst)

.stack     1    00000400    000003b0     UNINITIALIZED
                  00000400    000003b0     --HOLE--

IQmath     0    0000ba68    000000a8     
                  0000ba68    00000042     IQmath_fpu32.lib : IQ24sqrt.obj (IQmath)
                  0000baaa    00000029                      : IQ24sinPU.obj (IQmath)
                  0000bad3    00000027                      : IQ24cosPU.obj (IQmath)
                  0000bafa    00000016                      : IQ30toF.obj (IQmath)

IQmathTables 
*          0    003fdc30    00000b50     NOLOAD SECTION
                  003fdc30    00000b50     IQmath_fpu32.lib : IQmathTables.obj (IQmathTables)

MODULE SUMMARY

       Module                 code    initialized data   uninitialized data
       ------                 ----    ----------------   ------------------
    ./
       hal.obj                2760    4                  168               
       ctrl.obj               2464    28                 0                 
       drv8305.obj            1920    4                  2                 
       proj_lab02d.obj        1029    161                492               
       user.obj               1120    8                  0                 
       pwm.obj                771     0                  0                 
       adc.obj                493     0                  0                 
       clk.obj                394     0                  0                 
       gpio.obj               383     0                  0                 
       pie.obj                265     0                  0                 
       spi.obj                169     0                  0                 
       pll.obj                91      0                  0                 
       flash.obj              82      0                  0                 
       offset.obj             71      0                  0                 
       wdog.obj               70      0                  0                 
       pwr.obj                67      0                  0                 
       timer.obj              50      0                  0                 
       osc.obj                45      0                  0                 
       cpu.obj                37      0                  1                 
       filter_fo.obj          37      0                  0                 
       CodeStartBranch.obj    10      0                  0                 
       usDelay.obj            4       0                  0                 
    +--+----------------------+-------+------------------+--------------------+
       Total:                 12332   205                663               
                                                                           
    /Applications/ti/ccs1240/ccs/tools/compiler/ti-cgt-c2000_22.6.0.LTS/lib/rts2800_fpu32.lib
       e_powf.c.obj           908     62                 0                 
       e_logf.c.obj           299     16                 0                 
       fs_div28.asm.obj       136     0                  0                 
       fd_mpy28.asm.obj       131     0                  0                 
       s_scalbnf.c.obj        88      6                  0                 
       s_ceilf.c.obj          88      2                  0                 
       boot28.asm.obj         86      0                  0                 
       exit.c.obj             41      14                 6                 
       e_sqrtf.c.obj          39      0                  0                 
       cpy_tbl.c.obj          36      0                  0                 
       fd_tol28.asm.obj       31      0                  0                 
       memcpy.c.obj           29      0                  0                 
       fs_tofdfpu32.asm.obj   28      0                  0                 
       _lock.c.obj            9       10                 4                 
       args_main.c.obj        18      0                  0                 
       s_copysignf.c.obj      17      0                  0                 
       errno.c.obj            0       4                  1                 
       pre_init.c.obj         2       0                  0                 
       startup.c.obj          1       0                  0                 
    +--+----------------------+-------+------------------+--------------------+
       Total:                 1987    114                11                
                                                                           
    /Users/paiva/Documents/ti/motorware_1_01_00_18/sw/modules/iqmath/lib/f28x/float/IQmath_fpu32.lib
       IQmathTables.obj       0       2896               0                 
       IQ24sqrt.obj           66      0                  0                 
       IQ24sinPU.obj          41      0                  0                 
       IQ24cosPU.obj          39      0                  0                 
       IQ30toF.obj            22      0                  0                 
    +--+----------------------+-------+------------------+--------------------+
       Total:                 168     2896               0                 
                                                                           
       Stack:                 0       0                  944               
    +--+----------------------+-------+------------------+--------------------+
       Grand Total:           14487   3215               1618              


GLOBAL DATA SYMBOLS: SORTED BY DATA PAGE

address     data page           name
--------    ----------------    ----
00000400      10 (00000400)     __stack

0000b7b8     2de (0000b780)     ___TI_enable_exit_profile_output
0000b7ba     2de (0000b780)     ___TI_cleanup_ptr
0000b7bc     2de (0000b780)     ___TI_dtors_ptr
0000b7be     2de (0000b780)     __lock

0000b7c0     2df (0000b7c0)     _gCounter_updateGlobals
0000b7c1     2df (0000b7c0)     _Flag_Latch_softwareUpdate
0000b7c2     2df (0000b7c0)     _gLEDcnt
0000b7c4     2df (0000b7c0)     _ctrlHandle
0000b7c6     2df (0000b7c0)     _halHandle
0000b7c8     2df (0000b7c0)     _gMaxCurrentSlope
0000b7ca     2df (0000b7c0)     _controller_obj
0000b7cc     2df (0000b7c0)     _gPwmData
0000b7d2     2df (0000b7c0)     _gAdcData

0000b800     2e0 (0000b800)     _gDrvSpi8305Vars

0000b880     2e2 (0000b880)     _gMotorVars

0000b900     2e4 (0000b900)     _gUserParams

0000b9ac     2e6 (0000b980)     __unlock
0000b9b0     2e6 (0000b980)     _cpu
0000b9b1     2e6 (0000b980)     _errno

0000b9c0     2e7 (0000b9c0)     _hal

003fdc30    ff70 (003fdc00)     _IQsinTable

003fdd30    ff74 (003fdd00)     _IQcosTable

003fe030    ff80 (003fe000)     _IQsinTableEnd

003fe132    ff84 (003fe100)     _IQcosTableEnd
003fe132    ff84 (003fe100)     _IQdivRoundSatTable

003fe140    ff85 (003fe140)     _IQdivTable

003fe342    ff8d (003fe340)     _IQdivTableEnd
003fe342    ff8d (003fe340)     _IQisqrtRoundSatTable
003fe342    ff8d (003fe340)     _IQsqrtRoundSatTable
003fe352    ff8d (003fe340)     _IQisqrtTable
003fe352    ff8d (003fe340)     _IQsqrtTable

003fe454    ff91 (003fe440)     _IQatan2HalfPITable
003fe454    ff91 (003fe440)     _IQisqrtTableEnd
003fe454    ff91 (003fe440)     _IQsqrtTableEnd

003fe492    ff92 (003fe480)     _IQatan2Table

003fe618    ff98 (003fe600)     _IQ30mpyRndSatTable
003fe618    ff98 (003fe600)     _IQatan2TableEnd
003fe618    ff98 (003fe600)     _IQmpyRndSatTable
003fe624    ff98 (003fe600)     _IQ29mpyRndSatTable
003fe630    ff98 (003fe600)     _IQ28mpyRndSatTable
003fe63c    ff98 (003fe600)     _IQ27mpyRndSatTable

003fe648    ff99 (003fe640)     _IQ26mpyRndSatTable
003fe654    ff99 (003fe640)     _IQ25mpyRndSatTable
003fe660    ff99 (003fe640)     _IQ24mpyRndSatTable
003fe66c    ff99 (003fe640)     _IQ23mpyRndSatTable
003fe678    ff99 (003fe640)     _IQ22mpyRndSatTable

003fe684    ff9a (003fe680)     _IQ21mpyRndSatTable
003fe690    ff9a (003fe680)     _IQ20mpyRndSatTable
003fe69c    ff9a (003fe680)     _IQ19mpyRndSatTable
003fe6a8    ff9a (003fe680)     _IQ18mpyRndSatTable
003fe6b4    ff9a (003fe680)     _IQ17mpyRndSatTable

003fe6c0    ff9b (003fe6c0)     _IQ16mpyRndSatTable
003fe6cc    ff9b (003fe6c0)     _IQ15mpyRndSatTable
003fe6d8    ff9b (003fe6c0)     _IQ14mpyRndSatTable
003fe6e4    ff9b (003fe6c0)     _IQ13mpyRndSatTable
003fe6f0    ff9b (003fe6c0)     _IQ12mpyRndSatTable
003fe6fc    ff9b (003fe6c0)     _IQ11mpyRndSatTable

003fe708    ff9c (003fe700)     _IQ10mpyRndSatTable
003fe714    ff9c (003fe700)     _IQ9mpyRndSatTable
003fe720    ff9c (003fe700)     _IQ8mpyRndSatTable
003fe72c    ff9c (003fe700)     _IQ7mpyRndSatTable
003fe738    ff9c (003fe700)     _IQ6mpyRndSatTable

003fe744    ff9d (003fe740)     _IQ5mpyRndSatTable
003fe750    ff9d (003fe740)     _IQ4mpyRndSatTable
003fe75c    ff9d (003fe740)     _IQ3mpyRndSatTable
003fe768    ff9d (003fe740)     _IQ2mpyRndSatTable
003fe774    ff9d (003fe740)     _IQ1mpyRndSatTable

003fe780    ff9e (003fe780)     _IQmpyRndSatTableEnd


GLOBAL SYMBOLS: SORTED ALPHABETICALLY BY Name 

page  address   name                                             
----  -------   ----                                             
0     00008000  .text                                            
0     0000b641  C$$EXIT                                          
0     0000b32e  FD$$MPY                                          
0     0000b71f  FD$$TOL                                          
0     0000b2a6  FS$$DIV                                          
0     0000b75b  FS$$TOFD                                         
0     0000abea  _ADC_disable                                     
0     0000abe0  _ADC_disableBandGap                              
0     0000abc9  _ADC_disableInt                                  
0     0000abbf  _ADC_disableNoOverlapMode                        
0     0000abb5  _ADC_disableRefBuffers                           
0     0000abab  _ADC_disableVoltRefLoConv                        
0     0000aba1  _ADC_enable                                      
0     0000ab97  _ADC_enableBandGap                               
0     0000ab81  _ADC_enableInt                                   
0     0000ab77  _ADC_enableNoOverlapMode                         
0     0000ab6d  _ADC_enableRefBuffers                            
0     0000ab63  _ADC_enableVoltRefLoConv                         
0     0000ab5b  _ADC_getDivideSelect                             
0     0000ab54  _ADC_init                                        
0     0000ab4a  _ADC_powerDown                                   
0     0000ab40  _ADC_powerUp                                     
0     0000ab36  _ADC_reset                                       
0     0000ab25  _ADC_setDivideSelect                             
0     0000ab04  _ADC_setIntMode                                  
0     0000aaf3  _ADC_setIntPulseGenMode                          
0     0000aad2  _ADC_setIntSrc                                   
0     0000aacb  _ADC_setOffTrim                                  
0     0000aab4  _ADC_setSampleMode                               
0     0000aaa1  _ADC_setSampleOverlapMode                        
0     0000aa8d  _ADC_setSocChanNumber                            
0     0000aa83  _ADC_setSocFrc                                   
0     0000aa7c  _ADC_setSocFrcWord                               
0     0000aa68  _ADC_setSocSampleDelay                           
0     0000aa54  _ADC_setSocTrigSrc                               
0     0000aa43  _ADC_setTempSensorSrc                            
0     0000aa32  _ADC_setVoltRefSrc                               
0     0000aa07  _ADC_setupSocTrigSrc                             
0     0000ad77  _CLK_disableAdcClock                             
0     0000ad70  _CLK_disableClaClock                             
0     0000ad6a  _CLK_disableClkIn                                
0     0000ad66  _CLK_disableCompClock                            
0     0000ad5f  _CLK_disableCpuTimerClock                        
0     0000ad59  _CLK_disableCrystalOsc                           
0     0000ad52  _CLK_disableEcanaClock                           
0     0000ad4b  _CLK_disableEcap1Clock                           
0     0000ad44  _CLK_disableEqep1Clock                           
0     0000ad3d  _CLK_disableEqep2Clock                           
0     0000ad36  _CLK_disableGpioInputClock                       
0     0000ad2f  _CLK_disableHrPwmClock                           
0     0000ad28  _CLK_disableI2cClock                             
0     0000ad21  _CLK_disableLinAClock                            
0     0000ad1b  _CLK_disableOsc1                                 
0     0000ad15  _CLK_disableOsc1HaltMode                         
0     0000ad0f  _CLK_disableOsc2                                 
0     0000ad09  _CLK_disableOsc2HaltMode                         
0     0000acff  _CLK_disablePwmClock                             
0     0000acf8  _CLK_disableSciaClock                            
0     0000acf1  _CLK_disableScibClock                            
0     0000acea  _CLK_disableSpiaClock                            
0     0000ace6  _CLK_disableSpibClock                            
0     0000acdf  _CLK_disableTbClockSync                          
0     0000acd9  _CLK_disableWatchDogHaltMode                     
0     0000acd2  _CLK_enableAdcClock                              
0     0000accb  _CLK_enableClaClock                              
0     0000acc5  _CLK_enableClkIn                                 
0     0000acbf  _CLK_enableCompClock                             
0     0000acb9  _CLK_enableCpuTimerClock                         
0     0000acb3  _CLK_enableCrystalOsc                            
0     0000acac  _CLK_enableEcanaClock                            
0     0000aca5  _CLK_enableEcap1Clock                            
0     0000ac9e  _CLK_enableEqep1Clock                            
0     0000ac97  _CLK_enableEqep2Clock                            
0     0000ac90  _CLK_enableGpioInputClock                        
0     0000ac89  _CLK_enableHrPwmClock                            
0     0000ac82  _CLK_enableI2cClock                              
0     0000ac7b  _CLK_enableLinAClock                             
0     0000ac75  _CLK_enableOsc1                                  
0     0000ac6f  _CLK_enableOsc1HaltMode                          
0     0000ac69  _CLK_enableOsc2                                  
0     0000ac63  _CLK_enableOsc2HaltMode                          
0     0000ac5a  _CLK_enablePwmClock                              
0     0000ac53  _CLK_enableSciaClock                             
0     0000ac4c  _CLK_enableScibClock                             
0     0000ac45  _CLK_enableSpiaClock                             
0     0000ac3e  _CLK_enableSpibClock                             
0     0000ac37  _CLK_enableTbClockSync                           
0     0000ac31  _CLK_enableWatchDogHaltMode                      
0     0000ac2b  _CLK_init                                        
0     0000ac24  _CLK_setClkOutPreScaler                          
0     0000ac1e  _CLK_setLowSpdPreScaler                          
0     0000ac17  _CLK_setOsc2Src                                  
0     0000ac10  _CLK_setOscSrc                                   
0     0000ac09  _CLK_setTimer2PreScale                           
0     0000ac02  _CLK_setTimer2Src                                
0     0000abfb  _CLK_setWatchDogSrc                              
0     0000abf4  _CLK_setXClkInSrc                                
0     0000b6b3  _CPU_clearIntFlags                               
0     0000b6b0  _CPU_disableDebugInt                             
0     0000b6ad  _CPU_disableGlobalInts                           
0     0000b6a8  _CPU_disableInt                                  
0     0000b6a5  _CPU_disableInts                                 
0     0000b6a2  _CPU_disableProtectedRegisterWrite               
0     0000b69f  _CPU_enableDebugInt                              
0     0000b69c  _CPU_enableGlobalInts                            
0     0000b698  _CPU_enableInt                                   
0     0000b695  _CPU_enableProtectedRegisterWrite                
0     0000b691  _CPU_init                                        
0     0000942a  _CTRL_getGains                                   
0     00009423  _CTRL_getIab_filt_pu                             
0     0000941c  _CTRL_getIab_in_pu                               
0     00009415  _CTRL_getIdq_in_pu                               
0     0000940e  _CTRL_getIdq_ref_pu                              
0     00009465  _CTRL_getMagCurrent_pu                           
0     00009462  _CTRL_getMaximumSpeed_pu                         
0     00009407  _CTRL_getVab_in_pu                               
0     00009400  _CTRL_getVab_out_pu                              
0     000093f9  _CTRL_getVdq_out_pu                              
abs   003fa721  _CTRL_getVersion                                 
0     000093f0  _CTRL_getWaitTimes                               
abs   003fa6fb  _CTRL_initCtrl                                   
0     00008ec5  _CTRL_run                                        
abs   003fa5d1  _CTRL_runTraj                                    
abs   003f9e64  _CTRL_setEstParams                               
0     00008c32  _CTRL_setGains                                   
0     0000945f  _CTRL_setMagCurrent_pu                           
0     0000945c  _CTRL_setMaximumSpeed_pu                         
0     00008c5c  _CTRL_setParams                                  
0     00008c1f  _CTRL_setSpd_ref_krpm                            
0     00008c1c  _CTRL_setSpd_ref_pu                              
abs   003f9d31  _CTRL_setUserMotorParams                         
0     00008c13  _CTRL_setWaitTimes                               
0     00008c07  _CTRL_setup                                      
0     00008beb  _CTRL_setupClarke_I                              
0     00008bd5  _CTRL_setupClarke_V                              
abs   003f9b43  _CTRL_setupCtrl                                  
abs   003f99a5  _CTRL_setupEstIdleState                          
abs   003f996a  _CTRL_setupEstOnLineState                        
abs   003f9806  _CTRL_setupTraj                                  
0     00008b7a  _CTRL_setup_user                                 
0     00008ac8  _CTRL_updateState                                
0     00009bc5  _DRV8305_enable                                  
0     00009bbf  _DRV8305_getCSBlank                              
0     00009bb9  _DRV8305_getCSGain1                              
0     00009bb3  _DRV8305_getCSGain2                              
0     00009bad  _DRV8305_getCSGain3                              
0     00009ba6  _DRV8305_getCommOption                           
0     00009b8f  _DRV8305_getDcCalMode                            
0     00009b89  _DRV8305_getDeadTime                             
0     00009b83  _DRV8305_getPeakSinkCurHS                        
0     00009b7d  _DRV8305_getPeakSinkCurLS                        
0     00009b76  _DRV8305_getPeakSinkTime                         
0     00009b70  _DRV8305_getPeakSourCurHS                        
0     00009b6a  _DRV8305_getPeakSourCurLS                        
0     00009b63  _DRV8305_getPeakSourTime                         
0     00009b5c  _DRV8305_getPwmMode                              
0     00009b56  _DRV8305_getSleepDelay                           
0     00009b50  _DRV8305_getVDSBlanking                          
0     00009b4a  _DRV8305_getVDSDeglitch                          
0     00009b44  _DRV8305_getVDSLevel                             
0     00009b3e  _DRV8305_getVDSMode                              
0     00009b37  _DRV8305_getVrefScaling                          
0     00009b31  _DRV8305_getVregUvLevel                          
0     00009b2b  _DRV8305_getWatchDelay                           
0     00009b22  _DRV8305_init                                    
0     00009b1b  _DRV8305_isFault                                 
0     0000993e  _DRV8305_readData                                
0     00009569  _DRV8305_readSpi                                 
0     0000992f  _DRV8305_reset                                   
0     0000991b  _DRV8305_setCSBlank                              
0     00009907  _DRV8305_setCSGain1                              
0     000098f3  _DRV8305_setCSGain2                              
0     000098df  _DRV8305_setCSGain3                              
0     000098cb  _DRV8305_setCommOption                           
0     000098a7  _DRV8305_setDcCalMode                            
0     00009893  _DRV8305_setDeadTime                             
0     00009891  _DRV8305_setGpioHandle                           
0     0000988f  _DRV8305_setGpioNumber                           
0     0000987b  _DRV8305_setPeakSinkCurHS                        
0     00009867  _DRV8305_setPeakSinkCurLS                        
0     00009853  _DRV8305_setPeakSinkTime                         
0     0000983f  _DRV8305_setPeakSourCurHS                        
0     0000982b  _DRV8305_setPeakSourTime                         
0     00009817  _DRV8305_setPwmMode                              
0     00009803  _DRV8305_setSleepDelay                           
0     00009801  _DRV8305_setSpiHandle                            
0     000097ed  _DRV8305_setVDSBlanking                          
0     000097d9  _DRV8305_setVDSDeglitch                          
0     000097c5  _DRV8305_setVDSLevel                             
0     000097b1  _DRV8305_setVDSMode                              
0     0000979d  _DRV8305_setVrefScaling                          
0     00009789  _DRV8305_setVregUvLevel                          
0     00009775  _DRV8305_setWatchDelay                           
0     0000959b  _DRV8305_setupSpi                                
0     00009485  _DRV8305_writeData                               
0     00009468  _DRV8305_writeSpi                                
abs   003f86ad  _EST_computeDirection_qFmt                       
abs   003f9760  _EST_doCurrentCtrl                               
abs   003f9758  _EST_doSpeedCtrl                                 
abs   003f8c0d  _EST_getAngle_pu                                 
abs   003f96be  _EST_getFlux_VpHz                                
abs   003f96ab  _EST_getFlux_pu                                  
abs   003f968e  _EST_getFm_pu                                    
abs   003f9632  _EST_getIdRated                                  
abs   003f95ff  _EST_getLs_coarse_max_pu                         
abs   003f95f5  _EST_getLs_d_H                                   
abs   003f95f0  _EST_getLs_d_pu                                  
abs   003f95ce  _EST_getLs_q_H                                   
abs   003f95c9  _EST_getLs_q_pu                                  
abs   003f95bd  _EST_getMaxCurrentSlope_pu                       
abs   003f95b3  _EST_getOneOverDcBus_pu                          
abs   003f95ad  _EST_getRr_Ohm                                   
abs   003f9513  _EST_getRs_Ohm                                   
abs   003f94c6  _EST_getSpeed_krpm                               
abs   003f861b  _EST_getState                                    
abs   003f9458  _EST_get_krpm_to_pu_sf                           
abs   003f9453  _EST_get_pu_to_krpm_sf                           
abs   003f938d  _EST_isError                                     
abs   003f9386  _EST_isIdle                                      
abs   003f937f  _EST_isLockRotor                                 
abs   003f8679  _EST_isMotorIdentified                           
abs   003f9378  _EST_isOnLine                                    
abs   003f927b  _EST_run                                         
abs   003f8bf5  _EST_setDir_qFmt                                 
abs   003f8be8  _EST_setFe_neg_max_pu                            
abs   003f8be4  _EST_setFe_pos_min_pu                            
abs   003f8bdb  _EST_setFlag_enableForceAngle                    
abs   003f8b80  _EST_setId_ref_pu                                
abs   003f8b7a  _EST_setIdle                                     
abs   003f8b67  _EST_setIdle_all                                 
abs   003f8b63  _EST_setIq_ref_pu                                
abs   003f8b45  _EST_setLs_d_pu                                  
abs   003f8af1  _EST_setLs_qFmt                                  
abs   003f8ae7  _EST_setLs_q_pu                                  
abs   003f8adb  _EST_setMaxCurrentSlope_pu                       
abs   003f8a18  _EST_setRs_pu                                    
abs   003f89f5  _EST_updateId_ref_pu                             
abs   003f8713  _EST_updateState                                 
abs   003f861d  _EST_useZeroIq_ref                               
0     0000b6d8  _FILTER_FO_getDenCoeffs                          
0     0000b6cf  _FILTER_FO_getInitialConditions                  
0     0000b6c9  _FILTER_FO_getNumCoeffs                          
0     0000b6c3  _FILTER_FO_init                                  
0     0000b6c1  _FILTER_FO_setDenCoeffs                          
0     0000b6ba  _FILTER_FO_setInitialConditions                  
0     0000b6b6  _FILTER_FO_setNumCoeffs                          
0     0000b719  _FLASH_clear3VStatus                             
0     0000013b  _FLASH_disablePipelineMode                       
0     00000135  _FLASH_enablePipelineMode                        
0     0000b716  _FLASH_get3VStatus                               
0     0000b713  _FLASH_getActiveWaitCount                        
0     0000b70f  _FLASH_getActiveWaitStatus                       
0     0000b70c  _FLASH_getPowerMode                              
0     0000b709  _FLASH_getStandbyWaitCount                       
0     0000b705  _FLASH_getStandbyWaitStatus                      
0     0000b6ff  _FLASH_init                                      
0     00000130  _FLASH_setActiveWaitCount                        
0     00000129  _FLASH_setNumPagedReadWaitStates                 
0     00000122  _FLASH_setNumRandomReadWaitStates                
0     0000011b  _FLASH_setOtpWaitStates                          
0     00000114  _FLASH_setPowerMode                              
0     0000010f  _FLASH_setStandbyWaitCount                       
0     0000b7c1  _Flag_Latch_softwareUpdate                       
0     0000aeef  _GPIO_getData                                    
0     0000aee4  _GPIO_getPortData                                
0     0000aede  _GPIO_init                                       
0     0000aed4  _GPIO_lpmSelect                                  
0     0000aec1  _GPIO_read                                       
0     0000aea7  _GPIO_setDirection                               
0     0000ae9c  _GPIO_setExtInt                                  
0     0000ae8c  _GPIO_setHigh                                    
0     0000ae7c  _GPIO_setLow                                     
0     0000ae48  _GPIO_setMode                                    
0     0000ae3a  _GPIO_setPortData                                
0     0000ae20  _GPIO_setPullup                                  
0     0000ade3  _GPIO_setQualification                           
0     0000ad8e  _GPIO_setQualificationPeriod                     
0     0000ad7e  _GPIO_toggle                                     
0     0000859b  _HAL_AdcCalChanSelect                            
0     000085f2  _HAL_AdcCalConversion                            
0     0000874c  _HAL_AdcOffsetSelfCal                            
0     00008812  _HAL_OscTempComp                                 
0     00008866  _HAL_cal                                         
0     00008ac4  _HAL_disableGlobalInts                           
0     000089ba  _HAL_disableWdog                                 
0     00008ab2  _HAL_enableAdcInts                               
0     00008aae  _HAL_enableDebugInt                              
0     00008aa9  _HAL_enableDrv                                   
0     00008aa5  _HAL_enableGlobalInts                            
0     00008a94  _HAL_enablePwmInt                                
0     00008a84  _HAL_enableTimer0Int                             
0     0000877f  _HAL_getOscTrimValue                             
0     000089bf  _HAL_init                                        
0     00008792  _HAL_osc1Comp                                    
0     000087d2  _HAL_osc2Comp                                    
0     000089b5  _HAL_readDrvData                                 
0     0000899a  _HAL_setDacParameters                            
0     0000887d  _HAL_setParams                                   
0     000084e6  _HAL_setupAdcs                                   
0     000084ca  _HAL_setupClks                                   
0     000084c5  _HAL_setupDrvSpi                                 
0     000084a7  _HAL_setupFaults                                 
0     00008489  _HAL_setupFlash                                  
0     00008472  _HAL_setupGate                                   
0     000082d6  _HAL_setupGpios                                  
0     00008282  _HAL_setupPeripheralClks                         
0     00008266  _HAL_setupPie                                    
0     00008227  _HAL_setupPll                                    
0     000081a4  _HAL_setupPwmDacs                                
0     000080c8  _HAL_setupPwms                                   
0     00008092  _HAL_setupSpiA                                   
0     0000805c  _HAL_setupSpiB                                   
0     00008005  _HAL_setupTimers                                 
0     00008000  _HAL_writeDrvData                                
0     003fe708  _IQ10mpyRndSatTable                              
0     003fe6fc  _IQ11mpyRndSatTable                              
0     003fe6f0  _IQ12mpyRndSatTable                              
0     003fe6e4  _IQ13mpyRndSatTable                              
0     003fe6d8  _IQ14mpyRndSatTable                              
0     003fe6cc  _IQ15mpyRndSatTable                              
0     003fe6c0  _IQ16mpyRndSatTable                              
0     003fe6b4  _IQ17mpyRndSatTable                              
0     003fe6a8  _IQ18mpyRndSatTable                              
0     003fe69c  _IQ19mpyRndSatTable                              
0     003fe774  _IQ1mpyRndSatTable                               
0     003fe690  _IQ20mpyRndSatTable                              
0     003fe684  _IQ21mpyRndSatTable                              
0     003fe678  _IQ22mpyRndSatTable                              
0     003fe66c  _IQ23mpyRndSatTable                              
0     003fe660  _IQ24mpyRndSatTable                              
0     003fe654  _IQ25mpyRndSatTable                              
0     003fe648  _IQ26mpyRndSatTable                              
0     003fe63c  _IQ27mpyRndSatTable                              
0     003fe630  _IQ28mpyRndSatTable                              
0     003fe624  _IQ29mpyRndSatTable                              
0     003fe768  _IQ2mpyRndSatTable                               
0     003fe618  _IQ30mpyRndSatTable                              
0     003fe75c  _IQ3mpyRndSatTable                               
0     003fe750  _IQ4mpyRndSatTable                               
0     003fe744  _IQ5mpyRndSatTable                               
0     003fe738  _IQ6mpyRndSatTable                               
0     003fe72c  _IQ7mpyRndSatTable                               
0     003fe720  _IQ8mpyRndSatTable                               
0     003fe714  _IQ9mpyRndSatTable                               
0     003fe454  _IQatan2HalfPITable                              
0     003fe492  _IQatan2Table                                    
0     003fe618  _IQatan2TableEnd                                 
0     003fdd30  _IQcosTable                                      
0     003fe132  _IQcosTableEnd                                   
0     003fe132  _IQdivRoundSatTable                              
0     003fe140  _IQdivTable                                      
0     003fe342  _IQdivTableEnd                                   
0     003fe342  _IQisqrtRoundSatTable                            
0     003fe352  _IQisqrtTable                                    
0     003fe454  _IQisqrtTableEnd                                 
0     003fe618  _IQmpyRndSatTable                                
0     003fe780  _IQmpyRndSatTableEnd                             
0     003fdc30  _IQsinTable                                      
0     003fe030  _IQsinTableEnd                                   
0     003fe342  _IQsqrtRoundSatTable                             
0     003fe352  _IQsqrtTable                                     
0     003fe454  _IQsqrtTableEnd                                  
0     0000b54a  _OFFSET_getBeta                                  
0     0000b539  _OFFSET_init                                     
0     0000b523  _OFFSET_setBeta                                  
0     0000b514  _OFFSET_setInitCond                              
0     0000b512  _OFFSET_setOffset                                
0     0000b63b  _OSC_init                                        
0     0000b62e  _OSC_setCoarseTrim                               
0     0000b61d  _OSC_setFineTrim                                 
0     0000b614  _OSC_setTrim                                     
0     0000b120  _PIE_clearAllFlags                               
0     0000b11d  _PIE_clearAllInts                                
0     0000b11a  _PIE_disable                                     
0     0000b113  _PIE_disableAllInts                              
0     0000b10f  _PIE_disableCaptureInt                           
0     0000b106  _PIE_disableExtInt                               
0     0000b0fc  _PIE_disableInt                                  
0     0000b0f9  _PIE_enable                                      
0     0000b0df  _PIE_enableAdcInt                                
0     0000b0db  _PIE_enableCaptureInt                            
0     0000b0be  _PIE_enableExtInt                                
0     0000b0b5  _PIE_enableInt                                   
0     0000b0b0  _PIE_enablePwmInt                                
0     0000b0ab  _PIE_enablePwmTzInt                              
0     0000b0a8  _PIE_enableTimer0Int                             
0     0000b09f  _PIE_forceInt                                    
0     0000b097  _PIE_getExtIntCount                              
0     0000b090  _PIE_getIntEnables                               
0     0000b089  _PIE_getIntFlags                                 
0     0000b79a  _PIE_illegalIsr                                  
0     0000b082  _PIE_init                                        
0     0000b070  _PIE_registerPieIntHandler                       
0     0000b065  _PIE_registerSystemIntHandler                    
0     0000b05a  _PIE_setDefaultIntVectorTable                    
0     0000b049  _PIE_setExtIntPolarity                           
0     0000b035  _PIE_unregisterPieIntHandler                     
0     0000b028  _PIE_unregisterSystemIntHandler                  
0     0000b406  _PLL_disable                                     
0     0000b400  _PLL_disableClkDetect                            
0     0000b3fa  _PLL_disableNormRdy                              
0     0000b3f4  _PLL_disableOsc                                  
0     0000b3ee  _PLL_enable                                      
0     0000b3e8  _PLL_enableClkDetect                             
0     0000b3e2  _PLL_enableNormRdy                               
0     0000b3dc  _PLL_enableOsc                                   
0     0000b3d8  _PLL_getClkFreq                                  
0     0000b3d5  _PLL_getClkStatus                                
0     0000b3d2  _PLL_getDivideSelect                             
0     0000b3cf  _PLL_getLockStatus                               
0     0000b3c9  _PLL_init                                        
0     0000b3c3  _PLL_resetClkDetect                              
0     0000b3bd  _PLL_setClkFreq                                  
0     0000b3b6  _PLL_setDivideSelect                             
0     0000b3b1  _PLL_setLockPeriod                               
0     0000aa01  _PWM_clearTripZone                               
0     0000a9fe  _PWM_decrementDeadBandFallingEdgeDelay           
0     0000a9fb  _PWM_decrementDeadBandRisingEdgeDelay            
0     0000a9f4  _PWM_disableAutoConvert                          
0     0000a9f0  _PWM_disableChopping                             
0     0000a9ed  _PWM_disableCounterLoad                          
0     0000a9ea  _PWM_disableDeadBand                             
0     0000a9e6  _PWM_disableDeadBandHalfCycle                    
0     0000a9df  _PWM_disableDigitalCompareBlankingWindow         
0     0000a9d8  _PWM_disableDigitalCompareBlankingWindowInversion
0     0000a9d1  _PWM_disableHrPeriod                             
0     0000a9ca  _PWM_disableHrPhaseSync                          
0     0000a9c6  _PWM_disableInt                                  
0     0000a9c2  _PWM_disableSocAPulse                            
0     0000a9be  _PWM_disableSocBPulse                            
0     0000a9b7  _PWM_disableTripZoneInt                          
0     0000a9b0  _PWM_disableTripZoneSrc                          
0     0000a9aa  _PWM_disableTripZones                            
0     0000a9a3  _PWM_enableAutoConvert                           
0     0000a99f  _PWM_enableChopping                              
0     0000a99c  _PWM_enableCounterLoad                           
0     0000a998  _PWM_enableDeadBandHalfCycle                     
0     0000a991  _PWM_enableDigitalCompareBlankingWindow          
0     0000a98a  _PWM_enableDigitalCompareBlankingWindowInversion 
0     0000a983  _PWM_enableHrPeriod                              
0     0000a97c  _PWM_enableHrPhaseSync                           
0     0000a978  _PWM_enableInt                                   
0     0000a974  _PWM_enableSocAPulse                             
0     0000a970  _PWM_enableSocBPulse                             
0     0000a96a  _PWM_enableTripZoneInt                           
0     0000a964  _PWM_enableTripZoneSrc                           
0     0000a961  _PWM_getDeadBandFallingEdgeDelay                 
0     0000a95e  _PWM_getDeadBandRisingEdgeDelay                  
0     0000a95a  _PWM_getIntCount                                 
0     0000a956  _PWM_getShadowStatus_CmpA                        
0     0000a952  _PWM_getShadowStatus_CmpB                        
0     0000a94d  _PWM_getSocACount                                
0     0000a948  _PWM_getSocBCount                                
0     0000a945  _PWM_incrementDeadBandFallingEdgeDelay           
0     0000a942  _PWM_incrementDeadBandRisingEdgeDelay            
0     0000a93c  _PWM_init                                        
0     0000a935  _PWM_setActionQualContSWForce_PwmA               
0     0000a92c  _PWM_setActionQualContSWForce_PwmB               
0     0000a923  _PWM_setActionQual_CntDown_CmpA_PwmA             
0     0000a91a  _PWM_setActionQual_CntDown_CmpA_PwmB             
0     0000a911  _PWM_setActionQual_CntDown_CmpB_PwmA             
0     0000a908  _PWM_setActionQual_CntDown_CmpB_PwmB             
0     0000a8ff  _PWM_setActionQual_CntUp_CmpA_PwmA               
0     0000a8f6  _PWM_setActionQual_CntUp_CmpA_PwmB               
0     0000a8ed  _PWM_setActionQual_CntUp_CmpB_PwmA               
0     0000a8e4  _PWM_setActionQual_CntUp_CmpB_PwmB               
0     0000a8db  _PWM_setActionQual_Period_PwmA                   
0     0000a8d2  _PWM_setActionQual_Period_PwmB                   
0     0000a8cb  _PWM_setActionQual_Zero_PwmA                     
0     0000a8c4  _PWM_setActionQual_Zero_PwmB                     
0     0000a8bd  _PWM_setChoppingClkFreq                          
0     0000a8b6  _PWM_setChoppingDutyCycle                        
0     0000a8af  _PWM_setChoppingPulseWidth                       
0     0000a8ab  _PWM_setClkDiv                                   
0     0000a8a9  _PWM_setCount                                    
0     0000a8a5  _PWM_setCounterMode                              
0     0000a8a2  _PWM_setDeadBandFallingEdgeDelay                 
0     0000a89b  _PWM_setDeadBandInputMode                        
0     0000a894  _PWM_setDeadBandOutputMode                       
0     0000a88d  _PWM_setDeadBandPolarity                         
0     0000a88a  _PWM_setDeadBandRisingEdgeDelay                  
0     0000a870  _PWM_setDigitalCompareAEvent1                    
0     0000a860  _PWM_setDigitalCompareAEvent2                    
0     0000a846  _PWM_setDigitalCompareBEvent1                    
0     0000a836  _PWM_setDigitalCompareBEvent2                    
0     0000a82a  _PWM_setDigitalCompareBlankingPulse              
0     0000a827  _PWM_setDigitalCompareFilterOffset               
0     0000a81b  _PWM_setDigitalCompareFilterSource               
0     0000a818  _PWM_setDigitalCompareFilterWindow               
0     0000a809  _PWM_setDigitalCompareInput                      
0     0000a805  _PWM_setHighSpeedClkDiv                          
0     0000a7f9  _PWM_setHrControlMode                            
0     0000a7ed  _PWM_setHrEdgeMode                               
0     0000a7e1  _PWM_setHrShadowMode                             
0     0000a7da  _PWM_setIntMode                                  
0     0000a7d3  _PWM_setIntPeriod                                
0     0000a7cf  _PWM_setLoadMode_CmpA                            
0     0000a7c9  _PWM_setLoadMode_CmpB                            
0     0000a7c7  _PWM_setPeriod                                   
0     0000a7c2  _PWM_setPeriodHr                                 
0     0000a7be  _PWM_setPeriodLoad                               
0     0000a7bc  _PWM_setPhase                                    
0     0000a7b8  _PWM_setPhaseDir                                 
0     0000a7b4  _PWM_setRunMode                                  
0     0000a7ae  _PWM_setShadowMode_CmpA                          
0     0000a7a8  _PWM_setShadowMode_CmpB                          
0     0000a79f  _PWM_setSocAPeriod                               
0     0000a795  _PWM_setSocAPulseSrc                             
0     0000a78c  _PWM_setSocBPeriod                               
0     0000a783  _PWM_setSocBPulseSrc                             
0     0000a780  _PWM_setSwSync                                   
0     0000a77c  _PWM_setSyncMode                                 
0     0000a770  _PWM_setTripZoneDCEventSelect_DCAEVT1            
0     0000a764  _PWM_setTripZoneDCEventSelect_DCAEVT2            
0     0000a758  _PWM_setTripZoneDCEventSelect_DCBEVT1            
0     0000a74c  _PWM_setTripZoneDCEventSelect_DCBEVT2            
0     0000a740  _PWM_setTripZoneState_DCAEVT1                    
0     0000a734  _PWM_setTripZoneState_DCAEVT2                    
0     0000a728  _PWM_setTripZoneState_DCBEVT1                    
0     0000a71c  _PWM_setTripZoneState_DCBEVT2                    
0     0000a710  _PWM_setTripZoneState_TZA                        
0     0000a704  _PWM_setTripZoneState_TZB                        
0     0000b5df  _PWR_disableBrownOutReset                        
0     0000b5d5  _PWR_disableWatchDogInt                          
0     0000b5d2  _PWR_enableBrownOutReset                         
0     0000b5c8  _PWR_enableWatchDogInt                           
0     0000b5c1  _PWR_init                                        
0     0000b5b0  _PWR_setLowPowerMode                             
0     0000b59f  _PWR_setNumStandByClocks                         
0     00000145  _RamfuncsLoadEnd                                 
abs   00000036  _RamfuncsLoadSize                                
0     0000010f  _RamfuncsLoadStart                               
0     0000010f  _RamfuncsRunStart                                
0     0000b2a2  _SPI_clearRxFifoInt                              
0     0000b29e  _SPI_clearRxFifoOvf                              
0     0000b29a  _SPI_clearTxFifoInt                              
0     0000b297  _SPI_disableInt                                  
0     0000b294  _SPI_disableLoopBack                             
0     0000b291  _SPI_disableOverRunInt                           
0     0000b28d  _SPI_disableRxFifoInt                            
0     0000b28a  _SPI_disableTx                                   
0     0000b286  _SPI_disableTxFifoEnh                            
0     0000b282  _SPI_disableTxFifoInt                            
0     0000b27f  _SPI_enable                                      
0     0000b27b  _SPI_enableChannels                              
0     0000b278  _SPI_enableInt                                   
0     0000b275  _SPI_enableLoopBack                              
0     0000b272  _SPI_enableOverRunInt                            
0     0000b26e  _SPI_enableRxFifo                                
0     0000b26a  _SPI_enableRxFifoInt                             
0     0000b267  _SPI_enableTx                                    
0     0000b263  _SPI_enableTxFifo                                
0     0000b25f  _SPI_enableTxFifoEnh                             
0     0000b25b  _SPI_enableTxFifoInt                             
0     0000b258  _SPI_getIntFlagStatus                            
0     0000b254  _SPI_getRxFifoStatus                             
0     0000b251  _SPI_getTxBufferStatus                           
0     0000b24d  _SPI_getTxFifoStatus                             
0     0000b247  _SPI_init                                        
0     0000b244  _SPI_reset                                       
0     0000b240  _SPI_resetChannels                               
0     0000b23c  _SPI_resetRxFifo                                 
0     0000b238  _SPI_resetTxFifo                                 
0     0000b236  _SPI_setBaudRate                                 
0     0000b232  _SPI_setCharLength                               
0     0000b230  _SPI_setClkPhase                                 
0     0000b22c  _SPI_setClkPolarity                              
0     0000b22a  _SPI_setMode                                     
0     0000b223  _SPI_setPriority                                 
0     0000b21c  _SPI_setRxFifoIntLevel                           
0     0000b215  _SPI_setSteInv                                   
0     0000b20e  _SPI_setSuspend                                  
0     0000b207  _SPI_setTriWire                                  
0     0000b204  _SPI_setTxDelay                                  
0     0000b1fd  _SPI_setTxFifoIntLevel                           
0     0000b611  _TIMER_clearFlag                                 
0     0000b60e  _TIMER_disableInt                                
0     0000b60b  _TIMER_enableInt                                 
0     0000b608  _TIMER_getStatus                                 
0     0000b602  _TIMER_init                                      
0     0000b5f4  _TIMER_setDecimationFactor                       
0     0000b5f0  _TIMER_setEmulationMode                          
0     0000b5e2  _TIMER_setPreScaler                              
0     00009f8b  _USER_calcPIgains                                
0     00009f87  _USER_checkForErrors                             
0     00009f79  _USER_computeFlux                                
0     00009f3c  _USER_computeFlux_pu_to_VpHz_sf                  
0     00009eff  _USER_computeFlux_pu_to_Wb_sf                    
0     00009ec2  _USER_computeTorque_Flux_Iq_pu_to_Nm_sf          
0     00009e87  _USER_computeTorque_Ls_Id_Iq_pu_to_Nm_sf         
0     00009e3b  _USER_computeTorque_Nm                           
0     00009de4  _USER_computeTorque_lbin                         
0     00009de1  _USER_getErrorCode                               
0     00009dde  _USER_setErrorCode                               
0     00009c75  _USER_setParams                                  
0     00009be8  _USER_softwareUpdate1p6                          
0     0000b597  _WDOG_clearCounter                               
0     0000b58f  _WDOG_disable                                    
0     0000b589  _WDOG_disableInt                                 
0     0000b583  _WDOG_disableOverRide                            
0     0000b57a  _WDOG_enable                                     
0     0000b574  _WDOG_enableInt                                  
0     0000b56e  _WDOG_enableOverRide                             
0     0000b56b  _WDOG_getIntStatus                               
0     0000b565  _WDOG_init                                       
0     0000b563  _WDOG_setCount                                   
0     0000b559  _WDOG_setPreScaler                               
0     0000bad3  __IQ24cosPU                                      
0     0000baaa  __IQ24sinPU                                      
0     0000ba68  __IQ24sqrt                                       
0     0000bafa  __IQ30toF                                        
1     000007b0  __STACK_END                                      
abs   000003b0  __STACK_SIZE                                     
0     0000b7ba  ___TI_cleanup_ptr                                
0     0000b7bc  ___TI_dtors_ptr                                  
0     0000b7b8  ___TI_enable_exit_profile_output                 
abs   ffffffff  ___TI_pprof_out_hndl                             
abs   ffffffff  ___TI_prof_data_size                             
abs   ffffffff  ___TI_prof_data_start                            
abs   ffffffff  ___binit__                                       
abs   ffffffff  ___c_args__                                      
0     00000050  ___cinit__                                       
0     0000b7b7  ___etext__                                       
abs   ffffffff  ___pinit__                                       
0     00008000  ___text__                                        
0     0000b777  __args_main                                      
0     0000b7be  __lock                                           
0     0000b7ac  __nop                                            
0     0000b7a8  __register_lock                                  
0     0000b7a4  __register_unlock                                
1     00000400  __stack                                          
0     0000b127  __system_post_cinit                              
0     0000b7b5  __system_pre_init                                
0     0000b9ac  __unlock                                         
0     0000b641  _abort                                           
0     0000a4cf  _acim_Dir_qFmtCalc                               
0     0000b4bc  _c_int00                                         
0     0000b40c  _ceil                                            
0     0000b40c  _ceilf                                           
0     0000b7ca  _controller_obj                                  
0     0000b6db  _copy_in                                         
0     0000b789  _copysign                                        
0     0000b789  _copysignf                                       
0     0000b9b0  _cpu                                             
0     0000b7c4  _ctrlHandle                                      
0     0000b9b1  _errno                                           
0     0000b643  _exit                                            
0     0000b7d2  _gAdcData                                        
0     0000b7c0  _gCounter_updateGlobals                          
0     0000b800  _gDrvSpi8305Vars                                 
0     0000b7c2  _gLEDcnt                                         
0     0000b7c8  _gMaxCurrentSlope                                
0     0000b880  _gMotorVars                                      
0     0000b7cc  _gPwmData                                        
0     0000b900  _gUserParams                                     
0     0000b9c0  _hal                                             
0     0000b7c6  _halHandle                                       
0     0000b464  _ldexp                                           
0     0000b464  _ldexpf                                          
0     0000aefd  _log                                             
0     0000aefd  _logf                                            
0     0000a4e8  _main                                            
0     0000b128  _mainISR                                         
0     0000b73e  _memcpy                                          
0     0000a048  _pow                                             
0     0000a048  _powf                                            
0     0000a45f  _recalcKpKi                                      
0     0000b464  _scalbn                                          
0     0000b464  _scalbnf                                         
0     0000a43a  _setFeLimitZero                                  
0     0000b66a  _sqrt                                            
0     0000b66a  _sqrtf                                           
0     0000a3d4  _updateGlobalVariables_motor                     
0     00000141  _usDelay                                         
abs   ffffffff  binit                                            
0     00000050  cinit                                            
0     00000000  code_start                                       
0     0000b7b7  etext                                            
abs   ffffffff  pinit                                            


GLOBAL SYMBOLS: SORTED BY Symbol Address 

page  address   name                                             
----  -------   ----                                             
0     00000000  code_start                                       
0     00000050  ___cinit__                                       
0     00000050  cinit                                            
0     0000010f  _FLASH_setStandbyWaitCount                       
0     0000010f  _RamfuncsLoadStart                               
0     0000010f  _RamfuncsRunStart                                
0     00000114  _FLASH_setPowerMode                              
0     0000011b  _FLASH_setOtpWaitStates                          
0     00000122  _FLASH_setNumRandomReadWaitStates                
0     00000129  _FLASH_setNumPagedReadWaitStates                 
0     00000130  _FLASH_setActiveWaitCount                        
0     00000135  _FLASH_enablePipelineMode                        
0     0000013b  _FLASH_disablePipelineMode                       
0     00000141  _usDelay                                         
0     00000145  _RamfuncsLoadEnd                                 
0     00008000  .text                                            
0     00008000  _HAL_writeDrvData                                
0     00008000  ___text__                                        
0     00008005  _HAL_setupTimers                                 
0     0000805c  _HAL_setupSpiB                                   
0     00008092  _HAL_setupSpiA                                   
0     000080c8  _HAL_setupPwms                                   
0     000081a4  _HAL_setupPwmDacs                                
0     00008227  _HAL_setupPll                                    
0     00008266  _HAL_setupPie                                    
0     00008282  _HAL_setupPeripheralClks                         
0     000082d6  _HAL_setupGpios                                  
0     00008472  _HAL_setupGate                                   
0     00008489  _HAL_setupFlash                                  
0     000084a7  _HAL_setupFaults                                 
0     000084c5  _HAL_setupDrvSpi                                 
0     000084ca  _HAL_setupClks                                   
0     000084e6  _HAL_setupAdcs                                   
0     0000859b  _HAL_AdcCalChanSelect                            
0     000085f2  _HAL_AdcCalConversion                            
0     0000874c  _HAL_AdcOffsetSelfCal                            
0     0000877f  _HAL_getOscTrimValue                             
0     00008792  _HAL_osc1Comp                                    
0     000087d2  _HAL_osc2Comp                                    
0     00008812  _HAL_OscTempComp                                 
0     00008866  _HAL_cal                                         
0     0000887d  _HAL_setParams                                   
0     0000899a  _HAL_setDacParameters                            
0     000089b5  _HAL_readDrvData                                 
0     000089ba  _HAL_disableWdog                                 
0     000089bf  _HAL_init                                        
0     00008a84  _HAL_enableTimer0Int                             
0     00008a94  _HAL_enablePwmInt                                
0     00008aa5  _HAL_enableGlobalInts                            
0     00008aa9  _HAL_enableDrv                                   
0     00008aae  _HAL_enableDebugInt                              
0     00008ab2  _HAL_enableAdcInts                               
0     00008ac4  _HAL_disableGlobalInts                           
0     00008ac8  _CTRL_updateState                                
0     00008b7a  _CTRL_setup_user                                 
0     00008bd5  _CTRL_setupClarke_V                              
0     00008beb  _CTRL_setupClarke_I                              
0     00008c07  _CTRL_setup                                      
0     00008c13  _CTRL_setWaitTimes                               
0     00008c1c  _CTRL_setSpd_ref_pu                              
0     00008c1f  _CTRL_setSpd_ref_krpm                            
0     00008c32  _CTRL_setGains                                   
0     00008c5c  _CTRL_setParams                                  
0     00008ec5  _CTRL_run                                        
0     000093f0  _CTRL_getWaitTimes                               
0     000093f9  _CTRL_getVdq_out_pu                              
0     00009400  _CTRL_getVab_out_pu                              
0     00009407  _CTRL_getVab_in_pu                               
0     0000940e  _CTRL_getIdq_ref_pu                              
0     00009415  _CTRL_getIdq_in_pu                               
0     0000941c  _CTRL_getIab_in_pu                               
0     00009423  _CTRL_getIab_filt_pu                             
0     0000942a  _CTRL_getGains                                   
0     0000945c  _CTRL_setMaximumSpeed_pu                         
0     0000945f  _CTRL_setMagCurrent_pu                           
0     00009462  _CTRL_getMaximumSpeed_pu                         
0     00009465  _CTRL_getMagCurrent_pu                           
0     00009468  _DRV8305_writeSpi                                
0     00009485  _DRV8305_writeData                               
0     00009569  _DRV8305_readSpi                                 
0     0000959b  _DRV8305_setupSpi                                
0     00009775  _DRV8305_setWatchDelay                           
0     00009789  _DRV8305_setVregUvLevel                          
0     0000979d  _DRV8305_setVrefScaling                          
0     000097b1  _DRV8305_setVDSMode                              
0     000097c5  _DRV8305_setVDSLevel                             
0     000097d9  _DRV8305_setVDSDeglitch                          
0     000097ed  _DRV8305_setVDSBlanking                          
0     00009801  _DRV8305_setSpiHandle                            
0     00009803  _DRV8305_setSleepDelay                           
0     00009817  _DRV8305_setPwmMode                              
0     0000982b  _DRV8305_setPeakSourTime                         
0     0000983f  _DRV8305_setPeakSourCurHS                        
0     00009853  _DRV8305_setPeakSinkTime                         
0     00009867  _DRV8305_setPeakSinkCurLS                        
0     0000987b  _DRV8305_setPeakSinkCurHS                        
0     0000988f  _DRV8305_setGpioNumber                           
0     00009891  _DRV8305_setGpioHandle                           
0     00009893  _DRV8305_setDeadTime                             
0     000098a7  _DRV8305_setDcCalMode                            
0     000098cb  _DRV8305_setCommOption                           
0     000098df  _DRV8305_setCSGain3                              
0     000098f3  _DRV8305_setCSGain2                              
0     00009907  _DRV8305_setCSGain1                              
0     0000991b  _DRV8305_setCSBlank                              
0     0000992f  _DRV8305_reset                                   
0     0000993e  _DRV8305_readData                                
0     00009b1b  _DRV8305_isFault                                 
0     00009b22  _DRV8305_init                                    
0     00009b2b  _DRV8305_getWatchDelay                           
0     00009b31  _DRV8305_getVregUvLevel                          
0     00009b37  _DRV8305_getVrefScaling                          
0     00009b3e  _DRV8305_getVDSMode                              
0     00009b44  _DRV8305_getVDSLevel                             
0     00009b4a  _DRV8305_getVDSDeglitch                          
0     00009b50  _DRV8305_getVDSBlanking                          
0     00009b56  _DRV8305_getSleepDelay                           
0     00009b5c  _DRV8305_getPwmMode                              
0     00009b63  _DRV8305_getPeakSourTime                         
0     00009b6a  _DRV8305_getPeakSourCurLS                        
0     00009b70  _DRV8305_getPeakSourCurHS                        
0     00009b76  _DRV8305_getPeakSinkTime                         
0     00009b7d  _DRV8305_getPeakSinkCurLS                        
0     00009b83  _DRV8305_getPeakSinkCurHS                        
0     00009b89  _DRV8305_getDeadTime                             
0     00009b8f  _DRV8305_getDcCalMode                            
0     00009ba6  _DRV8305_getCommOption                           
0     00009bad  _DRV8305_getCSGain3                              
0     00009bb3  _DRV8305_getCSGain2                              
0     00009bb9  _DRV8305_getCSGain1                              
0     00009bbf  _DRV8305_getCSBlank                              
0     00009bc5  _DRV8305_enable                                  
0     00009be8  _USER_softwareUpdate1p6                          
0     00009c75  _USER_setParams                                  
0     00009dde  _USER_setErrorCode                               
0     00009de1  _USER_getErrorCode                               
0     00009de4  _USER_computeTorque_lbin                         
0     00009e3b  _USER_computeTorque_Nm                           
0     00009e87  _USER_computeTorque_Ls_Id_Iq_pu_to_Nm_sf         
0     00009ec2  _USER_computeTorque_Flux_Iq_pu_to_Nm_sf          
0     00009eff  _USER_computeFlux_pu_to_Wb_sf                    
0     00009f3c  _USER_computeFlux_pu_to_VpHz_sf                  
0     00009f79  _USER_computeFlux                                
0     00009f87  _USER_checkForErrors                             
0     00009f8b  _USER_calcPIgains                                
0     0000a048  _pow                                             
0     0000a048  _powf                                            
0     0000a3d4  _updateGlobalVariables_motor                     
0     0000a43a  _setFeLimitZero                                  
0     0000a45f  _recalcKpKi                                      
0     0000a4cf  _acim_Dir_qFmtCalc                               
0     0000a4e8  _main                                            
0     0000a704  _PWM_setTripZoneState_TZB                        
0     0000a710  _PWM_setTripZoneState_TZA                        
0     0000a71c  _PWM_setTripZoneState_DCBEVT2                    
0     0000a728  _PWM_setTripZoneState_DCBEVT1                    
0     0000a734  _PWM_setTripZoneState_DCAEVT2                    
0     0000a740  _PWM_setTripZoneState_DCAEVT1                    
0     0000a74c  _PWM_setTripZoneDCEventSelect_DCBEVT2            
0     0000a758  _PWM_setTripZoneDCEventSelect_DCBEVT1            
0     0000a764  _PWM_setTripZoneDCEventSelect_DCAEVT2            
0     0000a770  _PWM_setTripZoneDCEventSelect_DCAEVT1            
0     0000a77c  _PWM_setSyncMode                                 
0     0000a780  _PWM_setSwSync                                   
0     0000a783  _PWM_setSocBPulseSrc                             
0     0000a78c  _PWM_setSocBPeriod                               
0     0000a795  _PWM_setSocAPulseSrc                             
0     0000a79f  _PWM_setSocAPeriod                               
0     0000a7a8  _PWM_setShadowMode_CmpB                          
0     0000a7ae  _PWM_setShadowMode_CmpA                          
0     0000a7b4  _PWM_setRunMode                                  
0     0000a7b8  _PWM_setPhaseDir                                 
0     0000a7bc  _PWM_setPhase                                    
0     0000a7be  _PWM_setPeriodLoad                               
0     0000a7c2  _PWM_setPeriodHr                                 
0     0000a7c7  _PWM_setPeriod                                   
0     0000a7c9  _PWM_setLoadMode_CmpB                            
0     0000a7cf  _PWM_setLoadMode_CmpA                            
0     0000a7d3  _PWM_setIntPeriod                                
0     0000a7da  _PWM_setIntMode                                  
0     0000a7e1  _PWM_setHrShadowMode                             
0     0000a7ed  _PWM_setHrEdgeMode                               
0     0000a7f9  _PWM_setHrControlMode                            
0     0000a805  _PWM_setHighSpeedClkDiv                          
0     0000a809  _PWM_setDigitalCompareInput                      
0     0000a818  _PWM_setDigitalCompareFilterWindow               
0     0000a81b  _PWM_setDigitalCompareFilterSource               
0     0000a827  _PWM_setDigitalCompareFilterOffset               
0     0000a82a  _PWM_setDigitalCompareBlankingPulse              
0     0000a836  _PWM_setDigitalCompareBEvent2                    
0     0000a846  _PWM_setDigitalCompareBEvent1                    
0     0000a860  _PWM_setDigitalCompareAEvent2                    
0     0000a870  _PWM_setDigitalCompareAEvent1                    
0     0000a88a  _PWM_setDeadBandRisingEdgeDelay                  
0     0000a88d  _PWM_setDeadBandPolarity                         
0     0000a894  _PWM_setDeadBandOutputMode                       
0     0000a89b  _PWM_setDeadBandInputMode                        
0     0000a8a2  _PWM_setDeadBandFallingEdgeDelay                 
0     0000a8a5  _PWM_setCounterMode                              
0     0000a8a9  _PWM_setCount                                    
0     0000a8ab  _PWM_setClkDiv                                   
0     0000a8af  _PWM_setChoppingPulseWidth                       
0     0000a8b6  _PWM_setChoppingDutyCycle                        
0     0000a8bd  _PWM_setChoppingClkFreq                          
0     0000a8c4  _PWM_setActionQual_Zero_PwmB                     
0     0000a8cb  _PWM_setActionQual_Zero_PwmA                     
0     0000a8d2  _PWM_setActionQual_Period_PwmB                   
0     0000a8db  _PWM_setActionQual_Period_PwmA                   
0     0000a8e4  _PWM_setActionQual_CntUp_CmpB_PwmB               
0     0000a8ed  _PWM_setActionQual_CntUp_CmpB_PwmA               
0     0000a8f6  _PWM_setActionQual_CntUp_CmpA_PwmB               
0     0000a8ff  _PWM_setActionQual_CntUp_CmpA_PwmA               
0     0000a908  _PWM_setActionQual_CntDown_CmpB_PwmB             
0     0000a911  _PWM_setActionQual_CntDown_CmpB_PwmA             
0     0000a91a  _PWM_setActionQual_CntDown_CmpA_PwmB             
0     0000a923  _PWM_setActionQual_CntDown_CmpA_PwmA             
0     0000a92c  _PWM_setActionQualContSWForce_PwmB               
0     0000a935  _PWM_setActionQualContSWForce_PwmA               
0     0000a93c  _PWM_init                                        
0     0000a942  _PWM_incrementDeadBandRisingEdgeDelay            
0     0000a945  _PWM_incrementDeadBandFallingEdgeDelay           
0     0000a948  _PWM_getSocBCount                                
0     0000a94d  _PWM_getSocACount                                
0     0000a952  _PWM_getShadowStatus_CmpB                        
0     0000a956  _PWM_getShadowStatus_CmpA                        
0     0000a95a  _PWM_getIntCount                                 
0     0000a95e  _PWM_getDeadBandRisingEdgeDelay                  
0     0000a961  _PWM_getDeadBandFallingEdgeDelay                 
0     0000a964  _PWM_enableTripZoneSrc                           
0     0000a96a  _PWM_enableTripZoneInt                           
0     0000a970  _PWM_enableSocBPulse                             
0     0000a974  _PWM_enableSocAPulse                             
0     0000a978  _PWM_enableInt                                   
0     0000a97c  _PWM_enableHrPhaseSync                           
0     0000a983  _PWM_enableHrPeriod                              
0     0000a98a  _PWM_enableDigitalCompareBlankingWindowInversion 
0     0000a991  _PWM_enableDigitalCompareBlankingWindow          
0     0000a998  _PWM_enableDeadBandHalfCycle                     
0     0000a99c  _PWM_enableCounterLoad                           
0     0000a99f  _PWM_enableChopping                              
0     0000a9a3  _PWM_enableAutoConvert                           
0     0000a9aa  _PWM_disableTripZones                            
0     0000a9b0  _PWM_disableTripZoneSrc                          
0     0000a9b7  _PWM_disableTripZoneInt                          
0     0000a9be  _PWM_disableSocBPulse                            
0     0000a9c2  _PWM_disableSocAPulse                            
0     0000a9c6  _PWM_disableInt                                  
0     0000a9ca  _PWM_disableHrPhaseSync                          
0     0000a9d1  _PWM_disableHrPeriod                             
0     0000a9d8  _PWM_disableDigitalCompareBlankingWindowInversion
0     0000a9df  _PWM_disableDigitalCompareBlankingWindow         
0     0000a9e6  _PWM_disableDeadBandHalfCycle                    
0     0000a9ea  _PWM_disableDeadBand                             
0     0000a9ed  _PWM_disableCounterLoad                          
0     0000a9f0  _PWM_disableChopping                             
0     0000a9f4  _PWM_disableAutoConvert                          
0     0000a9fb  _PWM_decrementDeadBandRisingEdgeDelay            
0     0000a9fe  _PWM_decrementDeadBandFallingEdgeDelay           
0     0000aa01  _PWM_clearTripZone                               
0     0000aa07  _ADC_setupSocTrigSrc                             
0     0000aa32  _ADC_setVoltRefSrc                               
0     0000aa43  _ADC_setTempSensorSrc                            
0     0000aa54  _ADC_setSocTrigSrc                               
0     0000aa68  _ADC_setSocSampleDelay                           
0     0000aa7c  _ADC_setSocFrcWord                               
0     0000aa83  _ADC_setSocFrc                                   
0     0000aa8d  _ADC_setSocChanNumber                            
0     0000aaa1  _ADC_setSampleOverlapMode                        
0     0000aab4  _ADC_setSampleMode                               
0     0000aacb  _ADC_setOffTrim                                  
0     0000aad2  _ADC_setIntSrc                                   
0     0000aaf3  _ADC_setIntPulseGenMode                          
0     0000ab04  _ADC_setIntMode                                  
0     0000ab25  _ADC_setDivideSelect                             
[...]
0     0000b09f  _PIE_forceInt                                    
0     0000b0a8  _PIE_enableTimer0Int                             
0     0000b0ab  _PIE_enablePwmTzInt                              
0     0000b0b0  _PIE_enablePwmInt                                
0     0000b0b5  _PIE_enableInt                                   
0     0000b0be  _PIE_enableExtInt                                
0     0000b0db  _PIE_enableCaptureInt                            
0     0000b0df  _PIE_enableAdcInt                                
0     0000b0f9  _PIE_enable                                      
0     0000b0fc  _PIE_disableInt                                  
0     0000b106  _PIE_disableExtInt                               
0     0000b10f  _PIE_disableCaptureInt                           
0     0000b113  _PIE_disableAllInts                              
0     0000b11a  _PIE_disable                                     
0     0000b11d  _PIE_clearAllInts                                
0     0000b120  _PIE_clearAllFlags                               
0     0000b127  __system_post_cinit                              
0     0000b128  _mainISR                                         
0     0000b1fd  _SPI_setTxFifoIntLevel                           
0     0000b204  _SPI_setTxDelay                                  
0     0000b207  _SPI_setTriWire                                  
0     0000b20e  _SPI_setSuspend                                  
0     0000b215  _SPI_setSteInv                                   
0     0000b21c  _SPI_setRxFifoIntLevel                           
0     0000b223  _SPI_setPriority                                 
0     0000b22a  _SPI_setMode                                     
0     0000b22c  _SPI_setClkPolarity                              
0     0000b230  _SPI_setClkPhase                                 
0     0000b232  _SPI_setCharLength                               
0     0000b236  _SPI_setBaudRate                                 
0     0000b238  _SPI_resetTxFifo                                 
0     0000b23c  _SPI_resetRxFifo                                 
0     0000b240  _SPI_resetChannels                               
0     0000b244  _SPI_reset                                       
0     0000b247  _SPI_init                                        
0     0000b24d  _SPI_getTxFifoStatus                             
0     0000b251  _SPI_getTxBufferStatus                           
0     0000b254  _SPI_getRxFifoStatus                             
0     0000b258  _SPI_getIntFlagStatus                            
0     0000b25b  _SPI_enableTxFifoInt                             
0     0000b25f  _SPI_enableTxFifoEnh                             
0     0000b263  _SPI_enableTxFifo                                
0     0000b267  _SPI_enableTx                                    
0     0000b26a  _SPI_enableRxFifoInt                             
0     0000b26e  _SPI_enableRxFifo                                
0     0000b272  _SPI_enableOverRunInt                            
0     0000b275  _SPI_enableLoopBack                              
0     0000b278  _SPI_enableInt                                   
0     0000b27b  _SPI_enableChannels                              
0     0000b27f  _SPI_enable                                      
0     0000b282  _SPI_disableTxFifoInt                            
0     0000b286  _SPI_disableTxFifoEnh                            
0     0000b28a  _SPI_disableTx                                   
0     0000b28d  _SPI_disableRxFifoInt                            
0     0000b291  _SPI_disableOverRunInt                           
0     0000b294  _SPI_disableLoopBack                             
0     0000b297  _SPI_disableInt                                  
0     0000b29a  _SPI_clearTxFifoInt                              
0     0000b29e  _SPI_clearRxFifoOvf                              
0     0000b2a2  _SPI_clearRxFifoInt                              
0     0000b2a6  FS$$DIV                                          
0     0000b32e  FD$$MPY                                          
0     0000b3b1  _PLL_setLockPeriod                               
0     0000b3b6  _PLL_setDivideSelect                             
0     0000b3bd  _PLL_setClkFreq                                  
0     0000b3c3  _PLL_resetClkDetect                              
0     0000b3c9  _PLL_init                                        
0     0000b3cf  _PLL_getLockStatus                               
0     0000b3d2  _PLL_getDivideSelect                             
0     0000b3d5  _PLL_getClkStatus                                
0     0000b3d8  _PLL_getClkFreq                                  
0     0000b3dc  _PLL_enableOsc                                   
0     0000b3e2  _PLL_enableNormRdy                               
0     0000b3e8  _PLL_enableClkDetect                             
0     0000b3ee  _PLL_enable                                      
0     0000b3f4  _PLL_disableOsc                                  
0     0000b3fa  _PLL_disableNormRdy                              
0     0000b400  _PLL_disableClkDetect                            
0     0000b406  _PLL_disable                                     
0     0000b40c  _ceil                                            
0     0000b40c  _ceilf                                           
0     0000b464  _ldexp                                           
0     0000b464  _ldexpf                                          
0     0000b464  _scalbn                                          
0     0000b464  _scalbnf                                         
0     0000b4bc  _c_int00                                         
0     0000b512  _OFFSET_setOffset                                
0     0000b514  _OFFSET_setInitCond                              
0     0000b523  _OFFSET_setBeta                                  
0     0000b539  _OFFSET_init                                     
0     0000b54a  _OFFSET_getBeta                                  
0     0000b559  _WDOG_setPreScaler                               
0     0000b563  _WDOG_setCount                                   
0     0000b565  _WDOG_init                                       
0     0000b56b  _WDOG_getIntStatus                               
0     0000b56e  _WDOG_enableOverRide                             
0     0000b574  _WDOG_enableInt                                  
0     0000b57a  _WDOG_enable                                     
0     0000b583  _WDOG_disableOverRide                            
0     0000b589  _WDOG_disableInt                                 
0     0000b58f  _WDOG_disable                                    
0     0000b597  _WDOG_clearCounter                               
0     0000b59f  _PWR_setNumStandByClocks                         
0     0000b5b0  _PWR_setLowPowerMode                             
0     0000b5c1  _PWR_init                                        
0     0000b5c8  _PWR_enableWatchDogInt                           
0     0000b5d2  _PWR_enableBrownOutReset                         
0     0000b5d5  _PWR_disableWatchDogInt                          
0     0000b5df  _PWR_disableBrownOutReset                        
0     0000b5e2  _TIMER_setPreScaler                              
0     0000b5f0  _TIMER_setEmulationMode                          
0     0000b5f4  _TIMER_setDecimationFactor                       
0     0000b602  _TIMER_init                                      
0     0000b608  _TIMER_getStatus                                 
0     0000b60b  _TIMER_enableInt                                 
0     0000b60e  _TIMER_disableInt                                
0     0000b611  _TIMER_clearFlag                                 
0     0000b614  _OSC_setTrim                                     
0     0000b61d  _OSC_setFineTrim                                 
0     0000b62e  _OSC_setCoarseTrim                               
0     0000b63b  _OSC_init                                        
0     0000b641  C$$EXIT                                          
0     0000b641  _abort                                           
0     0000b643  _exit                                            
0     0000b66a  _sqrt                                            
0     0000b66a  _sqrtf                                           
0     0000b691  _CPU_init                                        
0     0000b695  _CPU_enableProtectedRegisterWrite                
0     0000b698  _CPU_enableInt                                   
0     0000b69c  _CPU_enableGlobalInts                            
0     0000b69f  _CPU_enableDebugInt                              
0     0000b6a2  _CPU_disableProtectedRegisterWrite               
0     0000b6a5  _CPU_disableInts                                 
0     0000b6a8  _CPU_disableInt                                  
0     0000b6ad  _CPU_disableGlobalInts                           
0     0000b6b0  _CPU_disableDebugInt                             
0     0000b6b3  _CPU_clearIntFlags                               
0     0000b6b6  _FILTER_FO_setNumCoeffs                          
0     0000b6ba  _FILTER_FO_setInitialConditions                  
0     0000b6c1  _FILTER_FO_setDenCoeffs                          
0     0000b6c3  _FILTER_FO_init                                  
0     0000b6c9  _FILTER_FO_getNumCoeffs                          
0     0000b6cf  _FILTER_FO_getInitialConditions                  
0     0000b6d8  _FILTER_FO_getDenCoeffs                          
0     0000b6db  _copy_in                                         
0     0000b6ff  _FLASH_init                                      
0     0000b705  _FLASH_getStandbyWaitStatus                      
0     0000b709  _FLASH_getStandbyWaitCount                       
0     0000b70c  _FLASH_getPowerMode                              
0     0000b70f  _FLASH_getActiveWaitStatus                       
0     0000b713  _FLASH_getActiveWaitCount                        
0     0000b716  _FLASH_get3VStatus                               
0     0000b719  _FLASH_clear3VStatus                             
0     0000b71f  FD$$TOL                                          
0     0000b73e  _memcpy                                          
0     0000b75b  FS$$TOFD                                         
0     0000b777  __args_main                                      
0     0000b789  _copysign                                        
0     0000b789  _copysignf                                       
0     0000b79a  _PIE_illegalIsr                                  
0     0000b7a4  __register_unlock                                
0     0000b7a8  __register_lock                                  
0     0000b7ac  __nop                                            
0     0000b7b5  __system_pre_init                                
0     0000b7b7  ___etext__                                       
0     0000b7b7  etext                                            
0     0000b7b8  ___TI_enable_exit_profile_output                 
0     0000b7ba  ___TI_cleanup_ptr                                
0     0000b7bc  ___TI_dtors_ptr                                  
0     0000b7be  __lock                                           
0     0000b7c0  _gCounter_updateGlobals                          
0     0000b7c1  _Flag_Latch_softwareUpdate                       
0     0000b7c2  _gLEDcnt                                         
0     0000b7c4  _ctrlHandle                                      
0     0000b7c6  _halHandle                                       
0     0000b7c8  _gMaxCurrentSlope                                
0     0000b7ca  _controller_obj                                  
0     0000b7cc  _gPwmData                                        
0     0000b7d2  _gAdcData                                        
0     0000b800  _gDrvSpi8305Vars                                 
0     0000b880  _gMotorVars                                      
0     0000b900  _gUserParams                                     
0     0000b9ac  __unlock                                         
0     0000b9b0  _cpu                                             
0     0000b9b1  _errno                                           
0     0000b9c0  _hal                                             
0     0000ba68  __IQ24sqrt                                       
0     0000baaa  __IQ24sinPU                                      
0     0000bad3  __IQ24cosPU                                      
0     0000bafa  __IQ30toF                                        
0     003fdc30  _IQsinTable                                      
0     003fdd30  _IQcosTable                                      
0     003fe030  _IQsinTableEnd                                   
0     003fe132  _IQcosTableEnd                                   
0     003fe132  _IQdivRoundSatTable                              
0     003fe140  _IQdivTable                                      
0     003fe342  _IQdivTableEnd                                   
0     003fe342  _IQisqrtRoundSatTable                            
0     003fe342  _IQsqrtRoundSatTable                             
0     003fe352  _IQisqrtTable                                    
0     003fe352  _IQsqrtTable                                     
0     003fe454  _IQatan2HalfPITable                              
0     003fe454  _IQisqrtTableEnd                                 
0     003fe454  _IQsqrtTableEnd                                  
0     003fe492  _IQatan2Table                                    
0     003fe618  _IQ30mpyRndSatTable                              
0     003fe618  _IQatan2TableEnd                                 
0     003fe618  _IQmpyRndSatTable                                
0     003fe624  _IQ29mpyRndSatTable                              
0     003fe630  _IQ28mpyRndSatTable                              
0     003fe63c  _IQ27mpyRndSatTable                              
0     003fe648  _IQ26mpyRndSatTable                              
0     003fe654  _IQ25mpyRndSatTable                              
0     003fe660  _IQ24mpyRndSatTable                              
0     003fe66c  _IQ23mpyRndSatTable                              
0     003fe678  _IQ22mpyRndSatTable                              
0     003fe684  _IQ21mpyRndSatTable                              
0     003fe690  _IQ20mpyRndSatTable                              
0     003fe69c  _IQ19mpyRndSatTable                              
0     003fe6a8  _IQ18mpyRndSatTable                              
0     003fe6b4  _IQ17mpyRndSatTable                              
0     003fe6c0  _IQ16mpyRndSatTable                              
0     003fe6cc  _IQ15mpyRndSatTable                              
0     003fe6d8  _IQ14mpyRndSatTable                              
0     003fe6e4  _IQ13mpyRndSatTable                              
0     003fe6f0  _IQ12mpyRndSatTable                              
0     003fe6fc  _IQ11mpyRndSatTable                              
0     003fe708  _IQ10mpyRndSatTable                              
0     003fe714  _IQ9mpyRndSatTable                               
0     003fe720  _IQ8mpyRndSatTable                               
0     003fe72c  _IQ7mpyRndSatTable                               
0     003fe738  _IQ6mpyRndSatTable                               
0     003fe744  _IQ5mpyRndSatTable                               
0     003fe750  _IQ4mpyRndSatTable                               
0     003fe75c  _IQ3mpyRndSatTable                               
0     003fe768  _IQ2mpyRndSatTable                               
0     003fe774  _IQ1mpyRndSatTable                               
0     003fe780  _IQmpyRndSatTableEnd                             
1     00000400  __stack                                          
1     000007b0  __STACK_END                                      
abs   00000036  _RamfuncsLoadSize                                
abs   000003b0  __STACK_SIZE                                     
abs   003f861b  _EST_getState                                    
abs   003f861d  _EST_useZeroIq_ref                               
abs   003f8679  _EST_isMotorIdentified                           
abs   003f86ad  _EST_computeDirection_qFmt                       
abs   003f8713  _EST_updateState                                 
abs   003f89f5  _EST_updateId_ref_pu                             
abs   003f8a18  _EST_setRs_pu                                    
abs   003f8adb  _EST_setMaxCurrentSlope_pu                       
abs   003f8ae7  _EST_setLs_q_pu                                  
abs   003f8af1  _EST_setLs_qFmt                                  
abs   003f8b45  _EST_setLs_d_pu                                  
abs   003f8b63  _EST_setIq_ref_pu                                
abs   003f8b67  _EST_setIdle_all                                 
abs   003f8b7a  _EST_setIdle                                     
abs   003f8b80  _EST_setId_ref_pu                                
abs   003f8bdb  _EST_setFlag_enableForceAngle                    
abs   003f8be4  _EST_setFe_pos_min_pu                            
abs   003f8be8  _EST_setFe_neg_max_pu                            
abs   003f8bf5  _EST_setDir_qFmt                                 
abs   003f8c0d  _EST_getAngle_pu                                 
abs   003f927b  _EST_run                                         
abs   003f9378  _EST_isOnLine                                    
abs   003f937f  _EST_isLockRotor                                 
abs   003f9386  _EST_isIdle                                      
abs   003f938d  _EST_isError                                     
abs   003f9453  _EST_get_pu_to_krpm_sf                           
abs   003f9458  _EST_get_krpm_to_pu_sf                           
abs   003f94c6  _EST_getSpeed_krpm                               
abs   003f9513  _EST_getRs_Ohm                                   
abs   003f95ad  _EST_getRr_Ohm                                   
abs   003f95b3  _EST_getOneOverDcBus_pu                          
abs   003f95bd  _EST_getMaxCurrentSlope_pu                       
abs   003f95c9  _EST_getLs_q_pu                                  
abs   003f95ce  _EST_getLs_q_H                                   
abs   003f95f0  _EST_getLs_d_pu                                  
abs   003f95f5  _EST_getLs_d_H                                   
abs   003f95ff  _EST_getLs_coarse_max_pu                         
abs   003f9632  _EST_getIdRated                                  
abs   003f968e  _EST_getFm_pu                                    
abs   003f96ab  _EST_getFlux_pu                                  
abs   003f96be  _EST_getFlux_VpHz                                
abs   003f9758  _EST_doSpeedCtrl                                 
abs   003f9760  _EST_doCurrentCtrl                               
abs   003f9806  _CTRL_setupTraj                                  
abs   003f996a  _CTRL_setupEstOnLineState                        
abs   003f99a5  _CTRL_setupEstIdleState                          
abs   003f9b43  _CTRL_setupCtrl                                  
abs   003f9d31  _CTRL_setUserMotorParams                         
abs   003f9e64  _CTRL_setEstParams                               
abs   003fa5d1  _CTRL_runTraj                                    
abs   003fa6fb  _CTRL_initCtrl                                   
abs   003fa721  _CTRL_getVersion                                 
abs   ffffffff  ___TI_pprof_out_hndl                             
abs   ffffffff  ___TI_prof_data_size                             
abs   ffffffff  ___TI_prof_data_start                            
abs   ffffffff  ___binit__                                       
abs   ffffffff  ___c_args__                                      
abs   ffffffff  ___pinit__                                       
abs   ffffffff  binit                                            
abs   ffffffff  pinit                                            

[679 symbols]
