<?xml version="1.0" encoding="ISO-8859-1" ?>
<link_info>
   <banner>TMS320C2000 Linker Unix v22.6.0.LTS</banner>
   <copyright>Copyright (c) 1996-2018 Texas Instruments Incorporated</copyright>
   <link_time>0x650e1939</link_time>
   <link_errors>0x0</link_errors>
   <output_file>proj_lab02d.out</output_file>
   <entry_point>
      <name>_c_int00</name>
      <address>0xb4bc</address>
   </entry_point>
   <input_file_list>
      <input_file id="fl-5">
         <path>./</path>
         <kind>object</kind>
         <file>CodeStartBranch.obj</file>
         <name>CodeStartBranch.obj</name>
      </input_file>
      <input_file id="fl-6">
         <path>./</path>
         <kind>object</kind>
         <file>adc.obj</file>
         <name>adc.obj</name>
      </input_file>
      <input_file id="fl-7">
         <path>./</path>
         <kind>object</kind>
         <file>clarke.obj</file>
         <name>clarke.obj</name>
      </input_file>
      <input_file id="fl-8">
         <path>./</path>
         <kind>object</kind>
         <file>clk.obj</file>
         <name>clk.obj</name>
      </input_file>
      <input_file id="fl-9">
         <path>./</path>
         <kind>object</kind>
         <file>cpu.obj</file>
         <name>cpu.obj</name>
      </input_file>
      <input_file id="fl-a">
         <path>./</path>
         <kind>object</kind>
         <file>ctrl.obj</file>
         <name>ctrl.obj</name>
      </input_file>
      <input_file id="fl-b">
         <path>./</path>
         <kind>object</kind>
         <file>drv8305.obj</file>
         <name>drv8305.obj</name>
      </input_file>
      <input_file id="fl-c">
         <path>./</path>
         <kind>object</kind>
         <file>filter_fo.obj</file>
         <name>filter_fo.obj</name>
      </input_file>
      <input_file id="fl-d">
         <path>./</path>
         <kind>object</kind>
         <file>flash.obj</file>
         <name>flash.obj</name>
      </input_file>
      <input_file id="fl-e">
         <path>./</path>
         <kind>object</kind>
         <file>gpio.obj</file>
         <name>gpio.obj</name>
      </input_file>
      <input_file id="fl-f">
         <path>./</path>
         <kind>object</kind>
         <file>hal.obj</file>
         <name>hal.obj</name>
      </input_file>
      <input_file id="fl-10">
         <path>./</path>
         <kind>object</kind>
         <file>ipark.obj</file>
         <name>ipark.obj</name>
      </input_file>
      <input_file id="fl-11">
         <path>./</path>
         <kind>object</kind>
         <file>offset.obj</file>
         <name>offset.obj</name>
      </input_file>
      <input_file id="fl-12">
         <path>./</path>
         <kind>object</kind>
         <file>osc.obj</file>
         <name>osc.obj</name>
      </input_file>
      <input_file id="fl-13">
         <path>./</path>
         <kind>object</kind>
         <file>park.obj</file>
         <name>park.obj</name>
      </input_file>
      <input_file id="fl-14">
         <path>./</path>
         <kind>object</kind>
         <file>pid.obj</file>
         <name>pid.obj</name>
      </input_file>
      <input_file id="fl-15">
         <path>./</path>
         <kind>object</kind>
         <file>pie.obj</file>
         <name>pie.obj</name>
      </input_file>
      <input_file id="fl-16">
         <path>./</path>
         <kind>object</kind>
         <file>pll.obj</file>
         <name>pll.obj</name>
      </input_file>
      <input_file id="fl-17">
         <path>./</path>
         <kind>object</kind>
         <file>proj_lab02d.obj</file>
         <name>proj_lab02d.obj</name>
      </input_file>
      <input_file id="fl-18">
         <path>./</path>
         <kind>object</kind>
         <file>pwm.obj</file>
         <name>pwm.obj</name>
      </input_file>
      <input_file id="fl-19">
         <path>./</path>
         <kind>object</kind>
         <file>pwr.obj</file>
         <name>pwr.obj</name>
      </input_file>
      <input_file id="fl-1a">
         <path>./</path>
         <kind>object</kind>
         <file>spi.obj</file>
         <name>spi.obj</name>
      </input_file>
      <input_file id="fl-1b">
         <path>./</path>
         <kind>object</kind>
         <file>svgen.obj</file>
         <name>svgen.obj</name>
      </input_file>
      <input_file id="fl-1c">
         <path>./</path>
         <kind>object</kind>
         <file>timer.obj</file>
         <name>timer.obj</name>
      </input_file>
      <input_file id="fl-1d">
         <path>./</path>
         <kind>object</kind>
         <file>traj.obj</file>
         <name>traj.obj</name>
      </input_file>
      <input_file id="fl-1e">
         <path>./</path>
         <kind>object</kind>
         <file>usDelay.obj</file>
         <name>usDelay.obj</name>
      </input_file>
      <input_file id="fl-1f">
         <path>./</path>
         <kind>object</kind>
         <file>user.obj</file>
         <name>user.obj</name>
      </input_file>
      <input_file id="fl-20">
         <path>./</path>
         <kind>object</kind>
         <file>wdog.obj</file>
         <name>wdog.obj</name>
      </input_file>
      <input_file id="fl-23">
         <kind>object</kind>
         <file>&lt;internal&gt;</file>
         <name>&lt;internal&gt;</name>
      </input_file>
      <input_file id="fl-24">
         <path>/Applications/ti/ccs1240/ccs/tools/compiler/ti-cgt-c2000_22.6.0.LTS/lib/</path>
         <kind>archive</kind>
         <file>rts2800_fpu32.lib</file>
         <name>fd_mpy28.asm.obj</name>
      </input_file>
      <input_file id="fl-25">
         <path>/Applications/ti/ccs1240/ccs/tools/compiler/ti-cgt-c2000_22.6.0.LTS/lib/</path>
         <kind>archive</kind>
         <file>rts2800_fpu32.lib</file>
         <name>fd_tol28.asm.obj</name>
      </input_file>
      <input_file id="fl-26">
         <path>/Applications/ti/ccs1240/ccs/tools/compiler/ti-cgt-c2000_22.6.0.LTS/lib/</path>
         <kind>archive</kind>
         <file>rts2800_fpu32.lib</file>
         <name>fs_div28.asm.obj</name>
      </input_file>
      <input_file id="fl-27">
         <path>/Applications/ti/ccs1240/ccs/tools/compiler/ti-cgt-c2000_22.6.0.LTS/lib/</path>
         <kind>archive</kind>
         <file>rts2800_fpu32.lib</file>
         <name>fs_tofdfpu32.asm.obj</name>
      </input_file>
      <input_file id="fl-28">
         <path>/Users/paiva/Documents/ti/motorware_1_01_00_18/sw/modules/fast/lib/32b/f28x/f2806x/</path>
         <kind>archive</kind>
         <file>2806xRevB_FastSpinROMSymbols_fpu32.lib</file>
         <name>TMS320x2806x_REVB_boot_rom_out__CTRL_getVersion_tmp.obj</name>
      </input_file>
      <input_file id="fl-29">
         <path>/Users/paiva/Documents/ti/motorware_1_01_00_18/sw/modules/fast/lib/32b/f28x/f2806x/</path>
         <kind>archive</kind>
         <file>2806xRevB_FastSpinROMSymbols_fpu32.lib</file>
         <name>TMS320x2806x_REVB_boot_rom_out__CTRL_initCtrl_tmp.obj</name>
      </input_file>
      <input_file id="fl-2a">
         <path>/Users/paiva/Documents/ti/motorware_1_01_00_18/sw/modules/fast/lib/32b/f28x/f2806x/</path>
         <kind>archive</kind>
         <file>2806xRevB_FastSpinROMSymbols_fpu32.lib</file>
         <name>TMS320x2806x_REVB_boot_rom_out__CTRL_runTraj_tmp.obj</name>
      </input_file>
      <input_file id="fl-2b">
         <path>/Users/paiva/Documents/ti/motorware_1_01_00_18/sw/modules/fast/lib/32b/f28x/f2806x/</path>
         <kind>archive</kind>
         <file>2806xRevB_FastSpinROMSymbols_fpu32.lib</file>
         <name>TMS320x2806x_REVB_boot_rom_out__CTRL_setEstParams_tmp.obj</name>
      </input_file>
      <input_file id="fl-2c">
         <path>/Users/paiva/Documents/ti/motorware_1_01_00_18/sw/modules/fast/lib/32b/f28x/f2806x/</path>
         <kind>archive</kind>
         <file>2806xRevB_FastSpinROMSymbols_fpu32.lib</file>
         <name>TMS320x2806x_REVB_boot_rom_out__CTRL_setUserMotorParams_tmp.obj</name>
      </input_file>
      <input_file id="fl-2d">
         <path>/Users/paiva/Documents/ti/motorware_1_01_00_18/sw/modules/fast/lib/32b/f28x/f2806x/</path>
         <kind>archive</kind>
         <file>2806xRevB_FastSpinROMSymbols_fpu32.lib</file>
         <name>TMS320x2806x_REVB_boot_rom_out__CTRL_setupCtrl_tmp.obj</name>
      </input_file>
      <input_file id="fl-2e">
         <path>/Users/paiva/Documents/ti/motorware_1_01_00_18/sw/modules/fast/lib/32b/f28x/f2806x/</path>
         <kind>archive</kind>
         <file>2806xRevB_FastSpinROMSymbols_fpu32.lib</file>
         <name>TMS320x2806x_REVB_boot_rom_out__CTRL_setupEstIdleState_tmp.obj</name>
      </input_file>
      <input_file id="fl-2f">
         <path>/Users/paiva/Documents/ti/motorware_1_01_00_18/sw/modules/fast/lib/32b/f28x/f2806x/</path>
         <kind>archive</kind>
         <file>2806xRevB_FastSpinROMSymbols_fpu32.lib</file>
         <name>TMS320x2806x_REVB_boot_rom_out__CTRL_setupEstOnLineState_tmp.obj</name>
      </input_file>
      <input_file id="fl-30">
         <path>/Users/paiva/Documents/ti/motorware_1_01_00_18/sw/modules/fast/lib/32b/f28x/f2806x/</path>
         <kind>archive</kind>
         <file>2806xRevB_FastSpinROMSymbols_fpu32.lib</file>
         <name>TMS320x2806x_REVB_boot_rom_out__CTRL_setupTraj_tmp.obj</name>
      </input_file>
      <input_file id="fl-31">
         <path>/Users/paiva/Documents/ti/motorware_1_01_00_18/sw/modules/fast/lib/32b/f28x/f2806x/</path>
         <kind>archive</kind>
         <file>2806xRevB_FastSpinROMSymbols_fpu32.lib</file>
         <name>TMS320x2806x_REVB_boot_rom_out__EST_computeDirection_qFmt_tmp.obj</name>
      </input_file>
      <input_file id="fl-32">
         <path>/Users/paiva/Documents/ti/motorware_1_01_00_18/sw/modules/fast/lib/32b/f28x/f2806x/</path>
         <kind>archive</kind>
         <file>2806xRevB_FastSpinROMSymbols_fpu32.lib</file>
         <name>TMS320x2806x_REVB_boot_rom_out__EST_doCurrentCtrl_tmp.obj</name>
      </input_file>
      <input_file id="fl-33">
         <path>/Users/paiva/Documents/ti/motorware_1_01_00_18/sw/modules/fast/lib/32b/f28x/f2806x/</path>
         <kind>archive</kind>
         <file>2806xRevB_FastSpinROMSymbols_fpu32.lib</file>
         <name>TMS320x2806x_REVB_boot_rom_out__EST_doSpeedCtrl_tmp.obj</name>
      </input_file>
      <input_file id="fl-34">
         <path>/Users/paiva/Documents/ti/motorware_1_01_00_18/sw/modules/fast/lib/32b/f28x/f2806x/</path>
         <kind>archive</kind>
         <file>2806xRevB_FastSpinROMSymbols_fpu32.lib</file>
         <name>TMS320x2806x_REVB_boot_rom_out__EST_getAngle_pu_tmp.obj</name>
      </input_file>
      <input_file id="fl-35">
         <path>/Users/paiva/Documents/ti/motorware_1_01_00_18/sw/modules/fast/lib/32b/f28x/f2806x/</path>
         <kind>archive</kind>
         <file>2806xRevB_FastSpinROMSymbols_fpu32.lib</file>
         <name>TMS320x2806x_REVB_boot_rom_out__EST_getFlux_VpHz_tmp.obj</name>
      </input_file>
      <input_file id="fl-36">
         <path>/Users/paiva/Documents/ti/motorware_1_01_00_18/sw/modules/fast/lib/32b/f28x/f2806x/</path>
         <kind>archive</kind>
         <file>2806xRevB_FastSpinROMSymbols_fpu32.lib</file>
         <name>TMS320x2806x_REVB_boot_rom_out__EST_getFlux_pu_tmp.obj</name>
      </input_file>
      <input_file id="fl-37">
         <path>/Users/paiva/Documents/ti/motorware_1_01_00_18/sw/modules/fast/lib/32b/f28x/f2806x/</path>
         <kind>archive</kind>
         <file>2806xRevB_FastSpinROMSymbols_fpu32.lib</file>
         <name>TMS320x2806x_REVB_boot_rom_out__EST_getFm_pu_tmp.obj</name>
      </input_file>
      <input_file id="fl-38">
         <path>/Users/paiva/Documents/ti/motorware_1_01_00_18/sw/modules/fast/lib/32b/f28x/f2806x/</path>
         <kind>archive</kind>
         <file>2806xRevB_FastSpinROMSymbols_fpu32.lib</file>
         <name>TMS320x2806x_REVB_boot_rom_out__EST_getIdRated_tmp.obj</name>
      </input_file>
      <input_file id="fl-39">
         <path>/Users/paiva/Documents/ti/motorware_1_01_00_18/sw/modules/fast/lib/32b/f28x/f2806x/</path>
         <kind>archive</kind>
         <file>2806xRevB_FastSpinROMSymbols_fpu32.lib</file>
         <name>TMS320x2806x_REVB_boot_rom_out__EST_getLs_coarse_max_pu_tmp.obj</name>
      </input_file>
      <input_file id="fl-3a">
         <path>/Users/paiva/Documents/ti/motorware_1_01_00_18/sw/modules/fast/lib/32b/f28x/f2806x/</path>
         <kind>archive</kind>
         <file>2806xRevB_FastSpinROMSymbols_fpu32.lib</file>
         <name>TMS320x2806x_REVB_boot_rom_out__EST_getLs_d_H_tmp.obj</name>
      </input_file>
      <input_file id="fl-3b">
         <path>/Users/paiva/Documents/ti/motorware_1_01_00_18/sw/modules/fast/lib/32b/f28x/f2806x/</path>
         <kind>archive</kind>
         <file>2806xRevB_FastSpinROMSymbols_fpu32.lib</file>
         <name>TMS320x2806x_REVB_boot_rom_out__EST_getLs_d_pu_tmp.obj</name>
      </input_file>
      <input_file id="fl-3c">
         <path>/Users/paiva/Documents/ti/motorware_1_01_00_18/sw/modules/fast/lib/32b/f28x/f2806x/</path>
         <kind>archive</kind>
         <file>2806xRevB_FastSpinROMSymbols_fpu32.lib</file>
         <name>TMS320x2806x_REVB_boot_rom_out__EST_getLs_q_H_tmp.obj</name>
      </input_file>
      <input_file id="fl-3d">
         <path>/Users/paiva/Documents/ti/motorware_1_01_00_18/sw/modules/fast/lib/32b/f28x/f2806x/</path>
         <kind>archive</kind>
         <file>2806xRevB_FastSpinROMSymbols_fpu32.lib</file>
         <name>TMS320x2806x_REVB_boot_rom_out__EST_getLs_q_pu_tmp.obj</name>
      </input_file>
      <input_file id="fl-3e">
         <path>/Users/paiva/Documents/ti/motorware_1_01_00_18/sw/modules/fast/lib/32b/f28x/f2806x/</path>
         <kind>archive</kind>
         <file>2806xRevB_FastSpinROMSymbols_fpu32.lib</file>
         <name>TMS320x2806x_REVB_boot_rom_out__EST_getMaxCurrentSlope_pu_tmp.obj</name>
      </input_file>
      <input_file id="fl-3f">
         <path>/Users/paiva/Documents/ti/motorware_1_01_00_18/sw/modules/fast/lib/32b/f28x/f2806x/</path>
         <kind>archive</kind>
         <file>2806xRevB_FastSpinROMSymbols_fpu32.lib</file>
         <name>TMS320x2806x_REVB_boot_rom_out__EST_getOneOverDcBus_pu_tmp.obj</name>
      </input_file>
      <input_file id="fl-40">
         <path>/Users/paiva/Documents/ti/motorware_1_01_00_18/sw/modules/fast/lib/32b/f28x/f2806x/</path>
         <kind>archive</kind>
         <file>2806xRevB_FastSpinROMSymbols_fpu32.lib</file>
         <name>TMS320x2806x_REVB_boot_rom_out__EST_getRr_Ohm_tmp.obj</name>
      </input_file>
      <input_file id="fl-41">
         <path>/Users/paiva/Documents/ti/motorware_1_01_00_18/sw/modules/fast/lib/32b/f28x/f2806x/</path>
         <kind>archive</kind>
         <file>2806xRevB_FastSpinROMSymbols_fpu32.lib</file>
         <name>TMS320x2806x_REVB_boot_rom_out__EST_getRs_Ohm_tmp.obj</name>
      </input_file>
      <input_file id="fl-42">
         <path>/Users/paiva/Documents/ti/motorware_1_01_00_18/sw/modules/fast/lib/32b/f28x/f2806x/</path>
         <kind>archive</kind>
         <file>2806xRevB_FastSpinROMSymbols_fpu32.lib</file>
         <name>TMS320x2806x_REVB_boot_rom_out__EST_getSpeed_krpm_tmp.obj</name>
      </input_file>
      <input_file id="fl-43">
         <path>/Users/paiva/Documents/ti/motorware_1_01_00_18/sw/modules/fast/lib/32b/f28x/f2806x/</path>
         <kind>archive</kind>
         <file>2806xRevB_FastSpinROMSymbols_fpu32.lib</file>
         <name>TMS320x2806x_REVB_boot_rom_out__EST_getState_tmp.obj</name>
      </input_file>
      <input_file id="fl-44">
         <path>/Users/paiva/Documents/ti/motorware_1_01_00_18/sw/modules/fast/lib/32b/f28x/f2806x/</path>
         <kind>archive</kind>
         <file>2806xRevB_FastSpinROMSymbols_fpu32.lib</file>
         <name>TMS320x2806x_REVB_boot_rom_out__EST_get_krpm_to_pu_sf_tmp.obj</name>
      </input_file>
      <input_file id="fl-45">
         <path>/Users/paiva/Documents/ti/motorware_1_01_00_18/sw/modules/fast/lib/32b/f28x/f2806x/</path>
         <kind>archive</kind>
         <file>2806xRevB_FastSpinROMSymbols_fpu32.lib</file>
         <name>TMS320x2806x_REVB_boot_rom_out__EST_get_pu_to_krpm_sf_tmp.obj</name>
      </input_file>
      <input_file id="fl-46">
         <path>/Users/paiva/Documents/ti/motorware_1_01_00_18/sw/modules/fast/lib/32b/f28x/f2806x/</path>
         <kind>archive</kind>
         <file>2806xRevB_FastSpinROMSymbols_fpu32.lib</file>
         <name>TMS320x2806x_REVB_boot_rom_out__EST_isError_tmp.obj</name>
      </input_file>
      <input_file id="fl-47">
         <path>/Users/paiva/Documents/ti/motorware_1_01_00_18/sw/modules/fast/lib/32b/f28x/f2806x/</path>
         <kind>archive</kind>
         <file>2806xRevB_FastSpinROMSymbols_fpu32.lib</file>
         <name>TMS320x2806x_REVB_boot_rom_out__EST_isIdle_tmp.obj</name>
      </input_file>
      <input_file id="fl-48">
         <path>/Users/paiva/Documents/ti/motorware_1_01_00_18/sw/modules/fast/lib/32b/f28x/f2806x/</path>
         <kind>archive</kind>
         <file>2806xRevB_FastSpinROMSymbols_fpu32.lib</file>
         <name>TMS320x2806x_REVB_boot_rom_out__EST_isLockRotor_tmp.obj</name>
      </input_file>
      <input_file id="fl-49">
         <path>/Users/paiva/Documents/ti/motorware_1_01_00_18/sw/modules/fast/lib/32b/f28x/f2806x/</path>
         <kind>archive</kind>
         <file>2806xRevB_FastSpinROMSymbols_fpu32.lib</file>
         <name>TMS320x2806x_REVB_boot_rom_out__EST_isMotorIdentified_tmp.obj</name>
      </input_file>
      <input_file id="fl-4a">
         <path>/Users/paiva/Documents/ti/motorware_1_01_00_18/sw/modules/fast/lib/32b/f28x/f2806x/</path>
         <kind>archive</kind>
         <file>2806xRevB_FastSpinROMSymbols_fpu32.lib</file>
         <name>TMS320x2806x_REVB_boot_rom_out__EST_isOnLine_tmp.obj</name>
      </input_file>
      <input_file id="fl-4b">
         <path>/Users/paiva/Documents/ti/motorware_1_01_00_18/sw/modules/fast/lib/32b/f28x/f2806x/</path>
         <kind>archive</kind>
         <file>2806xRevB_FastSpinROMSymbols_fpu32.lib</file>
         <name>TMS320x2806x_REVB_boot_rom_out__EST_run_tmp.obj</name>
      </input_file>
      <input_file id="fl-4c">
         <path>/Users/paiva/Documents/ti/motorware_1_01_00_18/sw/modules/fast/lib/32b/f28x/f2806x/</path>
         <kind>archive</kind>
         <file>2806xRevB_FastSpinROMSymbols_fpu32.lib</file>
         <name>TMS320x2806x_REVB_boot_rom_out__EST_setDir_qFmt_tmp.obj</name>
      </input_file>
      <input_file id="fl-4d">
         <path>/Users/paiva/Documents/ti/motorware_1_01_00_18/sw/modules/fast/lib/32b/f28x/f2806x/</path>
         <kind>archive</kind>
         <file>2806xRevB_FastSpinROMSymbols_fpu32.lib</file>
         <name>TMS320x2806x_REVB_boot_rom_out__EST_setFe_neg_max_pu_tmp.obj</name>
      </input_file>
      <input_file id="fl-4e">
         <path>/Users/paiva/Documents/ti/motorware_1_01_00_18/sw/modules/fast/lib/32b/f28x/f2806x/</path>
         <kind>archive</kind>
         <file>2806xRevB_FastSpinROMSymbols_fpu32.lib</file>
         <name>TMS320x2806x_REVB_boot_rom_out__EST_setFe_pos_min_pu_tmp.obj</name>
      </input_file>
      <input_file id="fl-4f">
         <path>/Users/paiva/Documents/ti/motorware_1_01_00_18/sw/modules/fast/lib/32b/f28x/f2806x/</path>
         <kind>archive</kind>
         <file>2806xRevB_FastSpinROMSymbols_fpu32.lib</file>
         <name>TMS320x2806x_REVB_boot_rom_out__EST_setFlag_enableForceAngle_tmp.obj</name>
      </input_file>
      <input_file id="fl-50">
         <path>/Users/paiva/Documents/ti/motorware_1_01_00_18/sw/modules/fast/lib/32b/f28x/f2806x/</path>
         <kind>archive</kind>
         <file>2806xRevB_FastSpinROMSymbols_fpu32.lib</file>
         <name>TMS320x2806x_REVB_boot_rom_out__EST_setId_ref_pu_tmp.obj</name>
      </input_file>
      <input_file id="fl-51">
         <path>/Users/paiva/Documents/ti/motorware_1_01_00_18/sw/modules/fast/lib/32b/f28x/f2806x/</path>
         <kind>archive</kind>
         <file>2806xRevB_FastSpinROMSymbols_fpu32.lib</file>
         <name>TMS320x2806x_REVB_boot_rom_out__EST_setIdle_tmp.obj</name>
      </input_file>
      <input_file id="fl-52">
         <path>/Users/paiva/Documents/ti/motorware_1_01_00_18/sw/modules/fast/lib/32b/f28x/f2806x/</path>
         <kind>archive</kind>
         <file>2806xRevB_FastSpinROMSymbols_fpu32.lib</file>
         <name>TMS320x2806x_REVB_boot_rom_out__EST_setIdle_all_tmp.obj</name>
      </input_file>
      <input_file id="fl-53">
         <path>/Users/paiva/Documents/ti/motorware_1_01_00_18/sw/modules/fast/lib/32b/f28x/f2806x/</path>
         <kind>archive</kind>
         <file>2806xRevB_FastSpinROMSymbols_fpu32.lib</file>
         <name>TMS320x2806x_REVB_boot_rom_out__EST_setIq_ref_pu_tmp.obj</name>
      </input_file>
      <input_file id="fl-54">
         <path>/Users/paiva/Documents/ti/motorware_1_01_00_18/sw/modules/fast/lib/32b/f28x/f2806x/</path>
         <kind>archive</kind>
         <file>2806xRevB_FastSpinROMSymbols_fpu32.lib</file>
         <name>TMS320x2806x_REVB_boot_rom_out__EST_setLs_d_pu_tmp.obj</name>
      </input_file>
      <input_file id="fl-55">
         <path>/Users/paiva/Documents/ti/motorware_1_01_00_18/sw/modules/fast/lib/32b/f28x/f2806x/</path>
         <kind>archive</kind>
         <file>2806xRevB_FastSpinROMSymbols_fpu32.lib</file>
         <name>TMS320x2806x_REVB_boot_rom_out__EST_setLs_qFmt_tmp.obj</name>
      </input_file>
      <input_file id="fl-56">
         <path>/Users/paiva/Documents/ti/motorware_1_01_00_18/sw/modules/fast/lib/32b/f28x/f2806x/</path>
         <kind>archive</kind>
         <file>2806xRevB_FastSpinROMSymbols_fpu32.lib</file>
         <name>TMS320x2806x_REVB_boot_rom_out__EST_setLs_q_pu_tmp.obj</name>
      </input_file>
      <input_file id="fl-57">
         <path>/Users/paiva/Documents/ti/motorware_1_01_00_18/sw/modules/fast/lib/32b/f28x/f2806x/</path>
         <kind>archive</kind>
         <file>2806xRevB_FastSpinROMSymbols_fpu32.lib</file>
         <name>TMS320x2806x_REVB_boot_rom_out__EST_setMaxCurrentSlope_pu_tmp.obj</name>
      </input_file>
      <input_file id="fl-58">
         <path>/Users/paiva/Documents/ti/motorware_1_01_00_18/sw/modules/fast/lib/32b/f28x/f2806x/</path>
         <kind>archive</kind>
         <file>2806xRevB_FastSpinROMSymbols_fpu32.lib</file>
         <name>TMS320x2806x_REVB_boot_rom_out__EST_setRs_pu_tmp.obj</name>
      </input_file>
      <input_file id="fl-59">
         <path>/Users/paiva/Documents/ti/motorware_1_01_00_18/sw/modules/fast/lib/32b/f28x/f2806x/</path>
         <kind>archive</kind>
         <file>2806xRevB_FastSpinROMSymbols_fpu32.lib</file>
         <name>TMS320x2806x_REVB_boot_rom_out__EST_updateId_ref_pu_tmp.obj</name>
      </input_file>
      <input_file id="fl-5a">
         <path>/Users/paiva/Documents/ti/motorware_1_01_00_18/sw/modules/fast/lib/32b/f28x/f2806x/</path>
         <kind>archive</kind>
         <file>2806xRevB_FastSpinROMSymbols_fpu32.lib</file>
         <name>TMS320x2806x_REVB_boot_rom_out__EST_updateState_tmp.obj</name>
      </input_file>
      <input_file id="fl-5b">
         <path>/Users/paiva/Documents/ti/motorware_1_01_00_18/sw/modules/fast/lib/32b/f28x/f2806x/</path>
         <kind>archive</kind>
         <file>2806xRevB_FastSpinROMSymbols_fpu32.lib</file>
         <name>TMS320x2806x_REVB_boot_rom_out__EST_useZeroIq_ref_tmp.obj</name>
      </input_file>
      <input_file id="fl-5c">
         <path>/Users/paiva/Documents/ti/motorware_1_01_00_18/sw/modules/iqmath/lib/f28x/float/</path>
         <kind>archive</kind>
         <file>IQmath_fpu32.lib</file>
         <name>IQ24cosPU.obj</name>
      </input_file>
      <input_file id="fl-5d">
         <path>/Users/paiva/Documents/ti/motorware_1_01_00_18/sw/modules/iqmath/lib/f28x/float/</path>
         <kind>archive</kind>
         <file>IQmath_fpu32.lib</file>
         <name>IQmathTables.obj</name>
      </input_file>
      <input_file id="fl-5e">
         <path>/Users/paiva/Documents/ti/motorware_1_01_00_18/sw/modules/iqmath/lib/f28x/float/</path>
         <kind>archive</kind>
         <file>IQmath_fpu32.lib</file>
         <name>IQ24sinPU.obj</name>
      </input_file>
      <input_file id="fl-5f">
         <path>/Users/paiva/Documents/ti/motorware_1_01_00_18/sw/modules/iqmath/lib/f28x/float/</path>
         <kind>archive</kind>
         <file>IQmath_fpu32.lib</file>
         <name>IQ24sqrt.obj</name>
      </input_file>
      <input_file id="fl-60">
         <path>/Users/paiva/Documents/ti/motorware_1_01_00_18/sw/modules/iqmath/lib/f28x/float/</path>
         <kind>archive</kind>
         <file>IQmath_fpu32.lib</file>
         <name>IQ30toF.obj</name>
      </input_file>
      <input_file id="fl-61">
         <path>/Applications/ti/ccs1240/ccs/tools/compiler/ti-cgt-c2000_22.6.0.LTS/lib/</path>
         <kind>archive</kind>
         <file>rts2800_fpu32.lib</file>
         <name>boot28.asm.obj</name>
      </input_file>
      <input_file id="fl-62">
         <path>/Applications/ti/ccs1240/ccs/tools/compiler/ti-cgt-c2000_22.6.0.LTS/lib/</path>
         <kind>archive</kind>
         <file>rts2800_fpu32.lib</file>
         <name>args_main.c.obj</name>
      </input_file>
      <input_file id="fl-63">
         <path>/Applications/ti/ccs1240/ccs/tools/compiler/ti-cgt-c2000_22.6.0.LTS/lib/</path>
         <kind>archive</kind>
         <file>rts2800_fpu32.lib</file>
         <name>startup.c.obj</name>
      </input_file>
      <input_file id="fl-64">
         <path>/Applications/ti/ccs1240/ccs/tools/compiler/ti-cgt-c2000_22.6.0.LTS/lib/</path>
         <kind>archive</kind>
         <file>rts2800_fpu32.lib</file>
         <name>pre_init.c.obj</name>
      </input_file>
      <input_file id="fl-65">
         <path>/Applications/ti/ccs1240/ccs/tools/compiler/ti-cgt-c2000_22.6.0.LTS/lib/</path>
         <kind>archive</kind>
         <file>rts2800_fpu32.lib</file>
         <name>s_ceilf.c.obj</name>
      </input_file>
      <input_file id="fl-66">
         <path>/Applications/ti/ccs1240/ccs/tools/compiler/ti-cgt-c2000_22.6.0.LTS/lib/</path>
         <kind>archive</kind>
         <file>rts2800_fpu32.lib</file>
         <name>cpy_tbl.c.obj</name>
      </input_file>
      <input_file id="fl-67">
         <path>/Applications/ti/ccs1240/ccs/tools/compiler/ti-cgt-c2000_22.6.0.LTS/lib/</path>
         <kind>archive</kind>
         <file>rts2800_fpu32.lib</file>
         <name>exit.c.obj</name>
      </input_file>
      <input_file id="fl-68">
         <path>/Applications/ti/ccs1240/ccs/tools/compiler/ti-cgt-c2000_22.6.0.LTS/lib/</path>
         <kind>archive</kind>
         <file>rts2800_fpu32.lib</file>
         <name>_lock.c.obj</name>
      </input_file>
      <input_file id="fl-69">
         <path>/Applications/ti/ccs1240/ccs/tools/compiler/ti-cgt-c2000_22.6.0.LTS/lib/</path>
         <kind>archive</kind>
         <file>rts2800_fpu32.lib</file>
         <name>e_logf.c.obj</name>
      </input_file>
      <input_file id="fl-6a">
         <path>/Applications/ti/ccs1240/ccs/tools/compiler/ti-cgt-c2000_22.6.0.LTS/lib/</path>
         <kind>archive</kind>
         <file>rts2800_fpu32.lib</file>
         <name>errno.c.obj</name>
      </input_file>
      <input_file id="fl-6b">
         <path>/Applications/ti/ccs1240/ccs/tools/compiler/ti-cgt-c2000_22.6.0.LTS/lib/</path>
         <kind>archive</kind>
         <file>rts2800_fpu32.lib</file>
         <name>memcpy.c.obj</name>
      </input_file>
      <input_file id="fl-6c">
         <path>/Applications/ti/ccs1240/ccs/tools/compiler/ti-cgt-c2000_22.6.0.LTS/lib/</path>
         <kind>archive</kind>
         <file>rts2800_fpu32.lib</file>
         <name>e_powf.c.obj</name>
      </input_file>
      <input_file id="fl-6d">
         <path>/Applications/ti/ccs1240/ccs/tools/compiler/ti-cgt-c2000_22.6.0.LTS/lib/</path>
         <kind>archive</kind>
         <file>rts2800_fpu32.lib</file>
         <name>s_scalbnf.c.obj</name>
      </input_file>
      <input_file id="fl-6e">
         <path>/Applications/ti/ccs1240/ccs/tools/compiler/ti-cgt-c2000_22.6.0.LTS/lib/</path>
         <kind>archive</kind>
         <file>rts2800_fpu32.lib</file>
         <name>s_copysignf.c.obj</name>
      </input_file>
      <input_file id="fl-6f">
         <path>/Applications/ti/ccs1240/ccs/tools/compiler/ti-cgt-c2000_22.6.0.LTS/lib/</path>
         <kind>archive</kind>
         <file>rts2800_fpu32.lib</file>
         <name>e_sqrtf.c.obj</name>
      </input_file>
   </input_file_list>
   <object_component_list>
      <object_component id="oc-4a">
         <name>codestart</name>
         <load_address>0x0</load_address>
         <run_address>0x0</run_address>
         <size>0x2</size>
         <input_file_ref idref="fl-5"/>
      </object_component>
      <object_component id="oc-174">
         <name>ramfuncs</name>
         <load_address>0x10f</load_address>
         <run_address>0x10f</run_address>
         <size>0x32</size>
         <input_file_ref idref="fl-d"/>
      </object_component>
      <object_component id="oc-d2">
         <name>ramfuncs</name>
         <load_address>0x141</load_address>
         <run_address>0x141</run_address>
         <size>0x4</size>
         <input_file_ref idref="fl-1e"/>
      </object_component>
      <object_component id="oc-169">
         <name>.text</name>
         <load_address>0x8000</load_address>
         <run_address>0x8000</run_address>
         <size>0xac8</size>
         <input_file_ref idref="fl-f"/>
      </object_component>
      <object_component id="oc-15e">
         <name>.text</name>
         <load_address>0x8ac8</load_address>
         <run_address>0x8ac8</run_address>
         <size>0x9a0</size>
         <input_file_ref idref="fl-a"/>
      </object_component>
      <object_component id="oc-16d">
         <name>.text</name>
         <load_address>0x9468</load_address>
         <run_address>0x9468</run_address>
         <size>0x780</size>
         <input_file_ref idref="fl-b"/>
      </object_component>
      <object_component id="oc-16a">
         <name>.text</name>
         <load_address>0x9be8</load_address>
         <run_address>0x9be8</run_address>
         <size>0x460</size>
         <input_file_ref idref="fl-1f"/>
      </object_component>
      <object_component id="oc-17e">
         <name>.text</name>
         <load_address>0xa048</load_address>
         <run_address>0xa048</run_address>
         <size>0x38c</size>
         <input_file_ref idref="fl-6c"/>
      </object_component>
      <object_component id="oc-160">
         <name>.text</name>
         <load_address>0xa3d4</load_address>
         <run_address>0xa3d4</run_address>
         <size>0x330</size>
         <input_file_ref idref="fl-17"/>
      </object_component>
      <object_component id="oc-171">
         <name>.text</name>
         <load_address>0xa704</load_address>
         <run_address>0xa704</run_address>
         <size>0x303</size>
         <input_file_ref idref="fl-18"/>
      </object_component>
      <object_component id="oc-175">
         <name>.text</name>
         <load_address>0xaa07</load_address>
         <run_address>0xaa07</run_address>
         <size>0x1ed</size>
         <input_file_ref idref="fl-6"/>
      </object_component>
      <object_component id="oc-170">
         <name>.text</name>
         <load_address>0xabf4</load_address>
         <run_address>0xabf4</run_address>
         <size>0x18a</size>
         <input_file_ref idref="fl-8"/>
      </object_component>
      <object_component id="oc-15d">
         <name>.text</name>
         <load_address>0xad7e</load_address>
         <run_address>0xad7e</run_address>
         <size>0x17f</size>
         <input_file_ref idref="fl-e"/>
      </object_component>
      <object_component id="oc-17c">
         <name>.text</name>
         <load_address>0xaefd</load_address>
         <run_address>0xaefd</run_address>
         <size>0x12b</size>
         <input_file_ref idref="fl-69"/>
      </object_component>
      <object_component id="oc-173">
         <name>.text</name>
         <load_address>0xb028</load_address>
         <run_address>0xb028</run_address>
         <size>0xff</size>
         <input_file_ref idref="fl-15"/>
      </object_component>
      <object_component id="oc-15a">
         <name>.text</name>
         <load_address>0xb127</load_address>
         <run_address>0xb127</run_address>
         <size>0x1</size>
         <input_file_ref idref="fl-63"/>
      </object_component>
      <object_component id="oc-ae">
         <name>.text:retain</name>
         <load_address>0xb128</load_address>
         <run_address>0xb128</run_address>
         <size>0xd5</size>
         <input_file_ref idref="fl-17"/>
      </object_component>
      <object_component id="oc-16f">
         <name>.text</name>
         <load_address>0xb1fd</load_address>
         <run_address>0xb1fd</run_address>
         <size>0xa9</size>
         <input_file_ref idref="fl-1a"/>
      </object_component>
      <object_component id="oc-ec">
         <name>.text</name>
         <load_address>0xb2a6</load_address>
         <run_address>0xb2a6</run_address>
         <size>0x88</size>
         <input_file_ref idref="fl-26"/>
      </object_component>
      <object_component id="oc-e2">
         <name>.text</name>
         <load_address>0xb32e</load_address>
         <run_address>0xb32e</run_address>
         <size>0x83</size>
         <input_file_ref idref="fl-24"/>
      </object_component>
      <object_component id="oc-172">
         <name>.text</name>
         <load_address>0xb3b1</load_address>
         <run_address>0xb3b1</run_address>
         <size>0x5b</size>
         <input_file_ref idref="fl-16"/>
      </object_component>
      <object_component id="oc-17d">
         <name>.text</name>
         <load_address>0xb40c</load_address>
         <run_address>0xb40c</run_address>
         <size>0x58</size>
         <input_file_ref idref="fl-65"/>
      </object_component>
      <object_component id="oc-185">
         <name>.text</name>
         <load_address>0xb464</load_address>
         <run_address>0xb464</run_address>
         <size>0x58</size>
         <input_file_ref idref="fl-6d"/>
      </object_component>
      <object_component id="oc-14">
         <name>.text</name>
         <load_address>0xb4bc</load_address>
         <run_address>0xb4bc</run_address>
         <size>0x56</size>
         <input_file_ref idref="fl-61"/>
      </object_component>
      <object_component id="oc-177">
         <name>.text</name>
         <load_address>0xb512</load_address>
         <run_address>0xb512</run_address>
         <size>0x47</size>
         <input_file_ref idref="fl-11"/>
      </object_component>
      <object_component id="oc-179">
         <name>.text</name>
         <load_address>0xb559</load_address>
         <run_address>0xb559</run_address>
         <size>0x46</size>
         <input_file_ref idref="fl-20"/>
      </object_component>
      <object_component id="oc-17b">
         <name>.text</name>
         <load_address>0xb59f</load_address>
         <run_address>0xb59f</run_address>
         <size>0x43</size>
         <input_file_ref idref="fl-19"/>
      </object_component>
      <object_component id="oc-16e">
         <name>.text</name>
         <load_address>0xb5e2</load_address>
         <run_address>0xb5e2</run_address>
         <size>0x32</size>
         <input_file_ref idref="fl-1c"/>
      </object_component>
      <object_component id="oc-176">
         <name>.text</name>
         <load_address>0xb614</load_address>
         <run_address>0xb614</run_address>
         <size>0x2d</size>
         <input_file_ref idref="fl-12"/>
      </object_component>
      <object_component id="oc-15c">
         <name>.text</name>
         <load_address>0xb641</load_address>
         <run_address>0xb641</run_address>
         <size>0x29</size>
         <input_file_ref idref="fl-67"/>
      </object_component>
      <object_component id="oc-181">
         <name>.text</name>
         <load_address>0xb66a</load_address>
         <run_address>0xb66a</run_address>
         <size>0x27</size>
         <input_file_ref idref="fl-6f"/>
      </object_component>
      <object_component id="oc-178">
         <name>.text</name>
         <load_address>0xb691</load_address>
         <run_address>0xb691</run_address>
         <size>0x25</size>
         <input_file_ref idref="fl-9"/>
      </object_component>
      <object_component id="oc-180">
         <name>.text</name>
         <load_address>0xb6b6</load_address>
         <run_address>0xb6b6</run_address>
         <size>0x25</size>
         <input_file_ref idref="fl-c"/>
      </object_component>
      <object_component id="oc-159">
         <name>.text</name>
         <load_address>0xb6db</load_address>
         <run_address>0xb6db</run_address>
         <size>0x24</size>
         <input_file_ref idref="fl-66"/>
      </object_component>
      <object_component id="oc-17a">
         <name>.text</name>
         <load_address>0xb6ff</load_address>
         <run_address>0xb6ff</run_address>
         <size>0x20</size>
         <input_file_ref idref="fl-d"/>
      </object_component>
      <object_component id="oc-e7">
         <name>.text</name>
         <load_address>0xb71f</load_address>
         <run_address>0xb71f</run_address>
         <size>0x1f</size>
         <input_file_ref idref="fl-25"/>
      </object_component>
      <object_component id="oc-15f">
         <name>.text</name>
         <load_address>0xb73e</load_address>
         <run_address>0xb73e</run_address>
         <size>0x1d</size>
         <input_file_ref idref="fl-6b"/>
      </object_component>
      <object_component id="oc-f1">
         <name>.text</name>
         <load_address>0xb75b</load_address>
         <run_address>0xb75b</run_address>
         <size>0x1c</size>
         <input_file_ref idref="fl-27"/>
      </object_component>
      <object_component id="oc-15b">
         <name>.text</name>
         <load_address>0xb777</load_address>
         <run_address>0xb777</run_address>
         <size>0x12</size>
         <input_file_ref idref="fl-62"/>
      </object_component>
      <object_component id="oc-186">
         <name>.text</name>
         <load_address>0xb789</load_address>
         <run_address>0xb789</run_address>
         <size>0x11</size>
         <input_file_ref idref="fl-6e"/>
      </object_component>
      <object_component id="oc-a1">
         <name>.text:retain</name>
         <load_address>0xb79a</load_address>
         <run_address>0xb79a</run_address>
         <size>0xa</size>
         <input_file_ref idref="fl-15"/>
      </object_component>
      <object_component id="oc-16b">
         <name>.text</name>
         <load_address>0xb7a4</load_address>
         <run_address>0xb7a4</run_address>
         <size>0x9</size>
         <input_file_ref idref="fl-68"/>
      </object_component>
      <object_component id="oc-49">
         <name>.text</name>
         <load_address>0xb7ad</load_address>
         <run_address>0xb7ad</run_address>
         <size>0x8</size>
         <input_file_ref idref="fl-5"/>
      </object_component>
      <object_component id="oc-158">
         <name>.text</name>
         <load_address>0xb7b5</load_address>
         <run_address>0xb7b5</run_address>
         <size>0x2</size>
         <input_file_ref idref="fl-64"/>
      </object_component>
      <object_component id="oc-ac">
         <name>.cinit</name>
         <load_address>0x50</load_address>
         <run_address>0x50</run_address>
         <size>0x9d</size>
         <input_file_ref idref="fl-17"/>
      </object_component>
      <object_component id="oc-128">
         <name>.cinit</name>
         <load_address>0xed</load_address>
         <run_address>0xed</run_address>
         <size>0xe</size>
         <input_file_ref idref="fl-67"/>
      </object_component>
      <object_component id="oc-162">
         <name>.cinit:__lock</name>
         <load_address>0xfb</load_address>
         <run_address>0xfb</run_address>
         <size>0x5</size>
         <input_file_ref idref="fl-68"/>
      </object_component>
      <object_component id="oc-16c">
         <name>.cinit:__unlock</name>
         <load_address>0x100</load_address>
         <run_address>0x100</run_address>
         <size>0x5</size>
         <input_file_ref idref="fl-68"/>
      </object_component>
      <object_component id="oc-6b">
         <name>.cinit</name>
         <load_address>0x105</load_address>
         <run_address>0x105</run_address>
         <size>0x4</size>
         <input_file_ref idref="fl-b"/>
      </object_component>
      <object_component id="oc-13a">
         <name>.cinit</name>
         <load_address>0x109</load_address>
         <run_address>0x109</run_address>
         <size>0x4</size>
         <input_file_ref idref="fl-6a"/>
      </object_component>
      <object_component id="oc-108">
         <name>.reset</name>
         <load_address>0x3fffc0</load_address>
         <run_address>0x3fffc0</run_address>
         <size>0x2</size>
         <input_file_ref idref="fl-61"/>
      </object_component>
      <object_component id="oc-107">
         <name>.stack</name>
         <uninitialized>true</uninitialized>
         <run_address>0x400</run_address>
         <size>0x0</size>
         <input_file_ref idref="fl-61"/>
      </object_component>
      <object_component id="oc-1a4">
         <name>.stack</name>
         <uninitialized>true</uninitialized>
         <run_address>0x400</run_address>
         <size>0x0</size>
      </object_component>
      <object_component id="oc-5f">
         <name>.ebss</name>
         <uninitialized>true</uninitialized>
         <run_address>0xb9b0</run_address>
         <size>0x1</size>
         <input_file_ref idref="fl-9"/>
      </object_component>
      <object_component id="oc-6c">
         <name>.ebss</name>
         <uninitialized>true</uninitialized>
         <run_address>0xb9ae</run_address>
         <size>0x2</size>
         <input_file_ref idref="fl-b"/>
      </object_component>
      <object_component id="oc-81">
         <name>.ebss</name>
         <uninitialized>true</uninitialized>
         <run_address>0xb9c0</run_address>
         <size>0xa8</size>
         <input_file_ref idref="fl-f"/>
      </object_component>
      <object_component id="oc-ad">
         <name>.ebss</name>
         <uninitialized>true</uninitialized>
         <run_address>0xb7c0</run_address>
         <size>0x1ec</size>
         <input_file_ref idref="fl-17"/>
      </object_component>
      <object_component id="oc-129">
         <name>.ebss</name>
         <uninitialized>true</uninitialized>
         <run_address>0xb7b8</run_address>
         <size>0x6</size>
         <input_file_ref idref="fl-67"/>
      </object_component>
      <object_component id="oc-161">
         <name>.ebss:__lock</name>
         <uninitialized>true</uninitialized>
         <run_address>0xb7be</run_address>
         <size>0x2</size>
         <input_file_ref idref="fl-68"/>
      </object_component>
      <object_component id="oc-17f">
         <name>.ebss:__unlock</name>
         <uninitialized>true</uninitialized>
         <run_address>0xb9ac</run_address>
         <size>0x2</size>
         <input_file_ref idref="fl-68"/>
      </object_component>
      <object_component id="oc-13b">
         <name>.ebss</name>
         <uninitialized>true</uninitialized>
         <run_address>0xb9b1</run_address>
         <size>0x1</size>
         <input_file_ref idref="fl-6a"/>
      </object_component>
      <object_component id="oc-143">
         <name>.econst</name>
         <load_address>0xbb10</load_address>
         <run_address>0xbb10</run_address>
         <size>0x32</size>
         <input_file_ref idref="fl-6c"/>
      </object_component>
      <object_component id="oc-134">
         <name>.econst</name>
         <load_address>0xbb42</load_address>
         <run_address>0xbb42</run_address>
         <size>0x10</size>
         <input_file_ref idref="fl-69"/>
      </object_component>
      <object_component id="oc-d8">
         <name>.econst</name>
         <load_address>0xbb52</load_address>
         <run_address>0xbb52</run_address>
         <size>0x8</size>
         <input_file_ref idref="fl-1f"/>
      </object_component>
      <object_component id="oc-149">
         <name>.econst</name>
         <load_address>0xbb5a</load_address>
         <run_address>0xbb5a</run_address>
         <size>0x6</size>
         <input_file_ref idref="fl-6d"/>
      </object_component>
      <object_component id="oc-163">
         <name>.econst:_$P$T0$1</name>
         <load_address>0xbb60</load_address>
         <run_address>0xbb60</run_address>
         <size>0x4</size>
         <input_file_ref idref="fl-a"/>
      </object_component>
      <object_component id="oc-164">
         <name>.econst:_$P$T1$2</name>
         <load_address>0xbb64</load_address>
         <run_address>0xbb64</run_address>
         <size>0x4</size>
         <input_file_ref idref="fl-a"/>
      </object_component>
      <object_component id="oc-165">
         <name>.econst:_$P$T2$3</name>
         <load_address>0xbb68</load_address>
         <run_address>0xbb68</run_address>
         <size>0x4</size>
         <input_file_ref idref="fl-a"/>
      </object_component>
      <object_component id="oc-166">
         <name>.econst:_$P$T3$4</name>
         <load_address>0xbb6c</load_address>
         <run_address>0xbb6c</run_address>
         <size>0x4</size>
         <input_file_ref idref="fl-a"/>
      </object_component>
      <object_component id="oc-167">
         <name>.econst:_$P$T4$5</name>
         <load_address>0xbb70</load_address>
         <run_address>0xbb70</run_address>
         <size>0x4</size>
         <input_file_ref idref="fl-a"/>
      </object_component>
      <object_component id="oc-168">
         <name>.econst:_$P$T5$6</name>
         <load_address>0xbb74</load_address>
         <run_address>0xbb74</run_address>
         <size>0x4</size>
         <input_file_ref idref="fl-a"/>
      </object_component>
      <object_component id="oc-182">
         <name>.econst:_bp</name>
         <load_address>0xbb78</load_address>
         <run_address>0xbb78</run_address>
         <size>0x4</size>
         <input_file_ref idref="fl-6c"/>
      </object_component>
      <object_component id="oc-184">
         <name>.econst:_dp_h</name>
         <load_address>0xbb7c</load_address>
         <run_address>0xbb7c</run_address>
         <size>0x4</size>
         <input_file_ref idref="fl-6c"/>
      </object_component>
      <object_component id="oc-183">
         <name>.econst:_dp_l</name>
         <load_address>0xbb80</load_address>
         <run_address>0xbb80</run_address>
         <size>0x4</size>
         <input_file_ref idref="fl-6c"/>
      </object_component>
      <object_component id="oc-65">
         <name>.econst</name>
         <load_address>0xbb84</load_address>
         <run_address>0xbb84</run_address>
         <size>0x4</size>
         <input_file_ref idref="fl-a"/>
      </object_component>
      <object_component id="oc-82">
         <name>.econst</name>
         <load_address>0xbb88</load_address>
         <run_address>0xbb88</run_address>
         <size>0x4</size>
         <input_file_ref idref="fl-f"/>
      </object_component>
      <object_component id="oc-af">
         <name>.econst</name>
         <load_address>0xbb8c</load_address>
         <run_address>0xbb8c</run_address>
         <size>0x4</size>
         <input_file_ref idref="fl-17"/>
      </object_component>
      <object_component id="oc-11d">
         <name>.econst</name>
         <load_address>0xbb90</load_address>
         <run_address>0xbb90</run_address>
         <size>0x2</size>
         <input_file_ref idref="fl-65"/>
      </object_component>
      <object_component id="oc-ff">
         <name>IQmath</name>
         <load_address>0xba68</load_address>
         <run_address>0xba68</run_address>
         <size>0x42</size>
         <input_file_ref idref="fl-5f"/>
      </object_component>
      <object_component id="oc-fb">
         <name>IQmath</name>
         <load_address>0xbaaa</load_address>
         <run_address>0xbaaa</run_address>
         <size>0x29</size>
         <input_file_ref idref="fl-5e"/>
      </object_component>
      <object_component id="oc-f6">
         <name>IQmath</name>
         <load_address>0xbad3</load_address>
         <run_address>0xbad3</run_address>
         <size>0x27</size>
         <input_file_ref idref="fl-5c"/>
      </object_component>
      <object_component id="oc-103">
         <name>IQmath</name>
         <load_address>0xbafa</load_address>
         <run_address>0xbafa</run_address>
         <size>0x16</size>
         <input_file_ref idref="fl-60"/>
      </object_component>
      <object_component id="oc-fa">
         <name>IQmathTables</name>
         <load_address>0x3fdc30</load_address>
         <run_address>0x3fdc30</run_address>
         <size>0xb50</size>
         <input_file_ref idref="fl-5d"/>
      </object_component>
      <object_component id="oc-4b">
         <name>.debug_line</name>
         <load_address>0x0</load_address>
         <run_address>0x0</run_address>
         <size>0xaa</size>
         <input_file_ref idref="fl-5"/>
      </object_component>
      <object_component id="oc-51">
         <name>.debug_line</name>
         <load_address>0xaa</load_address>
         <run_address>0xaa</run_address>
         <size>0x37a</size>
         <input_file_ref idref="fl-6"/>
      </object_component>
      <object_component id="oc-56">
         <name>.debug_line</name>
         <load_address>0x424</load_address>
         <run_address>0x424</run_address>
         <size>0x72</size>
         <input_file_ref idref="fl-7"/>
      </object_component>
      <object_component id="oc-5b">
         <name>.debug_line</name>
         <load_address>0x496</load_address>
         <run_address>0x496</run_address>
         <size>0x590</size>
         <input_file_ref idref="fl-8"/>
      </object_component>
      <object_component id="oc-61">
         <name>.debug_line</name>
         <load_address>0xa26</load_address>
         <run_address>0xa26</run_address>
         <size>0x157</size>
         <input_file_ref idref="fl-9"/>
      </object_component>
      <object_component id="oc-67">
         <name>.debug_line</name>
         <load_address>0xb7d</load_address>
         <run_address>0xb7d</run_address>
         <size>0x1605</size>
         <input_file_ref idref="fl-a"/>
      </object_component>
      <object_component id="oc-6e">
         <name>.debug_line</name>
         <load_address>0x2182</load_address>
         <run_address>0x2182</run_address>
         <size>0x9e5</size>
         <input_file_ref idref="fl-b"/>
      </object_component>
      <object_component id="oc-73">
         <name>.debug_line</name>
         <load_address>0x2b67</load_address>
         <run_address>0x2b67</run_address>
         <size>0x11a</size>
         <input_file_ref idref="fl-c"/>
      </object_component>
      <object_component id="oc-78">
         <name>.debug_line</name>
         <load_address>0x2c81</load_address>
         <run_address>0x2c81</run_address>
         <size>0x1df</size>
         <input_file_ref idref="fl-d"/>
      </object_component>
      <object_component id="oc-7d">
         <name>.debug_line</name>
         <load_address>0x2e60</load_address>
         <run_address>0x2e60</run_address>
         <size>0x28e</size>
         <input_file_ref idref="fl-e"/>
      </object_component>
      <object_component id="oc-84">
         <name>.debug_line</name>
         <load_address>0x30ee</load_address>
         <run_address>0x30ee</run_address>
         <size>0xde6</size>
         <input_file_ref idref="fl-f"/>
      </object_component>
      <object_component id="oc-89">
         <name>.debug_line</name>
         <load_address>0x3ed4</load_address>
         <run_address>0x3ed4</run_address>
         <size>0x70</size>
         <input_file_ref idref="fl-10"/>
      </object_component>
      <object_component id="oc-8e">
         <name>.debug_line</name>
         <load_address>0x3f44</load_address>
         <run_address>0x3f44</run_address>
         <size>0xfb</size>
         <input_file_ref idref="fl-11"/>
      </object_component>
      <object_component id="oc-93">
         <name>.debug_line</name>
         <load_address>0x403f</load_address>
         <run_address>0x403f</run_address>
         <size>0xe1</size>
         <input_file_ref idref="fl-12"/>
      </object_component>
      <object_component id="oc-98">
         <name>.debug_line</name>
         <load_address>0x4120</load_address>
         <run_address>0x4120</run_address>
         <size>0x6e</size>
         <input_file_ref idref="fl-13"/>
      </object_component>
      <object_component id="oc-9d">
         <name>.debug_line</name>
         <load_address>0x418e</load_address>
         <run_address>0x418e</run_address>
         <size>0xbb</size>
         <input_file_ref idref="fl-14"/>
      </object_component>
      <object_component id="oc-a3">
         <name>.debug_line</name>
         <load_address>0x4249</load_address>
         <run_address>0x4249</run_address>
         <size>0x307</size>
         <input_file_ref idref="fl-15"/>
      </object_component>
      <object_component id="oc-a8">
         <name>.debug_line</name>
         <load_address>0x4550</load_address>
         <run_address>0x4550</run_address>
         <size>0x1ee</size>
         <input_file_ref idref="fl-16"/>
      </object_component>
      <object_component id="oc-b1">
         <name>.debug_line</name>
         <load_address>0x473e</load_address>
         <run_address>0x473e</run_address>
         <size>0x8b3</size>
         <input_file_ref idref="fl-17"/>
      </object_component>
      <object_component id="oc-b6">
         <name>.debug_line</name>
         <load_address>0x4ff1</load_address>
         <run_address>0x4ff1</run_address>
         <size>0xa5b</size>
         <input_file_ref idref="fl-18"/>
      </object_component>
      <object_component id="oc-bb">
         <name>.debug_line</name>
         <load_address>0x5a4c</load_address>
         <run_address>0x5a4c</run_address>
         <size>0x117</size>
         <input_file_ref idref="fl-19"/>
      </object_component>
      <object_component id="oc-c0">
         <name>.debug_line</name>
         <load_address>0x5b63</load_address>
         <run_address>0x5b63</run_address>
         <size>0x427</size>
         <input_file_ref idref="fl-1a"/>
      </object_component>
      <object_component id="oc-c5">
         <name>.debug_line</name>
         <load_address>0x5f8a</load_address>
         <run_address>0x5f8a</run_address>
         <size>0x70</size>
         <input_file_ref idref="fl-1b"/>
      </object_component>
      <object_component id="oc-ca">
         <name>.debug_line</name>
         <load_address>0x5ffa</load_address>
         <run_address>0x5ffa</run_address>
         <size>0x12c</size>
         <input_file_ref idref="fl-1c"/>
      </object_component>
      <object_component id="oc-cf">
         <name>.debug_line</name>
         <load_address>0x6126</load_address>
         <run_address>0x6126</run_address>
         <size>0x6e</size>
         <input_file_ref idref="fl-1d"/>
      </object_component>
      <object_component id="oc-d3">
         <name>.debug_line</name>
         <load_address>0x6194</load_address>
         <run_address>0x6194</run_address>
         <size>0x8b</size>
         <input_file_ref idref="fl-1e"/>
      </object_component>
      <object_component id="oc-da">
         <name>.debug_line</name>
         <load_address>0x621f</load_address>
         <run_address>0x621f</run_address>
         <size>0x4a6</size>
         <input_file_ref idref="fl-1f"/>
      </object_component>
      <object_component id="oc-df">
         <name>.debug_line</name>
         <load_address>0x66c5</load_address>
         <run_address>0x66c5</run_address>
         <size>0x176</size>
         <input_file_ref idref="fl-20"/>
      </object_component>
      <object_component id="oc-e4">
         <name>.debug_line</name>
         <load_address>0x683b</load_address>
         <run_address>0x683b</run_address>
         <size>0xa2</size>
         <input_file_ref idref="fl-24"/>
      </object_component>
      <object_component id="oc-e9">
         <name>.debug_line</name>
         <load_address>0x68dd</load_address>
         <run_address>0x68dd</run_address>
         <size>0x58</size>
         <input_file_ref idref="fl-25"/>
      </object_component>
      <object_component id="oc-ee">
         <name>.debug_line</name>
         <load_address>0x6935</load_address>
         <run_address>0x6935</run_address>
         <size>0xad</size>
         <input_file_ref idref="fl-26"/>
      </object_component>
      <object_component id="oc-f3">
         <name>.debug_line</name>
         <load_address>0x69e2</load_address>
         <run_address>0x69e2</run_address>
         <size>0x58</size>
         <input_file_ref idref="fl-27"/>
      </object_component>
      <object_component id="oc-f8">
         <name>.debug_line</name>
         <load_address>0x6a3a</load_address>
         <run_address>0x6a3a</run_address>
         <size>0x5e</size>
         <input_file_ref idref="fl-5c"/>
      </object_component>
      <object_component id="oc-fd">
         <name>.debug_line</name>
         <load_address>0x6a98</load_address>
         <run_address>0x6a98</run_address>
         <size>0x60</size>
         <input_file_ref idref="fl-5e"/>
      </object_component>
      <object_component id="oc-101">
         <name>.debug_line</name>
         <load_address>0x6af8</load_address>
         <run_address>0x6af8</run_address>
         <size>0x6f</size>
         <input_file_ref idref="fl-5f"/>
      </object_component>
      <object_component id="oc-105">
         <name>.debug_line</name>
         <load_address>0x6b67</load_address>
         <run_address>0x6b67</run_address>
         <size>0x52</size>
         <input_file_ref idref="fl-60"/>
      </object_component>
      <object_component id="oc-10a">
         <name>.debug_line</name>
         <load_address>0x6bb9</load_address>
         <run_address>0x6bb9</run_address>
         <size>0x7e</size>
         <input_file_ref idref="fl-61"/>
      </object_component>
      <object_component id="oc-10f">
         <name>.debug_line</name>
         <load_address>0x6c37</load_address>
         <run_address>0x6c37</run_address>
         <size>0x4f</size>
         <input_file_ref idref="fl-62"/>
      </object_component>
      <object_component id="oc-114">
         <name>.debug_line</name>
         <load_address>0x6c86</load_address>
         <run_address>0x6c86</run_address>
         <size>0x3a</size>
         <input_file_ref idref="fl-63"/>
      </object_component>
      <object_component id="oc-119">
         <name>.debug_line</name>
         <load_address>0x6cc0</load_address>
         <run_address>0x6cc0</run_address>
         <size>0x3e</size>
         <input_file_ref idref="fl-64"/>
      </object_component>
      <object_component id="oc-11f">
         <name>.debug_line</name>
         <load_address>0x6cfe</load_address>
         <run_address>0x6cfe</run_address>
         <size>0x7d</size>
         <input_file_ref idref="fl-65"/>
      </object_component>
      <object_component id="oc-124">
         <name>.debug_line</name>
         <load_address>0x6d7b</load_address>
         <run_address>0x6d7b</run_address>
         <size>0x50</size>
         <input_file_ref idref="fl-66"/>
      </object_component>
      <object_component id="oc-12b">
         <name>.debug_line</name>
         <load_address>0x6dcb</load_address>
         <run_address>0x6dcb</run_address>
         <size>0x65</size>
         <input_file_ref idref="fl-67"/>
      </object_component>
      <object_component id="oc-130">
         <name>.debug_line</name>
         <load_address>0x6e30</load_address>
         <run_address>0x6e30</run_address>
         <size>0x5e</size>
         <input_file_ref idref="fl-68"/>
      </object_component>
      <object_component id="oc-136">
         <name>.debug_line</name>
         <load_address>0x6e8e</load_address>
         <run_address>0x6e8e</run_address>
         <size>0xd4</size>
         <input_file_ref idref="fl-69"/>
      </object_component>
      <object_component id="oc-13f">
         <name>.debug_line</name>
         <load_address>0x6f62</load_address>
         <run_address>0x6f62</run_address>
         <size>0x62</size>
         <input_file_ref idref="fl-6b"/>
      </object_component>
      <object_component id="oc-145">
         <name>.debug_line</name>
         <load_address>0x6fc4</load_address>
         <run_address>0x6fc4</run_address>
         <size>0x205</size>
         <input_file_ref idref="fl-6c"/>
      </object_component>
      <object_component id="oc-14b">
         <name>.debug_line</name>
         <load_address>0x71c9</load_address>
         <run_address>0x71c9</run_address>
         <size>0x6e</size>
         <input_file_ref idref="fl-6d"/>
      </object_component>
      <object_component id="oc-150">
         <name>.debug_line</name>
         <load_address>0x7237</load_address>
         <run_address>0x7237</run_address>
         <size>0x41</size>
         <input_file_ref idref="fl-6e"/>
      </object_component>
      <object_component id="oc-155">
         <name>.debug_line</name>
         <load_address>0x7278</load_address>
         <run_address>0x7278</run_address>
         <size>0x57</size>
         <input_file_ref idref="fl-6f"/>
      </object_component>
      <object_component id="oc-4c">
         <name>.debug_info</name>
         <load_address>0x0</load_address>
         <run_address>0x0</run_address>
         <size>0x259</size>
         <input_file_ref idref="fl-5"/>
      </object_component>
      <object_component id="oc-4f">
         <name>.debug_info</name>
         <load_address>0x259</load_address>
         <run_address>0x259</run_address>
         <size>0x4718</size>
         <input_file_ref idref="fl-6"/>
      </object_component>
      <object_component id="oc-54">
         <name>.debug_info</name>
         <load_address>0x4971</load_address>
         <run_address>0x4971</run_address>
         <size>0x4a5</size>
         <input_file_ref idref="fl-7"/>
      </object_component>
      <object_component id="oc-59">
         <name>.debug_info</name>
         <load_address>0x4e16</load_address>
         <run_address>0x4e16</run_address>
         <size>0x4f79</size>
         <input_file_ref idref="fl-8"/>
      </object_component>
      <object_component id="oc-5e">
         <name>.debug_info</name>
         <load_address>0x9d8f</load_address>
         <run_address>0x9d8f</run_address>
         <size>0x11d7</size>
         <input_file_ref idref="fl-9"/>
      </object_component>
      <object_component id="oc-64">
         <name>.debug_info</name>
         <load_address>0xaf66</load_address>
         <run_address>0xaf66</run_address>
         <size>0x9d5c</size>
         <input_file_ref idref="fl-a"/>
      </object_component>
      <object_component id="oc-6a">
         <name>.debug_info</name>
         <load_address>0x14cc2</load_address>
         <run_address>0x14cc2</run_address>
         <size>0x888f</size>
         <input_file_ref idref="fl-b"/>
      </object_component>
      <object_component id="oc-71">
         <name>.debug_info</name>
         <load_address>0x1d551</load_address>
         <run_address>0x1d551</run_address>
         <size>0xdf0</size>
         <input_file_ref idref="fl-c"/>
      </object_component>
      <object_component id="oc-76">
         <name>.debug_info</name>
         <load_address>0x1e341</load_address>
         <run_address>0x1e341</run_address>
         <size>0x2223</size>
         <input_file_ref idref="fl-d"/>
      </object_component>
      <object_component id="oc-7b">
         <name>.debug_info</name>
         <load_address>0x20564</load_address>
         <run_address>0x20564</run_address>
         <size>0x38e8</size>
         <input_file_ref idref="fl-e"/>
      </object_component>
      <object_component id="oc-80">
         <name>.debug_info</name>
         <load_address>0x23e4c</load_address>
         <run_address>0x23e4c</run_address>
         <size>0x133bb</size>
         <input_file_ref idref="fl-f"/>
      </object_component>
      <object_component id="oc-87">
         <name>.debug_info</name>
         <load_address>0x37207</load_address>
         <run_address>0x37207</run_address>
         <size>0x43c</size>
         <input_file_ref idref="fl-10"/>
      </object_component>
      <object_component id="oc-8c">
         <name>.debug_info</name>
         <load_address>0x37643</load_address>
         <run_address>0x37643</run_address>
         <size>0xd63</size>
         <input_file_ref idref="fl-11"/>
      </object_component>
      <object_component id="oc-91">
         <name>.debug_info</name>
         <load_address>0x383a6</load_address>
         <run_address>0x383a6</run_address>
         <size>0xb0a</size>
         <input_file_ref idref="fl-12"/>
      </object_component>
      <object_component id="oc-96">
         <name>.debug_info</name>
         <load_address>0x38eb0</load_address>
         <run_address>0x38eb0</run_address>
         <size>0x438</size>
         <input_file_ref idref="fl-13"/>
      </object_component>
      <object_component id="oc-9b">
         <name>.debug_info</name>
         <load_address>0x392e8</load_address>
         <run_address>0x392e8</run_address>
         <size>0x4cc</size>
         <input_file_ref idref="fl-14"/>
      </object_component>
      <object_component id="oc-a0">
         <name>.debug_info</name>
         <load_address>0x397b4</load_address>
         <run_address>0x397b4</run_address>
         <size>0x482f</size>
         <input_file_ref idref="fl-15"/>
      </object_component>
      <object_component id="oc-a6">
         <name>.debug_info</name>
         <load_address>0x3dfe3</load_address>
         <run_address>0x3dfe3</run_address>
         <size>0x1c37</size>
         <input_file_ref idref="fl-16"/>
      </object_component>
      <object_component id="oc-ab">
         <name>.debug_info</name>
         <load_address>0x3fc1a</load_address>
         <run_address>0x3fc1a</run_address>
         <size>0xa4cc</size>
         <input_file_ref idref="fl-17"/>
      </object_component>
      <object_component id="oc-b4">
         <name>.debug_info</name>
         <load_address>0x4a0e6</load_address>
         <run_address>0x4a0e6</run_address>
         <size>0xb79c</size>
         <input_file_ref idref="fl-18"/>
      </object_component>
      <object_component id="oc-b9">
         <name>.debug_info</name>
         <load_address>0x55882</load_address>
         <run_address>0x55882</run_address>
         <size>0x149d</size>
         <input_file_ref idref="fl-19"/>
      </object_component>
      <object_component id="oc-be">
         <name>.debug_info</name>
         <load_address>0x56d1f</load_address>
         <run_address>0x56d1f</run_address>
         <size>0x3e44</size>
         <input_file_ref idref="fl-1a"/>
      </object_component>
      <object_component id="oc-c3">
         <name>.debug_info</name>
         <load_address>0x5ab63</load_address>
         <run_address>0x5ab63</run_address>
         <size>0x436</size>
         <input_file_ref idref="fl-1b"/>
      </object_component>
      <object_component id="oc-c8">
         <name>.debug_info</name>
         <load_address>0x5af99</load_address>
         <run_address>0x5af99</run_address>
         <size>0x1050</size>
         <input_file_ref idref="fl-1c"/>
      </object_component>
      <object_component id="oc-cd">
         <name>.debug_info</name>
         <load_address>0x5bfe9</load_address>
         <run_address>0x5bfe9</run_address>
         <size>0x49e</size>
         <input_file_ref idref="fl-1d"/>
      </object_component>
      <object_component id="oc-d4">
         <name>.debug_info</name>
         <load_address>0x5c487</load_address>
         <run_address>0x5c487</run_address>
         <size>0x1d5</size>
         <input_file_ref idref="fl-1e"/>
      </object_component>
      <object_component id="oc-d7">
         <name>.debug_info</name>
         <load_address>0x5c65c</load_address>
         <run_address>0x5c65c</run_address>
         <size>0x4a42</size>
         <input_file_ref idref="fl-1f"/>
      </object_component>
      <object_component id="oc-dd">
         <name>.debug_info</name>
         <load_address>0x6109e</load_address>
         <run_address>0x6109e</run_address>
         <size>0x1443</size>
         <input_file_ref idref="fl-20"/>
      </object_component>
      <object_component id="oc-e3">
         <name>.debug_info</name>
         <load_address>0x624e1</load_address>
         <run_address>0x624e1</run_address>
         <size>0x114</size>
         <input_file_ref idref="fl-24"/>
      </object_component>
      <object_component id="oc-e8">
         <name>.debug_info</name>
         <load_address>0x625f5</load_address>
         <run_address>0x625f5</run_address>
         <size>0x114</size>
         <input_file_ref idref="fl-25"/>
      </object_component>
      <object_component id="oc-ed">
         <name>.debug_info</name>
         <load_address>0x62709</load_address>
         <run_address>0x62709</run_address>
         <size>0x114</size>
         <input_file_ref idref="fl-26"/>
      </object_component>
      <object_component id="oc-f2">
         <name>.debug_info</name>
         <load_address>0x6281d</load_address>
         <run_address>0x6281d</run_address>
         <size>0x11a</size>
         <input_file_ref idref="fl-27"/>
      </object_component>
      <object_component id="oc-f7">
         <name>.debug_info</name>
         <load_address>0x62937</load_address>
         <run_address>0x62937</run_address>
         <size>0xae</size>
         <input_file_ref idref="fl-5c"/>
      </object_component>
      <object_component id="oc-fc">
         <name>.debug_info</name>
         <load_address>0x629e5</load_address>
         <run_address>0x629e5</run_address>
         <size>0xae</size>
         <input_file_ref idref="fl-5e"/>
      </object_component>
      <object_component id="oc-100">
         <name>.debug_info</name>
         <load_address>0x62a93</load_address>
         <run_address>0x62a93</run_address>
         <size>0xac</size>
         <input_file_ref idref="fl-5f"/>
      </object_component>
      <object_component id="oc-104">
         <name>.debug_info</name>
         <load_address>0x62b3f</load_address>
         <run_address>0x62b3f</run_address>
         <size>0xb5</size>
         <input_file_ref idref="fl-60"/>
      </object_component>
      <object_component id="oc-109">
         <name>.debug_info</name>
         <load_address>0x62bf4</load_address>
         <run_address>0x62bf4</run_address>
         <size>0x173</size>
         <input_file_ref idref="fl-61"/>
      </object_component>
      <object_component id="oc-10d">
         <name>.debug_info</name>
         <load_address>0x62d67</load_address>
         <run_address>0x62d67</run_address>
         <size>0x467</size>
         <input_file_ref idref="fl-62"/>
      </object_component>
      <object_component id="oc-112">
         <name>.debug_info</name>
         <load_address>0x631ce</load_address>
         <run_address>0x631ce</run_address>
         <size>0x3aa</size>
         <input_file_ref idref="fl-63"/>
      </object_component>
      <object_component id="oc-117">
         <name>.debug_info</name>
         <load_address>0x63578</load_address>
         <run_address>0x63578</run_address>
         <size>0x3ad</size>
         <input_file_ref idref="fl-64"/>
      </object_component>
      <object_component id="oc-11c">
         <name>.debug_info</name>
         <load_address>0x63925</load_address>
         <run_address>0x63925</run_address>
         <size>0x434</size>
         <input_file_ref idref="fl-65"/>
      </object_component>
      <object_component id="oc-122">
         <name>.debug_info</name>
         <load_address>0x63d59</load_address>
         <run_address>0x63d59</run_address>
         <size>0x561</size>
         <input_file_ref idref="fl-66"/>
      </object_component>
      <object_component id="oc-127">
         <name>.debug_info</name>
         <load_address>0x642ba</load_address>
         <run_address>0x642ba</run_address>
         <size>0x544</size>
         <input_file_ref idref="fl-67"/>
      </object_component>
      <object_component id="oc-12e">
         <name>.debug_info</name>
         <load_address>0x647fe</load_address>
         <run_address>0x647fe</run_address>
         <size>0x4cc</size>
         <input_file_ref idref="fl-68"/>
      </object_component>
      <object_component id="oc-133">
         <name>.debug_info</name>
         <load_address>0x64cca</load_address>
         <run_address>0x64cca</run_address>
         <size>0x52e</size>
         <input_file_ref idref="fl-69"/>
      </object_component>
      <object_component id="oc-139">
         <name>.debug_info</name>
         <load_address>0x651f8</load_address>
         <run_address>0x651f8</run_address>
         <size>0x1c6</size>
         <input_file_ref idref="fl-6a"/>
      </object_component>
      <object_component id="oc-13d">
         <name>.debug_info</name>
         <load_address>0x653be</load_address>
         <run_address>0x653be</run_address>
         <size>0x43a</size>
         <input_file_ref idref="fl-6b"/>
      </object_component>
      <object_component id="oc-142">
         <name>.debug_info</name>
         <load_address>0x657f8</load_address>
         <run_address>0x657f8</run_address>
         <size>0x88a</size>
         <input_file_ref idref="fl-6c"/>
      </object_component>
      <object_component id="oc-148">
         <name>.debug_info</name>
         <load_address>0x66082</load_address>
         <run_address>0x66082</run_address>
         <size>0x4b8</size>
         <input_file_ref idref="fl-6d"/>
      </object_component>
      <object_component id="oc-14e">
         <name>.debug_info</name>
         <load_address>0x6653a</load_address>
         <run_address>0x6653a</run_address>
         <size>0x406</size>
         <input_file_ref idref="fl-6e"/>
      </object_component>
      <object_component id="oc-153">
         <name>.debug_info</name>
         <load_address>0x66940</load_address>
         <run_address>0x66940</run_address>
         <size>0x3db</size>
         <input_file_ref idref="fl-6f"/>
      </object_component>
      <object_component id="oc-1a5">
         <name>.debug_info</name>
         <load_address>0x66d1b</load_address>
         <run_address>0x66d1b</run_address>
         <size>0x108</size>
      </object_component>
      <object_component id="oc-4d">
         <name>.debug_abbrev</name>
         <load_address>0x0</load_address>
         <run_address>0x0</run_address>
         <size>0x21</size>
         <input_file_ref idref="fl-5"/>
      </object_component>
      <object_component id="oc-52">
         <name>.debug_abbrev</name>
         <load_address>0x21</load_address>
         <run_address>0x21</run_address>
         <size>0x18a</size>
         <input_file_ref idref="fl-6"/>
      </object_component>
      <object_component id="oc-57">
         <name>.debug_abbrev</name>
         <load_address>0x1ab</load_address>
         <run_address>0x1ab</run_address>
         <size>0xc0</size>
         <input_file_ref idref="fl-7"/>
      </object_component>
      <object_component id="oc-5c">
         <name>.debug_abbrev</name>
         <load_address>0x26b</load_address>
         <run_address>0x26b</run_address>
         <size>0x16b</size>
         <input_file_ref idref="fl-8"/>
      </object_component>
      <object_component id="oc-62">
         <name>.debug_abbrev</name>
         <load_address>0x3d6</load_address>
         <run_address>0x3d6</run_address>
         <size>0x112</size>
         <input_file_ref idref="fl-9"/>
      </object_component>
      <object_component id="oc-68">
         <name>.debug_abbrev</name>
         <load_address>0x4e8</load_address>
         <run_address>0x4e8</run_address>
         <size>0x214</size>
         <input_file_ref idref="fl-a"/>
      </object_component>
      <object_component id="oc-6f">
         <name>.debug_abbrev</name>
         <load_address>0x6fc</load_address>
         <run_address>0x6fc</run_address>
         <size>0x1d6</size>
         <input_file_ref idref="fl-b"/>
      </object_component>
      <object_component id="oc-74">
         <name>.debug_abbrev</name>
         <load_address>0x8d2</load_address>
         <run_address>0x8d2</run_address>
         <size>0xf0</size>
         <input_file_ref idref="fl-c"/>
      </object_component>
      <object_component id="oc-79">
         <name>.debug_abbrev</name>
         <load_address>0x9c2</load_address>
         <run_address>0x9c2</run_address>
         <size>0x157</size>
         <input_file_ref idref="fl-d"/>
      </object_component>
      <object_component id="oc-7e">
         <name>.debug_abbrev</name>
         <load_address>0xb19</load_address>
         <run_address>0xb19</run_address>
         <size>0x162</size>
         <input_file_ref idref="fl-e"/>
      </object_component>
      <object_component id="oc-85">
         <name>.debug_abbrev</name>
         <load_address>0xc7b</load_address>
         <run_address>0xc7b</run_address>
         <size>0x232</size>
         <input_file_ref idref="fl-f"/>
      </object_component>
      <object_component id="oc-8a">
         <name>.debug_abbrev</name>
         <load_address>0xead</load_address>
         <run_address>0xead</run_address>
         <size>0xc0</size>
         <input_file_ref idref="fl-10"/>
      </object_component>
      <object_component id="oc-8f">
         <name>.debug_abbrev</name>
         <load_address>0xf6d</load_address>
         <run_address>0xf6d</run_address>
         <size>0x127</size>
         <input_file_ref idref="fl-11"/>
      </object_component>
      <object_component id="oc-94">
         <name>.debug_abbrev</name>
         <load_address>0x1094</load_address>
         <run_address>0x1094</run_address>
         <size>0x100</size>
         <input_file_ref idref="fl-12"/>
      </object_component>
      <object_component id="oc-99">
         <name>.debug_abbrev</name>
         <load_address>0x1194</load_address>
         <run_address>0x1194</run_address>
         <size>0xc0</size>
         <input_file_ref idref="fl-13"/>
      </object_component>
      <object_component id="oc-9e">
         <name>.debug_abbrev</name>
         <load_address>0x1254</load_address>
         <run_address>0x1254</run_address>
         <size>0xc0</size>
         <input_file_ref idref="fl-14"/>
      </object_component>
      <object_component id="oc-a4">
         <name>.debug_abbrev</name>
         <load_address>0x1314</load_address>
         <run_address>0x1314</run_address>
         <size>0x189</size>
         <input_file_ref idref="fl-15"/>
      </object_component>
      <object_component id="oc-a9">
         <name>.debug_abbrev</name>
         <load_address>0x149d</load_address>
         <run_address>0x149d</run_address>
         <size>0x16b</size>
         <input_file_ref idref="fl-16"/>
      </object_component>
      <object_component id="oc-b2">
         <name>.debug_abbrev</name>
         <load_address>0x1608</load_address>
         <run_address>0x1608</run_address>
         <size>0x1cb</size>
         <input_file_ref idref="fl-17"/>
      </object_component>
      <object_component id="oc-b7">
         <name>.debug_abbrev</name>
         <load_address>0x17d3</load_address>
         <run_address>0x17d3</run_address>
         <size>0x174</size>
         <input_file_ref idref="fl-18"/>
      </object_component>
      <object_component id="oc-bc">
         <name>.debug_abbrev</name>
         <load_address>0x1947</load_address>
         <run_address>0x1947</run_address>
         <size>0x114</size>
[...]
      </symbol>
      <symbol id="sm-6ca">
         <name>FS$$DIV</name>
         <value>0xb2a6</value>
         <object_component_ref idref="oc-ec"/>
      </symbol>
      <symbol id="sm-6da">
         <name>FS$$TOFD</name>
         <value>0xb75b</value>
         <object_component_ref idref="oc-f1"/>
      </symbol>
      <symbol id="sm-6dc">
         <name>_CTRL_getVersion</name>
         <value>0x3fa721</value>
      </symbol>
      <symbol id="sm-6de">
         <name>_CTRL_initCtrl</name>
         <value>0x3fa6fb</value>
      </symbol>
      <symbol id="sm-6e0">
         <name>_CTRL_runTraj</name>
         <value>0x3fa5d1</value>
      </symbol>
      <symbol id="sm-6e2">
         <name>_CTRL_setEstParams</name>
         <value>0x3f9e64</value>
      </symbol>
      <symbol id="sm-6e4">
         <name>_CTRL_setUserMotorParams</name>
         <value>0x3f9d31</value>
      </symbol>
      <symbol id="sm-6e6">
         <name>_CTRL_setupCtrl</name>
         <value>0x3f9b43</value>
      </symbol>
      <symbol id="sm-6e8">
         <name>_CTRL_setupEstIdleState</name>
         <value>0x3f99a5</value>
      </symbol>
      <symbol id="sm-6ea">
         <name>_CTRL_setupEstOnLineState</name>
         <value>0x3f996a</value>
      </symbol>
      <symbol id="sm-6ec">
         <name>_CTRL_setupTraj</name>
         <value>0x3f9806</value>
      </symbol>
      <symbol id="sm-6ee">
         <name>_EST_computeDirection_qFmt</name>
         <value>0x3f86ad</value>
      </symbol>
      <symbol id="sm-6f0">
         <name>_EST_doCurrentCtrl</name>
         <value>0x3f9760</value>
      </symbol>
      <symbol id="sm-6f2">
         <name>_EST_doSpeedCtrl</name>
         <value>0x3f9758</value>
      </symbol>
      <symbol id="sm-6f4">
         <name>_EST_getAngle_pu</name>
         <value>0x3f8c0d</value>
      </symbol>
      <symbol id="sm-6f6">
         <name>_EST_getFlux_VpHz</name>
         <value>0x3f96be</value>
      </symbol>
      <symbol id="sm-6f8">
         <name>_EST_getFlux_pu</name>
         <value>0x3f96ab</value>
      </symbol>
      <symbol id="sm-6fa">
         <name>_EST_getFm_pu</name>
         <value>0x3f968e</value>
      </symbol>
      <symbol id="sm-6fc">
         <name>_EST_getIdRated</name>
         <value>0x3f9632</value>
      </symbol>
      <symbol id="sm-6fe">
         <name>_EST_getLs_coarse_max_pu</name>
         <value>0x3f95ff</value>
      </symbol>
      <symbol id="sm-700">
         <name>_EST_getLs_d_H</name>
         <value>0x3f95f5</value>
      </symbol>
      <symbol id="sm-702">
         <name>_EST_getLs_d_pu</name>
         <value>0x3f95f0</value>
      </symbol>
      <symbol id="sm-704">
         <name>_EST_getLs_q_H</name>
         <value>0x3f95ce</value>
      </symbol>
      <symbol id="sm-706">
         <name>_EST_getLs_q_pu</name>
         <value>0x3f95c9</value>
      </symbol>
      <symbol id="sm-708">
         <name>_EST_getMaxCurrentSlope_pu</name>
         <value>0x3f95bd</value>
      </symbol>
      <symbol id="sm-70a">
         <name>_EST_getOneOverDcBus_pu</name>
         <value>0x3f95b3</value>
      </symbol>
      <symbol id="sm-70c">
         <name>_EST_getRr_Ohm</name>
         <value>0x3f95ad</value>
      </symbol>
      <symbol id="sm-70e">
         <name>_EST_getRs_Ohm</name>
         <value>0x3f9513</value>
      </symbol>
      <symbol id="sm-710">
         <name>_EST_getSpeed_krpm</name>
         <value>0x3f94c6</value>
      </symbol>
      <symbol id="sm-712">
         <name>_EST_getState</name>
         <value>0x3f861b</value>
      </symbol>
      <symbol id="sm-714">
         <name>_EST_get_krpm_to_pu_sf</name>
         <value>0x3f9458</value>
      </symbol>
      <symbol id="sm-716">
         <name>_EST_get_pu_to_krpm_sf</name>
         <value>0x3f9453</value>
      </symbol>
      <symbol id="sm-718">
         <name>_EST_isError</name>
         <value>0x3f938d</value>
      </symbol>
      <symbol id="sm-71a">
         <name>_EST_isIdle</name>
         <value>0x3f9386</value>
      </symbol>
      <symbol id="sm-71c">
         <name>_EST_isLockRotor</name>
         <value>0x3f937f</value>
      </symbol>
      <symbol id="sm-71e">
         <name>_EST_isMotorIdentified</name>
         <value>0x3f8679</value>
      </symbol>
      <symbol id="sm-720">
         <name>_EST_isOnLine</name>
         <value>0x3f9378</value>
      </symbol>
      <symbol id="sm-722">
         <name>_EST_run</name>
         <value>0x3f927b</value>
      </symbol>
      <symbol id="sm-724">
         <name>_EST_setDir_qFmt</name>
         <value>0x3f8bf5</value>
      </symbol>
      <symbol id="sm-726">
         <name>_EST_setFe_neg_max_pu</name>
         <value>0x3f8be8</value>
      </symbol>
      <symbol id="sm-728">
         <name>_EST_setFe_pos_min_pu</name>
         <value>0x3f8be4</value>
      </symbol>
      <symbol id="sm-72a">
         <name>_EST_setFlag_enableForceAngle</name>
         <value>0x3f8bdb</value>
      </symbol>
      <symbol id="sm-72c">
         <name>_EST_setId_ref_pu</name>
         <value>0x3f8b80</value>
      </symbol>
      <symbol id="sm-72e">
         <name>_EST_setIdle</name>
         <value>0x3f8b7a</value>
      </symbol>
      <symbol id="sm-730">
         <name>_EST_setIdle_all</name>
         <value>0x3f8b67</value>
      </symbol>
      <symbol id="sm-732">
         <name>_EST_setIq_ref_pu</name>
         <value>0x3f8b63</value>
      </symbol>
      <symbol id="sm-734">
         <name>_EST_setLs_d_pu</name>
         <value>0x3f8b45</value>
      </symbol>
      <symbol id="sm-736">
         <name>_EST_setLs_qFmt</name>
         <value>0x3f8af1</value>
      </symbol>
      <symbol id="sm-738">
         <name>_EST_setLs_q_pu</name>
         <value>0x3f8ae7</value>
      </symbol>
      <symbol id="sm-73a">
         <name>_EST_setMaxCurrentSlope_pu</name>
         <value>0x3f8adb</value>
      </symbol>
      <symbol id="sm-73c">
         <name>_EST_setRs_pu</name>
         <value>0x3f8a18</value>
      </symbol>
      <symbol id="sm-73e">
         <name>_EST_updateId_ref_pu</name>
         <value>0x3f89f5</value>
      </symbol>
      <symbol id="sm-740">
         <name>_EST_updateState</name>
         <value>0x3f8713</value>
      </symbol>
      <symbol id="sm-742">
         <name>_EST_useZeroIq_ref</name>
         <value>0x3f861d</value>
      </symbol>
      <symbol id="sm-74b">
         <name>__IQ24cosPU</name>
         <value>0xbad3</value>
         <object_component_ref idref="oc-f6"/>
      </symbol>
      <symbol id="sm-74f">
         <name>_IQ4mpyRndSatTable</name>
         <value>0x3fe750</value>
         <object_component_ref idref="oc-fa"/>
      </symbol>
      <symbol id="sm-750">
         <name>_IQ5mpyRndSatTable</name>
         <value>0x3fe744</value>
         <object_component_ref idref="oc-fa"/>
      </symbol>
      <symbol id="sm-751">
         <name>_IQatan2Table</name>
         <value>0x3fe492</value>
         <object_component_ref idref="oc-fa"/>
      </symbol>
      <symbol id="sm-752">
         <name>_IQisqrtTableEnd</name>
         <value>0x3fe454</value>
         <object_component_ref idref="oc-fa"/>
      </symbol>
      <symbol id="sm-753">
         <name>_IQ8mpyRndSatTable</name>
         <value>0x3fe720</value>
         <object_component_ref idref="oc-fa"/>
      </symbol>
      <symbol id="sm-754">
         <name>_IQ9mpyRndSatTable</name>
         <value>0x3fe714</value>
         <object_component_ref idref="oc-fa"/>
      </symbol>
      <symbol id="sm-755">
         <name>_IQsqrtTable</name>
         <value>0x3fe352</value>
         <object_component_ref idref="oc-fa"/>
      </symbol>
      <symbol id="sm-756">
         <name>_IQcosTableEnd</name>
         <value>0x3fe132</value>
         <object_component_ref idref="oc-fa"/>
      </symbol>
      <symbol id="sm-757">
         <name>_IQatan2HalfPITable</name>
         <value>0x3fe454</value>
         <object_component_ref idref="oc-fa"/>
      </symbol>
      <symbol id="sm-758">
         <name>_IQisqrtTable</name>
         <value>0x3fe352</value>
         <object_component_ref idref="oc-fa"/>
      </symbol>
      <symbol id="sm-759">
         <name>_IQsqrtRoundSatTable</name>
         <value>0x3fe342</value>
         <object_component_ref idref="oc-fa"/>
      </symbol>
      <symbol id="sm-75a">
         <name>_IQsqrtTableEnd</name>
         <value>0x3fe454</value>
         <object_component_ref idref="oc-fa"/>
      </symbol>
      <symbol id="sm-75b">
         <name>_IQ30mpyRndSatTable</name>
         <value>0x3fe618</value>
         <object_component_ref idref="oc-fa"/>
      </symbol>
      <symbol id="sm-75c">
         <name>_IQ17mpyRndSatTable</name>
         <value>0x3fe6b4</value>
         <object_component_ref idref="oc-fa"/>
      </symbol>
      <symbol id="sm-75d">
         <name>_IQ16mpyRndSatTable</name>
         <value>0x3fe6c0</value>
         <object_component_ref idref="oc-fa"/>
      </symbol>
      <symbol id="sm-75e">
         <name>_IQ15mpyRndSatTable</name>
         <value>0x3fe6cc</value>
         <object_component_ref idref="oc-fa"/>
      </symbol>
      <symbol id="sm-75f">
         <name>_IQ14mpyRndSatTable</name>
         <value>0x3fe6d8</value>
         <object_component_ref idref="oc-fa"/>
      </symbol>
      <symbol id="sm-760">
         <name>_IQ13mpyRndSatTable</name>
         <value>0x3fe6e4</value>
         <object_component_ref idref="oc-fa"/>
      </symbol>
      <symbol id="sm-761">
         <name>_IQmpyRndSatTable</name>
         <value>0x3fe618</value>
         <object_component_ref idref="oc-fa"/>
      </symbol>
      <symbol id="sm-762">
         <name>_IQ12mpyRndSatTable</name>
         <value>0x3fe6f0</value>
         <object_component_ref idref="oc-fa"/>
      </symbol>
      <symbol id="sm-763">
         <name>_IQdivRoundSatTable</name>
         <value>0x3fe132</value>
         <object_component_ref idref="oc-fa"/>
      </symbol>
      <symbol id="sm-764">
         <name>_IQisqrtRoundSatTable</name>
         <value>0x3fe342</value>
         <object_component_ref idref="oc-fa"/>
      </symbol>
      <symbol id="sm-765">
         <name>_IQ11mpyRndSatTable</name>
         <value>0x3fe6fc</value>
         <object_component_ref idref="oc-fa"/>
      </symbol>
      <symbol id="sm-766">
         <name>_IQcosTable</name>
         <value>0x3fdd30</value>
         <object_component_ref idref="oc-fa"/>
      </symbol>
      <symbol id="sm-767">
         <name>_IQ10mpyRndSatTable</name>
         <value>0x3fe708</value>
         <object_component_ref idref="oc-fa"/>
      </symbol>
      <symbol id="sm-768">
         <name>_IQmpyRndSatTableEnd</name>
         <value>0x3fe780</value>
         <object_component_ref idref="oc-fa"/>
      </symbol>
      <symbol id="sm-769">
         <name>_IQ19mpyRndSatTable</name>
         <value>0x3fe69c</value>
         <object_component_ref idref="oc-fa"/>
      </symbol>
      <symbol id="sm-76a">
         <name>_IQ27mpyRndSatTable</name>
         <value>0x3fe63c</value>
         <object_component_ref idref="oc-fa"/>
      </symbol>
      <symbol id="sm-76b">
         <name>_IQ18mpyRndSatTable</name>
         <value>0x3fe6a8</value>
         <object_component_ref idref="oc-fa"/>
      </symbol>
      <symbol id="sm-76c">
         <name>_IQ26mpyRndSatTable</name>
         <value>0x3fe648</value>
         <object_component_ref idref="oc-fa"/>
      </symbol>
      <symbol id="sm-76d">
         <name>_IQ25mpyRndSatTable</name>
         <value>0x3fe654</value>
         <object_component_ref idref="oc-fa"/>
      </symbol>
      <symbol id="sm-76e">
         <name>_IQsinTable</name>
         <value>0x3fdc30</value>
         <object_component_ref idref="oc-fa"/>
      </symbol>
      <symbol id="sm-76f">
         <name>_IQ24mpyRndSatTable</name>
         <value>0x3fe660</value>
         <object_component_ref idref="oc-fa"/>
      </symbol>
      <symbol id="sm-770">
         <name>_IQdivTableEnd</name>
         <value>0x3fe342</value>
         <object_component_ref idref="oc-fa"/>
      </symbol>
      <symbol id="sm-771">
         <name>_IQ23mpyRndSatTable</name>
         <value>0x3fe66c</value>
         <object_component_ref idref="oc-fa"/>
      </symbol>
      <symbol id="sm-772">
         <name>_IQ22mpyRndSatTable</name>
         <value>0x3fe678</value>
         <object_component_ref idref="oc-fa"/>
      </symbol>
      <symbol id="sm-773">
         <name>_IQ21mpyRndSatTable</name>
         <value>0x3fe684</value>
         <object_component_ref idref="oc-fa"/>
      </symbol>
      <symbol id="sm-774">
         <name>_IQ20mpyRndSatTable</name>
         <value>0x3fe690</value>
         <object_component_ref idref="oc-fa"/>
      </symbol>
      <symbol id="sm-775">
         <name>_IQsinTableEnd</name>
         <value>0x3fe030</value>
         <object_component_ref idref="oc-fa"/>
      </symbol>
      <symbol id="sm-776">
         <name>_IQdivTable</name>
         <value>0x3fe140</value>
         <object_component_ref idref="oc-fa"/>
      </symbol>
      <symbol id="sm-777">
         <name>_IQ2mpyRndSatTable</name>
         <value>0x3fe768</value>
         <object_component_ref idref="oc-fa"/>
      </symbol>
      <symbol id="sm-778">
         <name>_IQ3mpyRndSatTable</name>
         <value>0x3fe75c</value>
         <object_component_ref idref="oc-fa"/>
      </symbol>
      <symbol id="sm-779">
         <name>_IQ1mpyRndSatTable</name>
         <value>0x3fe774</value>
         <object_component_ref idref="oc-fa"/>
      </symbol>
      <symbol id="sm-77a">
         <name>_IQ29mpyRndSatTable</name>
         <value>0x3fe624</value>
         <object_component_ref idref="oc-fa"/>
      </symbol>
      <symbol id="sm-77b">
         <name>_IQ6mpyRndSatTable</name>
         <value>0x3fe738</value>
         <object_component_ref idref="oc-fa"/>
      </symbol>
      <symbol id="sm-77c">
         <name>_IQatan2TableEnd</name>
         <value>0x3fe618</value>
         <object_component_ref idref="oc-fa"/>
      </symbol>
      <symbol id="sm-77d">
         <name>_IQ28mpyRndSatTable</name>
         <value>0x3fe630</value>
         <object_component_ref idref="oc-fa"/>
      </symbol>
      <symbol id="sm-77e">
         <name>_IQ7mpyRndSatTable</name>
         <value>0x3fe72c</value>
         <object_component_ref idref="oc-fa"/>
      </symbol>
      <symbol id="sm-787">
         <name>__IQ24sinPU</name>
         <value>0xbaaa</value>
         <object_component_ref idref="oc-fb"/>
      </symbol>
      <symbol id="sm-78f">
         <name>__IQ24sqrt</name>
         <value>0xba68</value>
         <object_component_ref idref="oc-ff"/>
      </symbol>
      <symbol id="sm-797">
         <name>__IQ30toF</name>
         <value>0xbafa</value>
         <object_component_ref idref="oc-103"/>
      </symbol>
      <symbol id="sm-7b2">
         <name>_c_int00</name>
         <value>0xb4bc</value>
         <object_component_ref idref="oc-14"/>
      </symbol>
      <symbol id="sm-7b3">
         <name>__stack</name>
         <value>0x400</value>
         <object_component_ref idref="oc-107"/>
      </symbol>
      <symbol id="sm-7c2">
         <name>__args_main</name>
         <value>0xb777</value>
         <object_component_ref idref="oc-15b"/>
      </symbol>
      <symbol id="sm-7d0">
         <name>__system_post_cinit</name>
         <value>0xb127</value>
         <object_component_ref idref="oc-15a"/>
      </symbol>
      <symbol id="sm-7dd">
         <name>__system_pre_init</name>
         <value>0xb7b5</value>
         <object_component_ref idref="oc-158"/>
      </symbol>
      <symbol id="sm-7f4">
         <name>_ceilf</name>
         <value>0xb40c</value>
         <object_component_ref idref="oc-17d"/>
      </symbol>
      <symbol id="sm-7f6">
         <name>_ceil</name>
         <value>0xb40c</value>
         <object_component_ref idref="oc-17d"/>
      </symbol>
      <symbol id="sm-805">
         <name>_copy_in</name>
         <value>0xb6db</value>
         <object_component_ref idref="oc-159"/>
      </symbol>
      <symbol id="sm-81a">
         <name>C$$EXIT</name>
         <value>0xb641</value>
         <object_component_ref idref="oc-15c"/>
      </symbol>
      <symbol id="sm-81b">
         <name>_exit</name>
         <value>0xb643</value>
         <object_component_ref idref="oc-15c"/>
      </symbol>
      <symbol id="sm-81d">
         <name>___TI_cleanup_ptr</name>
         <value>0xb7ba</value>
         <object_component_ref idref="oc-129"/>
      </symbol>
      <symbol id="sm-81e">
         <name>___TI_enable_exit_profile_output</name>
         <value>0xb7b8</value>
         <object_component_ref idref="oc-129"/>
      </symbol>
      <symbol id="sm-81f">
         <name>_abort</name>
         <value>0xb641</value>
         <object_component_ref idref="oc-15c"/>
      </symbol>
      <symbol id="sm-821">
         <name>___TI_dtors_ptr</name>
         <value>0xb7bc</value>
         <object_component_ref idref="oc-129"/>
      </symbol>
      <symbol id="sm-835">
         <name>__unlock</name>
         <value>0xb9ac</value>
         <object_component_ref idref="oc-17f"/>
      </symbol>
      <symbol id="sm-836">
         <name>__lock</name>
         <value>0xb7be</value>
         <object_component_ref idref="oc-161"/>
      </symbol>
      <symbol id="sm-837">
         <name>__register_lock</name>
         <value>0xb7a8</value>
         <object_component_ref idref="oc-16b"/>
      </symbol>
      <symbol id="sm-839">
         <name>__nop</name>
         <value>0xb7ac</value>
         <object_component_ref idref="oc-16b"/>
      </symbol>
      <symbol id="sm-83b">
         <name>__register_unlock</name>
         <value>0xb7a4</value>
         <object_component_ref idref="oc-16b"/>
      </symbol>
      <symbol id="sm-862">
         <name>_logf</name>
         <value>0xaefd</value>
         <object_component_ref idref="oc-17c"/>
      </symbol>
      <symbol id="sm-864">
         <name>_log</name>
         <value>0xaefd</value>
         <object_component_ref idref="oc-17c"/>
      </symbol>
      <symbol id="sm-86e">
         <name>_errno</name>
         <value>0xb9b1</value>
         <object_component_ref idref="oc-13b"/>
      </symbol>
      <symbol id="sm-87f">
         <name>_memcpy</name>
         <value>0xb73e</value>
         <object_component_ref idref="oc-15f"/>
      </symbol>
      <symbol id="sm-8d8">
         <name>_powf</name>
         <value>0xa048</value>
         <object_component_ref idref="oc-17e"/>
      </symbol>
      <symbol id="sm-8da">
         <name>_pow</name>
         <value>0xa048</value>
         <object_component_ref idref="oc-17e"/>
      </symbol>
      <symbol id="sm-8f2">
         <name>_scalbn</name>
         <value>0xb464</value>
         <object_component_ref idref="oc-185"/>
      </symbol>
      <symbol id="sm-8f3">
         <name>_ldexp</name>
         <value>0xb464</value>
         <object_component_ref idref="oc-185"/>
      </symbol>
      <symbol id="sm-8f4">
         <name>_scalbnf</name>
         <value>0xb464</value>
         <object_component_ref idref="oc-185"/>
      </symbol>
      <symbol id="sm-8f6">
         <name>_ldexpf</name>
         <value>0xb464</value>
         <object_component_ref idref="oc-185"/>
      </symbol>
      <symbol id="sm-902">
         <name>_copysignf</name>
         <value>0xb789</value>
         <object_component_ref idref="oc-186"/>
      </symbol>
      <symbol id="sm-904">
         <name>_copysign</name>
         <value>0xb789</value>
         <object_component_ref idref="oc-186"/>
      </symbol>
      <symbol id="sm-914">
         <name>_sqrtf</name>
         <value>0xb66a</value>
         <object_component_ref idref="oc-181"/>
      </symbol>
      <symbol id="sm-916">
         <name>_sqrt</name>
         <value>0xb66a</value>
         <object_component_ref idref="oc-181"/>
      </symbol>
   </symbol_table>
   <title>Link successful</title>
</link_info>
